Component: ARM Compiler 5.06 update 6 (build 750) Tool: armlink [4d35ed]

==============================================================================

Section Cross References

    startup_stm32f072xb.o(STACK) refers (Special) to heapauxi.o(.text) for __use_two_region_memory
    startup_stm32f072xb.o(HEAP) refers (Special) to heapauxi.o(.text) for __use_two_region_memory
    startup_stm32f072xb.o(RESET) refers (Special) to heapauxi.o(.text) for __use_two_region_memory
    startup_stm32f072xb.o(RESET) refers to startup_stm32f072xb.o(STACK) for __initial_sp
    startup_stm32f072xb.o(RESET) refers to startup_stm32f072xb.o(.text) for Reset_Handler
    startup_stm32f072xb.o(RESET) refers to stm32f0xx_it.o(i.NMI_Handler) for NMI_Handler
    startup_stm32f072xb.o(RESET) refers to stm32f0xx_it.o(i.HardFault_Handler) for HardFault_Handler
    startup_stm32f072xb.o(RESET) refers to stm32f0xx_it.o(i.SVC_Handler) for SVC_Handler
    startup_stm32f072xb.o(RESET) refers to stm32f0xx_it.o(i.PendSV_Handler) for PendSV_Handler
    startup_stm32f072xb.o(RESET) refers to stm32f0xx_it.o(i.SysTick_Handler) for SysTick_Handler
    startup_stm32f072xb.o(RESET) refers to adc_bsp.o(i.DMA1_Channel1_IRQHandler) for DMA1_Channel1_IRQHandler
    startup_stm32f072xb.o(RESET) refers to usart_bsp.o(i.DMA1_Channel2_3_IRQHandler) for DMA1_Channel2_3_IRQHandler
    startup_stm32f072xb.o(RESET) refers to adc_bsp.o(i.ADC1_COMP_IRQHandler) for ADC1_COMP_IRQHandler
    startup_stm32f072xb.o(RESET) refers to usart_bsp.o(i.USART1_IRQHandler) for USART1_IRQHandler
    startup_stm32f072xb.o(.text) refers (Special) to heapauxi.o(.text) for __use_two_region_memory
    startup_stm32f072xb.o(.text) refers to system_stm32f0xx.o(i.SystemInit) for SystemInit
    startup_stm32f072xb.o(.text) refers to __main.o(!!!main) for __main
    startup_stm32f072xb.o(.text) refers to startup_stm32f072xb.o(HEAP) for Heap_Mem
    startup_stm32f072xb.o(.text) refers to startup_stm32f072xb.o(STACK) for Stack_Mem
    main.o(i.SystemClock_Config) refers to rt_memclr.o(.text) for __aeabi_memclr4
    main.o(i.SystemClock_Config) refers to stm32f0xx_hal_rcc.o(i.HAL_RCC_OscConfig) for HAL_RCC_OscConfig
    main.o(i.SystemClock_Config) refers to main.o(i.Error_Handler) for Error_Handler
    main.o(i.SystemClock_Config) refers to stm32f0xx_hal_rcc.o(i.HAL_RCC_ClockConfig) for HAL_RCC_ClockConfig
    main.o(i.SystemClock_Config) refers to stm32f0xx_hal_rcc_ex.o(i.HAL_RCCEx_PeriphCLKConfig) for HAL_RCCEx_PeriphCLKConfig
    main.o(i.main) refers to rt_memcpy.o(.emb_text) for __aeabi_memcpy4
    main.o(i.main) refers to stm32f0xx_hal.o(i.HAL_GetTick) for HAL_GetTick
    main.o(i.main) refers to stm32f0xx_hal.o(i.HAL_Init) for HAL_Init
    main.o(i.main) refers to main.o(i.SystemClock_Config) for SystemClock_Config
    main.o(i.main) refers to in_memory_app.o(i.Check_Device_Param) for Check_Device_Param
    main.o(i.main) refers to picocap_app.o(i.DataFilterParam_Init) for DataFilterParam_Init
    main.o(i.main) refers to picocap_app.o(i.DataConvertParam_Init) for DataConvertParam_Init
    main.o(i.main) refers to adc_app.o(i.Sensor_ADC_TemperParam_Init) for Sensor_ADC_TemperParam_Init
    main.o(i.main) refers to picocap.o(i.PCap_Init) for PCap_Init
    main.o(i.main) refers to adc_app.o(i.Sensor_ADC_Init) for Sensor_ADC_Init
    main.o(i.main) refers to dac_bsp.o(i.BSP_DAC_Init) for BSP_DAC_Init
    main.o(i.main) refers to iwdg_bsp.o(i.BSP_IWDG_Init) for BSP_IWDG_Init
    main.o(i.main) refers to modbus.o(i.ModBus_Init) for ModBus_Init
    main.o(i.main) refers to iwdg_bsp.o(i.BSP_IWDG_Refresh) for BSP_IWDG_Refresh
    main.o(i.main) refers to usart_app.o(i.Sensor_USART_Get_RX_Updata_Flag) for Sensor_USART_Get_RX_Updata_Flag
    main.o(i.main) refers to modbus.o(i.ModbusHandle) for ModbusHandle
    main.o(i.main) refers to usart_app.o(i.Sensor_USART_Clear_RX_Updata_Flag) for Sensor_USART_Clear_RX_Updata_Flag
    main.o(i.main) refers to picocap_app.o(i.Sensor_PCap_GetResult) for Sensor_PCap_GetResult
    main.o(i.main) refers to picocap_app.o(i.Sensor_DataFilter) for Sensor_DataFilter
    main.o(i.main) refers to picocap_app.o(i.Sensor_PCap_DataConvert) for Sensor_PCap_DataConvert
    main.o(i.main) refers to dac_bsp.o(i.BSP_DAC_Convert) for BSP_DAC_Convert
    main.o(i.main) refers to adc_app.o(i.Sensor_ADC_Get_Updata_Flag) for Sensor_ADC_Get_Updata_Flag
    main.o(i.main) refers to adc_app.o(i.Sensor_ADC_Get_TemperData) for Sensor_ADC_Get_TemperData
    main.o(i.main) refers to adc_app.o(i.Sensor_ADC_Clean_Updata_Flag) for Sensor_ADC_Clean_Updata_Flag
    main.o(i.main) refers to modbus.o(i.SensorEvent) for SensorEvent
    main.o(i.main) refers to main.o(.ARM.__AT_0x20000000) for VectorTable
    stm32f0xx_it.o(i.SysTick_Handler) refers to stm32f0xx_hal.o(i.HAL_IncTick) for HAL_IncTick
    adc_app.o(i.HAL_ADC_ConvCpltCallback) refers to adc_bsp.o(i.BSP_ADC_DMA_Disable_IT) for BSP_ADC_DMA_Disable_IT
[...]
    i.Sensor_ADC_Init                        0x080092f8   Section        0  adc_app.o(i.Sensor_ADC_Init)
    i.Sensor_ADC_TemperParam_Init            0x0800930c   Section        0  adc_app.o(i.Sensor_ADC_TemperParam_Init)
    i.Sensor_DataFilter                      0x080093ec   Section        0  picocap_app.o(i.Sensor_DataFilter)
    i.Sensor_PCap_DataConvert                0x080095f0   Section        0  picocap_app.o(i.Sensor_PCap_DataConvert)
    i.Sensor_PCap_GetResult                  0x080097e8   Section        0  picocap_app.o(i.Sensor_PCap_GetResult)
    i.Sensor_USART_Clear_RX_Updata_Flag      0x0800982c   Section        0  usart_app.o(i.Sensor_USART_Clear_RX_Updata_Flag)
    i.Sensor_USART_Clear_TX_Cplt_Flag        0x08009838   Section        0  usart_app.o(i.Sensor_USART_Clear_TX_Cplt_Flag)
    i.Sensor_USART_GetReceData               0x08009844   Section        0  usart_app.o(i.Sensor_USART_GetReceData)
    i.Sensor_USART_Get_RX_Updata_Flag        0x080098cc   Section        0  usart_app.o(i.Sensor_USART_Get_RX_Updata_Flag)
    i.Sensor_USART_Get_TX_Cplt_Flag          0x080098d8   Section        0  usart_app.o(i.Sensor_USART_Get_TX_Cplt_Flag)
    i.Sensor_USART_Init                      0x080098e4   Section        0  usart_app.o(i.Sensor_USART_Init)
    i.SortArrayExtreme                       0x0800999c   Section        0  typeconvert.o(i.SortArrayExtreme)
    i.SwitchCurFilter                        0x08009a18   Section        0  picocap_app.o(i.SwitchCurFilter)
    i.SysTick_Handler                        0x08009aa0   Section        0  stm32f0xx_it.o(i.SysTick_Handler)
    i.SystemClock_Config                     0x08009aa8   Section        0  main.o(i.SystemClock_Config)
    i.SystemInit                             0x08009b30   Section        0  system_stm32f0xx.o(i.SystemInit)
    i.UART_AdvFeatureConfig                  0x08009b32   Section        0  stm32f0xx_hal_uart.o(i.UART_AdvFeatureConfig)
    i.UART_CheckIdleState                    0x08009c24   Section        0  stm32f0xx_hal_uart.o(i.UART_CheckIdleState)
    i.UART_DMAError                          0x08009c94   Section        0  stm32f0xx_hal_uart.o(i.UART_DMAError)
    UART_DMAError                            0x08009c95   Thumb Code    82  stm32f0xx_hal_uart.o(i.UART_DMAError)
    i.UART_DMAReceiveCplt                    0x08009ce6   Section        0  stm32f0xx_hal_uart.o(i.UART_DMAReceiveCplt)
    UART_DMAReceiveCplt                      0x08009ce7   Thumb Code    68  stm32f0xx_hal_uart.o(i.UART_DMAReceiveCplt)
    i.UART_DMARxHalfCplt                     0x08009d2a   Section        0  stm32f0xx_hal_uart.o(i.UART_DMARxHalfCplt)
    UART_DMARxHalfCplt                       0x08009d2b   Thumb Code    14  stm32f0xx_hal_uart.o(i.UART_DMARxHalfCplt)
    i.UART_DMATransmitCplt                   0x08009d38   Section        0  stm32f0xx_hal_uart.o(i.UART_DMATransmitCplt)
    UART_DMATransmitCplt                     0x08009d39   Thumb Code    52  stm32f0xx_hal_uart.o(i.UART_DMATransmitCplt)
    i.UART_DMATxHalfCplt                     0x08009d6c   Section        0  stm32f0xx_hal_uart.o(i.UART_DMATxHalfCplt)
    UART_DMATxHalfCplt                       0x08009d6d   Thumb Code    14  stm32f0xx_hal_uart.o(i.UART_DMATxHalfCplt)
    i.UART_EndRxTransfer                     0x08009d7a   Section        0  stm32f0xx_hal_uart.o(i.UART_EndRxTransfer)
    UART_EndRxTransfer                       0x08009d7b   Thumb Code    36  stm32f0xx_hal_uart.o(i.UART_EndRxTransfer)
    i.UART_EndTxTransfer                     0x08009d9e   Section        0  stm32f0xx_hal_uart.o(i.UART_EndTxTransfer)
    UART_EndTxTransfer                       0x08009d9f   Thumb Code    18  stm32f0xx_hal_uart.o(i.UART_EndTxTransfer)
    i.UART_SetConfig                         0x08009db0   Section        0  stm32f0xx_hal_uart.o(i.UART_SetConfig)
    i.UART_WaitOnFlagUntilTimeout            0x08009fe4   Section        0  stm32f0xx_hal_uart.o(i.UART_WaitOnFlagUntilTimeout)
    i.USART1_IRQHandler                      0x0800a0a0   Section        0  usart_bsp.o(i.USART1_IRQHandler)
    i._485_RE_DE_GPIO_Init                   0x0800a180   Section        0  usart_app.o(i._485_RE_DE_GPIO_Init)
    _485_RE_DE_GPIO_Init                     0x0800a181   Thumb Code    86  usart_app.o(i._485_RE_DE_GPIO_Init)
    i.__ARM_common_ll_muluu                  0x0800a1dc   Section        0  stm32f0xx_hal_rcc.o(i.__ARM_common_ll_muluu)
    i.__ARM_common_switch8                   0x0800a20c   Section        0  usart_app.o(i.__ARM_common_switch8)
    i.__NVIC_SetPriority                     0x0800a228   Section        0  stm32f0xx_hal_cortex.o(i.__NVIC_SetPriority)
    __NVIC_SetPriority                       0x0800a229   Thumb Code   110  stm32f0xx_hal_cortex.o(i.__NVIC_SetPriority)
    i.main                                   0x0800a2a0   Section        0  main.o(i.main)
    x$fpl$dleqf                              0x0800a3b4   Section      100  dlef.o(x$fpl$dleqf)
    x$fpl$drleqf                             0x0800a418   Section      104  drlef.o(x$fpl$drleqf)
    x$fpl$fadd                               0x0800a480   Section      140  faddsub.o(x$fpl$fadd)
    _fadd1                                   0x0800a48d   Thumb Code     0  faddsub.o(x$fpl$fadd)
    x$fpl$fleqf                              0x0800a50c   Section       84  flef.o(x$fpl$fleqf)
    x$fpl$fmul                               0x0800a560   Section      176  fmul.o(x$fpl$fmul)
    x$fpl$frleqf                             0x0800a610   Section       88  frlef.o(x$fpl$frleqf)
    x$fpl$fsub                               0x0800a668   Section      208  faddsub.o(x$fpl$fsub)
    _fsub1                                   0x0800a675   Thumb Code     0  faddsub.o(x$fpl$fsub)
    .constdata                               0x0800a738   Section       60  in_memory_app.o(.constdata)
    x$fpl$usenofp                            0x0800a738   Section        0  usenofp.o(x$fpl$usenofp)
    .constdata                               0x0800a774   Section     1028  picocap.o(.constdata)
    .constdata                               0x0800ab78   Section      512  modbus_rtu.o(.constdata)
    .constdata                               0x0800ad78   Section       24  system_stm32f0xx.o(.constdata)
    .constdata                               0x0800ad90   Section      128  ddiv.o(.constdata)
    ddiv_reciptbl                            0x0800ad90   Data         128  ddiv.o(.constdata)
    .constdata                               0x0800ae10   Section       64  fdiv.o(.constdata)
    fdiv_tab                                 0x0800ae10   Data          64  fdiv.o(.constdata)
    .ARM.__AT_0x20000000                     0x20000000   Section      192  main.o(.ARM.__AT_0x20000000)
    .data                                    0x200000c0   Section        1  adc_app.o(.data)
    ADC_Updata_Flag                          0x200000c0   Data           1  adc_app.o(.data)
    .data                                    0x200000c2   Section        7  usart_app.o(.data)
    RX_Len                                   0x200000c2   Data           2  usart_app.o(.data)
    Used_RX_Len                              0x200000c4   Data           2  usart_app.o(.data)
    RX_OverRun_Flag                          0x200000c6   Data           1  usart_app.o(.data)
    TX_Cplt_Flag                             0x200000c7   Data           1  usart_app.o(.data)
    RX_Updata_Flag                           0x200000c8   Data           1  usart_app.o(.data)
    .data                                    0x200000c9   Section        1  picocap_app.o(.data)
    DataResBuf_Count                         0x200000c9   Data           1  picocap_app.o(.data)
    .data                                    0x200000cc   Section        4  modbus.o(.data)
    Old_Tick                                 0x200000cc   Data           4  modbus.o(.data)
    .data                                    0x200000d0   Section       34  modbus_conf.o(.data)
    Calib_CapMin                             0x200000d0   Data           4  modbus_conf.o(.data)
    Calib_CapMax                             0x200000d4   Data           4  modbus_conf.o(.data)
    Calib_CapDAMin                           0x200000d8   Data           2  modbus_conf.o(.data)
    Calib_CapDALow                           0x200000da   Data           2  modbus_conf.o(.data)
    Calib_CapDAHigh                          0x200000dc   Data           2  modbus_conf.o(.data)
    Calib_CapDAMax                           0x200000de   Data           2  modbus_conf.o(.data)
    Calib_TempDAMin                          0x200000e0   Data           2  modbus_conf.o(.data)
    Calib_TempDAMax                          0x200000e2   Data           2  modbus_conf.o(.data)
    Calib_ADMin                              0x200000e4   Data           2  modbus_conf.o(.data)
    Calib_ADLow                              0x200000e6   Data           2  modbus_conf.o(.data)
    Calib_ADHigh                             0x200000e8   Data           2  modbus_conf.o(.data)
    Calib_ADMax                              0x200000ea   Data           2  modbus_conf.o(.data)
    CapDA_ClibFlag                           0x200000ec   Data           1  modbus_conf.o(.data)
    CalibFlag                                0x200000ed   Data           1  modbus_conf.o(.data)
    CapAD_ClibFlag                           0x200000ee   Data           1  modbus_conf.o(.data)
    CapAD_ClibEn                             0x200000ef   Data           1  modbus_conf.o(.data)
    TempDA_ClibFlag                          0x200000f0   Data           1  modbus_conf.o(.data)
    TempDA_ClibEn                            0x200000f1   Data           1  modbus_conf.o(.data)
    .data                                    0x200000f4   Section        9  stm32f0xx_hal.o(.data)
    .data                                    0x20000100   Section        4  system_stm32f0xx.o(.data)
    .bss                                     0x20000104   Section       80  adc_app.o(.bss)
    gADC_GetData                             0x20000104   Data          40  adc_app.o(.bss)
    uADC_GetResult                           0x2000012c   Data          40  adc_app.o(.bss)
    .bss                                     0x20000154   Section      128  usart_app.o(.bss)
    USART_Receive_Buf                        0x20000154   Data         128  usart_app.o(.bss)
    .bss                                     0x200001d4   Section      888  picocap_app.o(.bss)
    Data_1st_FilterBuf                       0x200001d4   Data         384  picocap_app.o(.bss)
    Data_1st_FilterBufBak                    0x20000354   Data         384  picocap_app.o(.bss)
    Data_2nd_FilterBuf                       0x200004d4   Data          40  picocap_app.o(.bss)
    Data_2nd_FilterBufBak                    0x200004fc   Data          40  picocap_app.o(.bss)
    DataResBuf                               0x20000524   Data          40  picocap_app.o(.bss)
    .bss                                     0x20000550   Section     2048  in_flash.o(.bss)
    Flash_Buf                                0x20000550   Data        2048  in_flash.o(.bss)
    .bss                                     0x20000d50   Section      100  spi_bsp.o(.bss)
    hspi1                                    0x20000d50   Data         100  spi_bsp.o(.bss)
    .bss                                     0x20000db4   Section      132  adc_bsp.o(.bss)
    hadc                                     0x20000db4   Data          64  adc_bsp.o(.bss)
    hdma_adc                                 0x20000df4   Data          68  adc_bsp.o(.bss)
    .bss                                     0x20000e38   Section       20  dac_bsp.o(.bss)
    hdac                                     0x20000e38   Data          20  dac_bsp.o(.bss)
    .bss                                     0x20000e4c   Section       16  iwdg_bsp.o(.bss)
    hiwdg                                    0x20000e4c   Data          16  iwdg_bsp.o(.bss)
    .bss                                     0x20000e5c   Section      264  usart_bsp.o(.bss)
    hdma_usart_rx                            0x20000edc   Data          68  usart_bsp.o(.bss)
    hdma_usart_tx                            0x20000f20   Data          68  usart_bsp.o(.bss)
    .bss                                     0x20000f64   Section      256  modbus.o(.bss)
    ModBus_Receive_Buf                       0x20000f64   Data         128  modbus.o(.bss)
    ModBus_Send_Buf                          0x20000fe4   Data         128  modbus.o(.bss)
    .bss                                     0x20001068   Section       32  stm32f0xx_hal_flash.o(.bss)
    .bss                                     0x20001088   Section       96  libspace.o(.bss)
    HEAP                                     0x200010e8   Section        0  startup_stm32f072xb.o(HEAP)
    STACK                                    0x200010e8   Section     1024  startup_stm32f072xb.o(STACK)
    Heap_Mem                                 0x200010e8   Data           0  startup_stm32f072xb.o(HEAP)
    Stack_Mem                                0x200010e8   Data        1024  startup_stm32f072xb.o(STACK)
    __initial_sp                             0x200014e8   Data           0  startup_stm32f072xb.o(STACK)

    Global Symbols

    Symbol Name                              Value     Ov Type        Size  Object(Section)

    BuildAttributes$$THM_ISAv3M$S$PE$A:L22$X:L11$S22$IEEE1$IW$USESV6$~STKCKD$USESV7$~SHL$OSPACE$ROPI$EBA8$UX$STANDARDLIB$REQ8$PRES8$EABIv2 0x00000000   Number         0  anon$$obj.o ABSOLUTE
    __ARM_use_no_argv                        0x00000000   Number         0  main.o ABSOLUTE
    __ARM_exceptions_init                     - Undefined Weak Reference
    __alloca_initialize                       - Undefined Weak Reference
    __arm_preinit_                            - Undefined Weak Reference
    __cpp_initialize__aeabi_                  - Undefined Weak Reference
    __cxa_finalize                            - Undefined Weak Reference
    __rt_locale                               - Undefined Weak Reference
    __sigvec_lookup                           - Undefined Weak Reference
    _atexit_init                              - Undefined Weak Reference
    _call_atexit_fns                          - Undefined Weak Reference
    _clock_init                               - Undefined Weak Reference
    _fp_trap_init                             - Undefined Weak Reference
    _fp_trap_shutdown                         - Undefined Weak Reference
    _get_lc_collate                           - Undefined Weak Reference
    _get_lc_ctype                             - Undefined Weak Reference
    _get_lc_monetary                          - Undefined Weak Reference
    _get_lc_numeric                           - Undefined Weak Reference
    _get_lc_time                              - Undefined Weak Reference
    _getenv_init                              - Undefined Weak Reference
    _handle_redirection                       - Undefined Weak Reference
    _init_alloc                               - Undefined Weak Reference
    _init_user_alloc                          - Undefined Weak Reference
    _initio                                   - Undefined Weak Reference
    _rand_init                                - Undefined Weak Reference
    _signal_finish                            - Undefined Weak Reference
    _signal_init                              - Undefined Weak Reference
    _terminate_alloc                          - Undefined Weak Reference
    _terminate_user_alloc                     - Undefined Weak Reference
    _terminateio                              - Undefined Weak Reference
    __Vectors_Size                           0x000000c0   Number         0  startup_stm32f072xb.o ABSOLUTE
    __Vectors                                0x08003000   Data           4  startup_stm32f072xb.o(RESET)
    __Vectors_End                            0x080030c0   Data           0  startup_stm32f072xb.o(RESET)
    __main                                   0x080030c1   Thumb Code     8  __main.o(!!!main)
    __scatterload                            0x080030c9   Thumb Code     0  __scatter.o(!!!scatter)
    __scatterload_rt2                        0x080030c9   Thumb Code    52  __scatter.o(!!!scatter)
    __scatterload_rt2_thumb_only             0x080030c9   Thumb Code     0  __scatter.o(!!!scatter)
    __scatterload_null                       0x080030d9   Thumb Code     0  __scatter.o(!!!scatter)
    __scatterload_copy                       0x08003105   Thumb Code    26  __scatter_copy.o(!!handler_copy)
    __scatterload_zeroinit                   0x08003121   Thumb Code    28  __scatter_zi.o(!!handler_zi)
    __rt_lib_init                            0x0800313d   Thumb Code     0  libinit.o(.ARM.Collect$$libinit$$00000000)
    __rt_lib_init_alloca_1                   0x0800313f   Thumb Code     0  libinit2.o(.ARM.Collect$$libinit$$0000002E)
    __rt_lib_init_argv_1                     0x0800313f   Thumb Code     0  libinit2.o(.ARM.Collect$$libinit$$0000002C)
    __rt_lib_init_atexit_1                   0x0800313f   Thumb Code     0  libinit2.o(.ARM.Collect$$libinit$$0000001B)
    __rt_lib_init_clock_1                    0x0800313f   Thumb Code     0  libinit2.o(.ARM.Collect$$libinit$$00000021)
    __rt_lib_init_cpp_1                      0x0800313f   Thumb Code     0  libinit2.o(.ARM.Collect$$libinit$$00000032)
    __rt_lib_init_exceptions_1               0x0800313f   Thumb Code     0  libinit2.o(.ARM.Collect$$libinit$$00000030)
    __rt_lib_init_fp_1                       0x0800313f   Thumb Code     0  libinit2.o(.ARM.Collect$$libinit$$00000002)
    __rt_lib_init_fp_trap_1                  0x0800313f   Thumb Code     0  libinit2.o(.ARM.Collect$$libinit$$0000001F)
    __rt_lib_init_getenv_1                   0x0800313f   Thumb Code     0  libinit2.o(.ARM.Collect$$libinit$$00000023)
    __rt_lib_init_heap_1                     0x0800313f   Thumb Code     0  libinit2.o(.ARM.Collect$$libinit$$0000000A)
    __rt_lib_init_lc_collate_1               0x0800313f   Thumb Code     0  libinit2.o(.ARM.Collect$$libinit$$00000011)
    __rt_lib_init_lc_ctype_1                 0x0800313f   Thumb Code     0  libinit2.o(.ARM.Collect$$libinit$$00000013)
    __rt_lib_init_lc_monetary_1              0x0800313f   Thumb Code     0  libinit2.o(.ARM.Collect$$libinit$$00000015)
    __rt_lib_init_lc_numeric_1               0x0800313f   Thumb Code     0  libinit2.o(.ARM.Collect$$libinit$$00000017)
    __rt_lib_init_lc_time_1                  0x0800313f   Thumb Code     0  libinit2.o(.ARM.Collect$$libinit$$00000019)
    __rt_lib_init_preinit_1                  0x0800313f   Thumb Code     0  libinit2.o(.ARM.Collect$$libinit$$00000004)
    __rt_lib_init_rand_1                     0x0800313f   Thumb Code     0  libinit2.o(.ARM.Collect$$libinit$$0000000E)
    __rt_lib_init_return                     0x0800313f   Thumb Code     0  libinit2.o(.ARM.Collect$$libinit$$00000033)
    __rt_lib_init_signal_1                   0x0800313f   Thumb Code     0  libinit2.o(.ARM.Collect$$libinit$$0000001D)
    __rt_lib_init_stdio_1                    0x0800313f   Thumb Code     0  libinit2.o(.ARM.Collect$$libinit$$00000025)
    __rt_lib_init_user_alloc_1               0x0800313f   Thumb Code     0  libinit2.o(.ARM.Collect$$libinit$$0000000C)
    __rt_lib_shutdown                        0x08003141   Thumb Code     0  libshutdown.o(.ARM.Collect$$libshutdown$$00000000)
    __rt_lib_shutdown_cpp_1                  0x08003143   Thumb Code     0  libshutdown2.o(.ARM.Collect$$libshutdown$$00000002)
    __rt_lib_shutdown_fp_trap_1              0x08003143   Thumb Code     0  libshutdown2.o(.ARM.Collect$$libshutdown$$00000007)
    __rt_lib_shutdown_heap_1                 0x08003143   Thumb Code     0  libshutdown2.o(.ARM.Collect$$libshutdown$$0000000F)
    __rt_lib_shutdown_return                 0x08003143   Thumb Code     0  libshutdown2.o(.ARM.Collect$$libshutdown$$00000010)
    __rt_lib_shutdown_signal_1               0x08003143   Thumb Code     0  libshutdown2.o(.ARM.Collect$$libshutdown$$0000000A)
    __rt_lib_shutdown_stdio_1                0x08003143   Thumb Code     0  libshutdown2.o(.ARM.Collect$$libshutdown$$00000004)
    __rt_lib_shutdown_user_alloc_1           0x08003143   Thumb Code     0  libshutdown2.o(.ARM.Collect$$libshutdown$$0000000C)
    __rt_entry                               0x08003145   Thumb Code     0  __rtentry.o(.ARM.Collect$$rtentry$$00000000)
    __rt_entry_presh_1                       0x08003145   Thumb Code     0  __rtentry2.o(.ARM.Collect$$rtentry$$00000002)
    __rt_entry_sh                            0x08003145   Thumb Code     0  __rtentry4.o(.ARM.Collect$$rtentry$$00000004)
    __rt_entry_li                            0x0800314b   Thumb Code     0  __rtentry2.o(.ARM.Collect$$rtentry$$0000000A)
    __rt_entry_postsh_1                      0x0800314b   Thumb Code     0  __rtentry2.o(.ARM.Collect$$rtentry$$00000009)
    __rt_entry_main                          0x0800314f   Thumb Code     0  __rtentry2.o(.ARM.Collect$$rtentry$$0000000D)
    __rt_entry_postli_1                      0x0800314f   Thumb Code     0  __rtentry2.o(.ARM.Collect$$rtentry$$0000000C)
    __rt_exit                                0x08003157   Thumb Code     0  rtexit.o(.ARM.Collect$$rtexit$$00000000)
    __rt_exit_ls                             0x08003159   Thumb Code     0  rtexit2.o(.ARM.Collect$$rtexit$$00000003)
    __rt_exit_prels_1                        0x08003159   Thumb Code     0  rtexit2.o(.ARM.Collect$$rtexit$$00000002)
    __rt_exit_exit                           0x0800315d   Thumb Code     0  rtexit2.o(.ARM.Collect$$rtexit$$00000004)
    __aeabi_memcpy4                          0x08003165   Thumb Code    56  rt_memcpy.o(.emb_text)
    __aeabi_memcpy8                          0x08003165   Thumb Code     0  rt_memcpy.o(.emb_text)
    Reset_Handler                            0x0800319d   Thumb Code     8  startup_stm32f072xb.o(.text)
    CEC_CAN_IRQHandler                       0x080031af   Thumb Code     0  startup_stm32f072xb.o(.text)
    DMA1_Channel4_5_6_7_IRQHandler           0x080031af   Thumb Code     0  startup_stm32f072xb.o(.text)
    EXTI0_1_IRQHandler                       0x080031af   Thumb Code     0  startup_stm32f072xb.o(.text)
    EXTI2_3_IRQHandler                       0x080031af   Thumb Code     0  startup_stm32f072xb.o(.text)
    EXTI4_15_IRQHandler                      0x080031af   Thumb Code     0  startup_stm32f072xb.o(.text)
    FLASH_IRQHandler                         0x080031af   Thumb Code     0  startup_stm32f072xb.o(.text)
    I2C1_IRQHandler                          0x080031af   Thumb Code     0  startup_stm32f072xb.o(.text)
    I2C2_IRQHandler                          0x080031af   Thumb Code     0  startup_stm32f072xb.o(.text)
    PVD_VDDIO2_IRQHandler                    0x080031af   Thumb Code     0  startup_stm32f072xb.o(.text)
    RCC_CRS_IRQHandler                       0x080031af   Thumb Code     0  startup_stm32f072xb.o(.text)
    RTC_IRQHandler                           0x080031af   Thumb Code     0  startup_stm32f072xb.o(.text)
    SPI1_IRQHandler                          0x080031af   Thumb Code     0  startup_stm32f072xb.o(.text)
    SPI2_IRQHandler                          0x080031af   Thumb Code     0  startup_stm32f072xb.o(.text)
    TIM14_IRQHandler                         0x080031af   Thumb Code     0  startup_stm32f072xb.o(.text)
    TIM15_IRQHandler                         0x080031af   Thumb Code     0  startup_stm32f072xb.o(.text)
    TIM16_IRQHandler                         0x080031af   Thumb Code     0  startup_stm32f072xb.o(.text)
    TIM17_IRQHandler                         0x080031af   Thumb Code     0  startup_stm32f072xb.o(.text)
    TIM1_BRK_UP_TRG_COM_IRQHandler           0x080031af   Thumb Code     0  startup_stm32f072xb.o(.text)
    TIM1_CC_IRQHandler                       0x080031af   Thumb Code     0  startup_stm32f072xb.o(.text)
    TIM2_IRQHandler                          0x080031af   Thumb Code     0  startup_stm32f072xb.o(.text)
    TIM3_IRQHandler                          0x080031af   Thumb Code     0  startup_stm32f072xb.o(.text)
    TIM6_DAC_IRQHandler                      0x080031af   Thumb Code     0  startup_stm32f072xb.o(.text)
    TIM7_IRQHandler                          0x080031af   Thumb Code     0  startup_stm32f072xb.o(.text)
    TSC_IRQHandler                           0x080031af   Thumb Code     0  startup_stm32f072xb.o(.text)
    USART2_IRQHandler                        0x080031af   Thumb Code     0  startup_stm32f072xb.o(.text)
    USART3_4_IRQHandler                      0x080031af   Thumb Code     0  startup_stm32f072xb.o(.text)
    USB_IRQHandler                           0x080031af   Thumb Code     0  startup_stm32f072xb.o(.text)
    WWDG_IRQHandler                          0x080031af   Thumb Code     0  startup_stm32f072xb.o(.text)
    __user_initial_stackheap                 0x080031b1   Thumb Code     0  startup_stm32f072xb.o(.text)
    __aeabi_llsr                             0x080031d1   Thumb Code    34  llushr.o(.text)
    _ll_ushift_r                             0x080031d1   Thumb Code     0  llushr.o(.text)
    __aeabi_uldivmod                         0x080031f3   Thumb Code   258  lludiv.o(.text)
    _ll_udiv                                 0x080031f3   Thumb Code     0  lludiv.o(.text)
    __aeabi_memcpy                           0x080032f5   Thumb Code   130  rt_memcpy.o(.text)
    __rt_memcpy                              0x080032f5   Thumb Code     0  rt_memcpy.o(.text)
    _memset_w                                0x08003377   Thumb Code    26  rt_memclr.o(.text)
    _memset                                  0x08003391   Thumb Code    30  rt_memclr.o(.text)
    __aeabi_memclr                           0x080033af   Thumb Code     4  rt_memclr.o(.text)
    __rt_memclr                              0x080033af   Thumb Code     0  rt_memclr.o(.text)
    __aeabi_memclr4                          0x080033b3   Thumb Code     0  rt_memclr.o(.text)
    __aeabi_memclr8                          0x080033b3   Thumb Code     0  rt_memclr.o(.text)
    __rt_memclr_w                            0x080033b3   Thumb Code     4  rt_memclr.o(.text)
    __aeabi_uidiv                            0x080033b7   Thumb Code     0  aeabi_sdiv.o(.text)
    __aeabi_uidivmod                         0x080033b7   Thumb Code    20  aeabi_sdiv.o(.text)
    __aeabi_idiv                             0x080033cb   Thumb Code     0  aeabi_sdiv.o(.text)
    __aeabi_idivmod                          0x080033cb   Thumb Code   326  aeabi_sdiv.o(.text)
    __use_two_region_memory                  0x08003511   Thumb Code     2  heapauxi.o(.text)
    __rt_heap_escrow$2region                 0x08003513   Thumb Code     2  heapauxi.o(.text)
    __rt_heap_expand$2region                 0x08003515   Thumb Code     2  heapauxi.o(.text)
    __aeabi_d2f                              0x08003519   Thumb Code     0  d2f.o(.text)
    _d2f                                     0x08003519   Thumb Code   120  d2f.o(.text)
    __aeabi_dadd                             0x0800388d   Thumb Code     0  daddsub.o(.text)
    _dadd                                    0x0800388d   Thumb Code    26  daddsub.o(.text)
    __aeabi_dsub                             0x080038a7   Thumb Code     0  daddsub.o(.text)
    _dsub                                    0x080038a7   Thumb Code    22  daddsub.o(.text)
    __aeabi_drsub                            0x080038bd   Thumb Code     0  daddsub.o(.text)
    _drsb                                    0x080038bd   Thumb Code    28  daddsub.o(.text)
    __aeabi_ddiv                             0x080038ed   Thumb Code     0  ddiv.o(.text)
    _ddiv                                    0x080038ed   Thumb Code  1072  ddiv.o(.text)
    _drdiv                                   0x08003d1d   Thumb Code    20  ddiv.o(.text)
    __aeabi_f2d                              0x08003d35   Thumb Code     0  f2d.o(.text)
    _f2d                                     0x08003d35   Thumb Code    80  f2d.o(.text)
    __aeabi_fdiv                             0x08003d89   Thumb Code     0  fdiv.o(.text)
    _fdiv                                    0x08003d89   Thumb Code   334  fdiv.o(.text)
    _frdiv                                   0x08003ed7   Thumb Code     8  fdiv.o(.text)
    __aeabi_f2uiz                            0x08003ee9   Thumb Code     0  ffixui.o(.text)
    _ffixu                                   0x08003ee9   Thumb Code    48  ffixui.o(.text)
    __aeabi_i2f_normalise                    0x08003f19   Thumb Code    72  fflti.o(.text)
    __aeabi_i2f                              0x08003f61   Thumb Code    16  fflti.o(.text)
    _fflt                                    0x08003f61   Thumb Code     0  fflti.o(.text)
    __aeabi_ui2f                             0x08003f71   Thumb Code     6  fflti.o(.text)
    _ffltu                                   0x08003f71   Thumb Code     0  fflti.o(.text)
    __fpl_dcmp_InfNaN                        0x08003f79   Thumb Code   140  dcmpin.o(.text)
    __fpl_fcmp_InfNaN                        0x08004009   Thumb Code    96  fcmpin.o(.text)
    __fpl_cmpreturn                          0x0800406d   Thumb Code    46  cmpret.o(.text)
    __fpl_dcheck_NaN2                        0x0800409d   Thumb Code    14  dnan2.o(.text)
    __fpl_fcheck_NaN2                        0x080040b1   Thumb Code    10  fnan2.o(.text)
    __user_setup_stackheap                   0x080040c1   Thumb Code    62  sys_stackheap_outer.o(.text)
    exit                                     0x080040ff   Thumb Code    16  exit.o(.text)
    __fpl_return_NaN                         0x0800410f   Thumb Code    94  retnan.o(.text)
    __user_libspace                          0x0800416d   Thumb Code     8  libspace.o(.text)
    __user_perproc_libspace                  0x0800416d   Thumb Code     0  libspace.o(.text)
    __user_perthread_libspace                0x0800416d   Thumb Code     0  libspace.o(.text)
    _sys_exit                                0x08004175   Thumb Code     8  sys_exit.o(.text)
    __I$use$semihosting                      0x08004181   Thumb Code     0  use_no_semi.o(.text)
    __use_no_semihosting_swi                 0x08004181   Thumb Code     2  use_no_semi.o(.text)
    __semihosting_library_function           0x08004183   Thumb Code     0  indicate_semi.o(.text)
    ADC1_COMP_IRQHandler                     0x08004185   Thumb Code    10  adc_bsp.o(i.ADC1_COMP_IRQHandler)
    BSP_ADC_DMA_Disable_IT                   0x0800431d   Thumb Code    22  adc_bsp.o(i.BSP_ADC_DMA_Disable_IT)
    BSP_ADC_DMA_Enable_IT                    0x08004339   Thumb Code    22  adc_bsp.o(i.BSP_ADC_DMA_Enable_IT)
    BSP_ADC_Init                             0x08004355   Thumb Code   150  adc_bsp.o(i.BSP_ADC_Init)
    BSP_ADC_Start_DMA                        0x080043f5   Thumb Code    48  adc_bsp.o(i.BSP_ADC_Start_DMA)
    BSP_DAC_Convert                          0x08004429   Thumb Code    66  dac_bsp.o(i.BSP_DAC_Convert)
    BSP_DAC_Init                             0x08004475   Thumb Code    56  dac_bsp.o(i.BSP_DAC_Init)
    BSP_IWDG_Init                            0x080044b5   Thumb Code    36  iwdg_bsp.o(i.BSP_IWDG_Init)
    BSP_IWDG_Refresh                         0x080044e9   Thumb Code    10  iwdg_bsp.o(i.BSP_IWDG_Refresh)
    BSP_SPI_Init                             0x080044f9   Thumb Code    74  spi_bsp.o(i.BSP_SPI_Init)
    BSP_SPI_Transmit                         0x0800454d   Thumb Code    30  spi_bsp.o(i.BSP_SPI_Transmit)
    BSP_SPI_TransmitReceive                  0x08004575   Thumb Code    36  spi_bsp.o(i.BSP_SPI_TransmitReceive)
    BSP_UART_Receive_DMA                     0x080045a1   Thumb Code    28  usart_bsp.o(i.BSP_UART_Receive_DMA)
    BSP_UART_ReceiverTimeout_Config          0x080045c1   Thumb Code    76  usart_bsp.o(i.BSP_UART_ReceiverTimeout_Config)
    BSP_UART_Transmit_DMA                    0x08004611   Thumb Code    28  usart_bsp.o(i.BSP_UART_Transmit_DMA)
    BSP_USART_UART_Init                      0x08004631   Thumb Code    92  usart_bsp.o(i.BSP_USART_UART_Init)
    Check_Device_Param                       0x08004695   Thumb Code    72  in_memory_app.o(i.Check_Device_Param)
    DMA1_Channel1_IRQHandler                 0x080046e1   Thumb Code    10  adc_bsp.o(i.DMA1_Channel1_IRQHandler)
    DMA1_Channel2_3_IRQHandler               0x080046f1   Thumb Code    16  usart_bsp.o(i.DMA1_Channel2_3_IRQHandler)
    DataConvertParam_Init                    0x08004755   Thumb Code   424  picocap_app.o(i.DataConvertParam_Init)
    DataFilterParam_Init                     0x08004901   Thumb Code    70  picocap_app.o(i.DataFilterParam_Init)
    Error_Handler                            0x08004947   Thumb Code     2  main.o(i.Error_Handler)
    FLASH_PageErase                          0x08004971   Thumb Code    34  stm32f0xx_hal_flash_ex.o(i.FLASH_PageErase)
    FLASH_WaitForLastOperation               0x08004a05   Thumb Code   100  stm32f0xx_hal_flash.o(i.FLASH_WaitForLastOperation)
    GetAverage                               0x08004a6d   Thumb Code    78  typeconvert.o(i.GetAverage)
    GetDelExtremeAndAverage                  0x08004abb   Thumb Code    36  typeconvert.o(i.GetDelExtremeAndAverage)
    HAL_ADCEx_Calibration_Start              0x08004adf   Thumb Code   232  stm32f0xx_hal_adc_ex.o(i.HAL_ADCEx_Calibration_Start)
    HAL_ADC_ConfigChannel                    0x08004bc9   Thumb Code   412  stm32f0xx_hal_adc.o(i.HAL_ADC_ConfigChannel)
    HAL_ADC_ConvCpltCallback                 0x08004d75   Thumb Code    26  adc_app.o(i.HAL_ADC_ConvCpltCallback)
    HAL_ADC_ConvHalfCpltCallback             0x08004d9d   Thumb Code     2  stm32f0xx_hal_adc.o(i.HAL_ADC_ConvHalfCpltCallback)
    HAL_ADC_ErrorCallback                    0x08004d9f   Thumb Code     2  stm32f0xx_hal_adc.o(i.HAL_ADC_ErrorCallback)
    HAL_ADC_IRQHandler                       0x08004da1   Thumb Code   278  stm32f0xx_hal_adc.o(i.HAL_ADC_IRQHandler)
    HAL_ADC_Init                             0x08004eb9   Thumb Code   442  stm32f0xx_hal_adc.o(i.HAL_ADC_Init)
    HAL_ADC_LevelOutOfWindowCallback         0x0800507d   Thumb Code     2  stm32f0xx_hal_adc.o(i.HAL_ADC_LevelOutOfWindowCallback)
    HAL_ADC_MspInit                          0x08005081   Thumb Code   220  adc_bsp.o(i.HAL_ADC_MspInit)
    HAL_ADC_Start_DMA                        0x08005169   Thumb Code   176  stm32f0xx_hal_adc.o(i.HAL_ADC_Start_DMA)
    HAL_DAC_ConfigChannel                    0x08005229   Thumb Code    78  stm32f0xx_hal_dac_ex.o(i.HAL_DAC_ConfigChannel)
    HAL_DAC_Init                             0x0800527d   Thumb Code    42  stm32f0xx_hal_dac.o(i.HAL_DAC_Init)
    HAL_DAC_MspInit                          0x080052a9   Thumb Code   104  dac_bsp.o(i.HAL_DAC_MspInit)
    HAL_DAC_SetValue                         0x08005315   Thumb Code    46  stm32f0xx_hal_dac.o(i.HAL_DAC_SetValue)
    HAL_DAC_Start                            0x08005343   Thumb Code   110  stm32f0xx_hal_dac_ex.o(i.HAL_DAC_Start)
    HAL_DMA_IRQHandler                       0x080053b1   Thumb Code   240  stm32f0xx_hal_dma.o(i.HAL_DMA_IRQHandler)
    HAL_DMA_Init                             0x080054a1   Thumb Code    86  stm32f0xx_hal_dma.o(i.HAL_DMA_Init)
    HAL_DMA_Start_IT                         0x080054fd   Thumb Code   154  stm32f0xx_hal_dma.o(i.HAL_DMA_Start_IT)
    HAL_Delay                                0x08005599   Thumb Code    38  stm32f0xx_hal.o(i.HAL_Delay)
    HAL_FLASHEx_Erase                        0x080055c5   Thumb Code   160  stm32f0xx_hal_flash_ex.o(i.HAL_FLASHEx_Erase)
    HAL_FLASH_Lock                           0x08005671   Thumb Code    16  stm32f0xx_hal_flash.o(i.HAL_FLASH_Lock)
    HAL_FLASH_Program                        0x08005685   Thumb Code   174  stm32f0xx_hal_flash.o(i.HAL_FLASH_Program)
    HAL_FLASH_Unlock                         0x08005741   Thumb Code    40  stm32f0xx_hal_flash.o(i.HAL_FLASH_Unlock)
    HAL_GPIO_Init                            0x08005775   Thumb Code   474  stm32f0xx_hal_gpio.o(i.HAL_GPIO_Init)
    HAL_GPIO_WritePin                        0x0800596d   Thumb Code    12  stm32f0xx_hal_gpio.o(i.HAL_GPIO_WritePin)
    HAL_GetTick                              0x08005979   Thumb Code     6  stm32f0xx_hal.o(i.HAL_GetTick)
    HAL_IWDG_Init                            0x08005985   Thumb Code    94  stm32f0xx_hal_iwdg.o(i.HAL_IWDG_Init)
    HAL_IWDG_Refresh                         0x080059f1   Thumb Code    12  stm32f0xx_hal_iwdg.o(i.HAL_IWDG_Refresh)
    HAL_IncTick                              0x08005a01   Thumb Code    16  stm32f0xx_hal.o(i.HAL_IncTick)
    HAL_Init                                 0x08005a19   Thumb Code    28  stm32f0xx_hal.o(i.HAL_Init)
    HAL_InitTick                             0x08005a39   Thumb Code    70  stm32f0xx_hal.o(i.HAL_InitTick)
    HAL_MspInit                              0x08005a8d   Thumb Code    60  stm32f0xx_hal_msp.o(i.HAL_MspInit)
    HAL_NVIC_EnableIRQ                       0x08005acd   Thumb Code    22  stm32f0xx_hal_cortex.o(i.HAL_NVIC_EnableIRQ)
    HAL_NVIC_SetPriority                     0x08005ae9   Thumb Code    18  stm32f0xx_hal_cortex.o(i.HAL_NVIC_SetPriority)
    HAL_NVIC_SystemReset                     0x08005afd   Thumb Code    48  stm32f0xx_hal_cortex.o(i.HAL_NVIC_SystemReset)
    HAL_RCCEx_PeriphCLKConfig                0x08005b35   Thumb Code   406  stm32f0xx_hal_rcc_ex.o(i.HAL_RCCEx_PeriphCLKConfig)
    HAL_RCC_ClockConfig                      0x08005cd9   Thumb Code   366  stm32f0xx_hal_rcc.o(i.HAL_RCC_ClockConfig)
    HAL_RCC_GetHCLKFreq                      0x08005e5d   Thumb Code     6  stm32f0xx_hal_rcc.o(i.HAL_RCC_GetHCLKFreq)
    HAL_RCC_GetPCLK1Freq                     0x08005e69   Thumb Code    26  stm32f0xx_hal_rcc.o(i.HAL_RCC_GetPCLK1Freq)
    HAL_RCC_GetSysClockFreq                  0x08005e8d   Thumb Code   218  stm32f0xx_hal_rcc.o(i.HAL_RCC_GetSysClockFreq)
    HAL_RCC_OscConfig                        0x08005f95   Thumb Code  1592  stm32f0xx_hal_rcc.o(i.HAL_RCC_OscConfig)
    HAL_SPI_Init                             0x080065d1   Thumb Code   220  stm32f0xx_hal_spi.o(i.HAL_SPI_Init)
    HAL_SPI_MspInit                          0x080066ad   Thumb Code   194  spi_bsp.o(i.HAL_SPI_MspInit)
    HAL_SPI_Transmit                         0x08006779   Thumb Code   524  stm32f0xx_hal_spi.o(i.HAL_SPI_Transmit)
    HAL_SPI_TransmitReceive                  0x08006985   Thumb Code   760  stm32f0xx_hal_spi.o(i.HAL_SPI_TransmitReceive)
    HAL_SYSTICK_Config                       0x08006c7d   Thumb Code    46  stm32f0xx_hal_cortex.o(i.HAL_SYSTICK_Config)
    HAL_UART_CMatchCallback                  0x08006cb5   Thumb Code     2  usart_bsp.o(i.HAL_UART_CMatchCallback)
    HAL_UART_ErrorCallback                   0x08006cb7   Thumb Code     2  stm32f0xx_hal_uart.o(i.HAL_UART_ErrorCallback)
    HAL_UART_Init                            0x08006cb9   Thumb Code   126  stm32f0xx_hal_uart.o(i.HAL_UART_Init)
    HAL_UART_MspInit                         0x08006d39   Thumb Code   332  usart_bsp.o(i.HAL_UART_MspInit)
    HAL_UART_Receive_DMA                     0x08006e95   Thumb Code   218  stm32f0xx_hal_uart.o(i.HAL_UART_Receive_DMA)
    HAL_UART_RxCpltCallback                  0x08006f7d   Thumb Code     8  usart_app.o(i.HAL_UART_RxCpltCallback)
    HAL_UART_RxHalfCpltCallback              0x08006f89   Thumb Code     2  stm32f0xx_hal_uart.o(i.HAL_UART_RxHalfCpltCallback)
    HAL_UART_RxTimoCallback                  0x08006f8d   Thumb Code    68  usart_app.o(i.HAL_UART_RxTimoCallback)
    HAL_UART_Transmit_DMA                    0x08006fe1   Thumb Code   202  stm32f0xx_hal_uart.o(i.HAL_UART_Transmit_DMA)
    HAL_UART_TxCpltCallback                  0x080070b9   Thumb Code    26  usart_app.o(i.HAL_UART_TxCpltCallback)
    HAL_UART_TxHalfCpltCallback              0x080070d9   Thumb Code     2  stm32f0xx_hal_uart.o(i.HAL_UART_TxHalfCpltCallback)
    HardFault_Handler                        0x080070db   Thumb Code     4  stm32f0xx_it.o(i.HardFault_Handler)
    HexToFloat                               0x080070df   Thumb Code    26  typeconvert.o(i.HexToFloat)
    HexToUlong                               0x080070f9   Thumb Code    24  typeconvert.o(i.HexToUlong)
    InFlash_Erase_Page                       0x08007111   Thumb Code    50  in_flash.o(i.InFlash_Erase_Page)
    InFlash_Read_MultiBytes                  0x08007149   Thumb Code    40  in_flash.o(i.InFlash_Read_MultiBytes)
    InFlash_Read_OneByte                     0x08007171   Thumb Code    12  in_flash.o(i.InFlash_Read_OneByte)
    InFlash_Write_MultiBytes                 0x08007181   Thumb Code   274  in_flash.o(i.InFlash_Write_MultiBytes)
    InFlash_Write_OneByte                    0x080072a1   Thumb Code   168  in_flash.o(i.InFlash_Write_OneByte)
    InMemory_Read_MultiBytes                 0x08007355   Thumb Code    20  in_memory_app.o(i.InMemory_Read_MultiBytes)
    InMemory_Read_OneByte                    0x08007369   Thumb Code    12  in_memory_app.o(i.InMemory_Read_OneByte)
    InMemory_SystemParam_Check               0x08007375   Thumb Code   210  in_memory_app.o(i.InMemory_SystemParam_Check)
    InMemory_Write3T_MultiBytes              0x08007455   Thumb Code    94  in_memory_app.o(i.InMemory_Write3T_MultiBytes)
    InMemory_Write_MultiBytes                0x080074b3   Thumb Code    20  in_memory_app.o(i.InMemory_Write_MultiBytes)
    InMemory_Write_OneByte                   0x080074c7   Thumb Code    16  in_memory_app.o(i.InMemory_Write_OneByte)
    MB_CapAD_Calibration                     0x080074d9   Thumb Code   158  modbus_conf.o(i.MB_CapAD_Calibration)
    MB_CapDAOut_Calibration                  0x08007589   Thumb Code   196  modbus_conf.o(i.MB_CapDAOut_Calibration)
    MB_Cap_Calibration                       0x08007661   Thumb Code   184  modbus_conf.o(i.MB_Cap_Calibration)
    MB_TempDAOut_Calibration                 0x08007755   Thumb Code   106  modbus_conf.o(i.MB_TempDAOut_Calibration)
    MDB_Get_CRC16                            0x080077e9   Thumb Code    50  modbus_rtu.o(i.MDB_Get_CRC16)
    MODBUS_RTU_RecvData                      0x08007825   Thumb Code    58  modbus_rtu.o(i.MODBUS_RTU_RecvData)
    MODBUS_RTU_SendData                      0x0800785f   Thumb Code    94  modbus_rtu.o(i.MODBUS_RTU_SendData)
    ModBus_Init                              0x080078bd   Thumb Code   128  modbus.o(i.ModBus_Init)
    ModbusAutoUpload                         0x080079e1   Thumb Code   128  modbus_conf.o(i.ModbusAutoUpload)
    ModbusFunc03                             0x08007a61   Thumb Code   316  modbus_conf.o(i.ModbusFunc03)
    ModbusFunc04                             0x08007ba5   Thumb Code   258  modbus_conf.o(i.ModbusFunc04)
    ModbusFunc05                             0x08007ca9   Thumb Code   376  modbus_conf.o(i.ModbusFunc05)
    ModbusFunc10                             0x08007e31   Thumb Code   488  modbus_conf.o(i.ModbusFunc10)
    ModbusFunc25                             0x08008021   Thumb Code   688  modbus_conf.o(i.ModbusFunc25)
    ModbusFunc26                             0x0800830d   Thumb Code   424  modbus_conf.o(i.ModbusFunc26)
    ModbusFunc27                             0x080084b5   Thumb Code   798  modbus_conf.o(i.ModbusFunc27)
    ModbusFunc2A                             0x080087dd   Thumb Code   344  modbus_conf.o(i.ModbusFunc2A)
    ModbusFunc2B                             0x08008939   Thumb Code   610  modbus_conf.o(i.ModbusFunc2B)
    ModbusFunc41                             0x08008ba1   Thumb Code   114  modbus_conf.o(i.ModbusFunc41)
    ModbusHandle                             0x08008c19   Thumb Code   254  modbus.o(i.ModbusHandle)
    NMI_Handler                              0x08008d17   Thumb Code     2  stm32f0xx_it.o(i.NMI_Handler)
    PCap_Enable                              0x08008d19   Thumb Code    52  picocap.o(i.PCap_Enable)
    PCap_Init                                0x08008d4d   Thumb Code    94  picocap.o(i.PCap_Init)
    PCap_Measure                             0x08008dab   Thumb Code    42  picocap.o(i.PCap_Measure)
    PCap_PTL_Reset                           0x08008e31   Thumb Code    42  picocap.o(i.PCap_PTL_Reset)
    PCap_Reg_Config                          0x08008e5d   Thumb Code    96  picocap.o(i.PCap_Reg_Config)
    PCap_Res_Data                            0x08008ec1   Thumb Code    80  picocap.o(i.PCap_Res_Data)
    PCap_Res_Sta                             0x08008f11   Thumb Code    74  picocap.o(i.PCap_Res_Sta)
    PCap_Reset                               0x08008f5b   Thumb Code    42  picocap.o(i.PCap_Reset)
    PCap_WR_SRAM                             0x08008f85   Thumb Code   180  picocap.o(i.PCap_WR_SRAM)
    PendSV_Handler                           0x0800903d   Thumb Code     2  stm32f0xx_it.o(i.PendSV_Handler)
    SVC_Handler                              0x080091ff   Thumb Code     2  stm32f0xx_it.o(i.SVC_Handler)
    Send_Data                                0x08009201   Thumb Code    44  modbus.o(i.Send_Data)
    SensorEvent                              0x0800922d   Thumb Code    52  modbus.o(i.SensorEvent)
    Sensor_ADC_Clean_Updata_Flag             0x08009265   Thumb Code    14  adc_app.o(i.Sensor_ADC_Clean_Updata_Flag)
    Sensor_ADC_Get_TemperData                0x08009279   Thumb Code   100  adc_app.o(i.Sensor_ADC_Get_TemperData)
    Sensor_ADC_Get_Updata_Flag               0x080092ed   Thumb Code     6  adc_app.o(i.Sensor_ADC_Get_Updata_Flag)
    Sensor_ADC_Init                          0x080092f9   Thumb Code    16  adc_app.o(i.Sensor_ADC_Init)
    Sensor_ADC_TemperParam_Init              0x0800930d   Thumb Code   218  adc_app.o(i.Sensor_ADC_TemperParam_Init)
    Sensor_DataFilter                        0x080093ed   Thumb Code   490  picocap_app.o(i.Sensor_DataFilter)
    Sensor_PCap_DataConvert                  0x080095f1   Thumb Code   488  picocap_app.o(i.Sensor_PCap_DataConvert)
    Sensor_PCap_GetResult                    0x080097e9   Thumb Code    66  picocap_app.o(i.Sensor_PCap_GetResult)
    Sensor_USART_Clear_RX_Updata_Flag        0x0800982d   Thumb Code     8  usart_app.o(i.Sensor_USART_Clear_RX_Updata_Flag)
    Sensor_USART_Clear_TX_Cplt_Flag          0x08009839   Thumb Code     8  usart_app.o(i.Sensor_USART_Clear_TX_Cplt_Flag)
    Sensor_USART_GetReceData                 0x08009845   Thumb Code   124  usart_app.o(i.Sensor_USART_GetReceData)
    Sensor_USART_Get_RX_Updata_Flag          0x080098cd   Thumb Code     6  usart_app.o(i.Sensor_USART_Get_RX_Updata_Flag)
    Sensor_USART_Get_TX_Cplt_Flag            0x080098d9   Thumb Code     6  usart_app.o(i.Sensor_USART_Get_TX_Cplt_Flag)
    Sensor_USART_Init                        0x080098e5   Thumb Code   180  usart_app.o(i.Sensor_USART_Init)
    SortArrayExtreme                         0x0800999d   Thumb Code   124  typeconvert.o(i.SortArrayExtreme)
    SwitchCurFilter                          0x08009a19   Thumb Code   136  picocap_app.o(i.SwitchCurFilter)
    SysTick_Handler                          0x08009aa1   Thumb Code     8  stm32f0xx_it.o(i.SysTick_Handler)
    SystemClock_Config                       0x08009aa9   Thumb Code   136  main.o(i.SystemClock_Config)
    SystemInit                               0x08009b31   Thumb Code     2  system_stm32f0xx.o(i.SystemInit)
    UART_AdvFeatureConfig                    0x08009b33   Thumb Code   240  stm32f0xx_hal_uart.o(i.UART_AdvFeatureConfig)
    UART_CheckIdleState                      0x08009c25   Thumb Code   106  stm32f0xx_hal_uart.o(i.UART_CheckIdleState)
    UART_SetConfig                           0x08009db1   Thumb Code   528  stm32f0xx_hal_uart.o(i.UART_SetConfig)
    UART_WaitOnFlagUntilTimeout              0x08009fe5   Thumb Code   188  stm32f0xx_hal_uart.o(i.UART_WaitOnFlagUntilTimeout)
    USART1_IRQHandler                        0x0800a0a1   Thumb Code   220  usart_bsp.o(i.USART1_IRQHandler)
    __ARM_common_ll_muluu                    0x0800a1dd   Thumb Code    48  stm32f0xx_hal_rcc.o(i.__ARM_common_ll_muluu)
    __ARM_common_switch8                     0x0800a20d   Thumb Code    28  usart_app.o(i.__ARM_common_switch8)
    main                                     0x0800a2a1   Thumb Code   264  main.o(i.main)
    __aeabi_cdcmple                          0x0800a3b5   Thumb Code     0  dlef.o(x$fpl$dleqf)
    _dcmple                                  0x0800a3b5   Thumb Code    94  dlef.o(x$fpl$dleqf)
    __aeabi_cdrcmple                         0x0800a419   Thumb Code     0  drlef.o(x$fpl$drleqf)
    _drcmple                                 0x0800a419   Thumb Code   100  drlef.o(x$fpl$drleqf)
    __aeabi_fadd                             0x0800a481   Thumb Code     0  faddsub.o(x$fpl$fadd)
    _fadd                                    0x0800a481   Thumb Code   134  faddsub.o(x$fpl$fadd)
    __aeabi_cfcmple                          0x0800a50d   Thumb Code     0  flef.o(x$fpl$fleqf)
    _fcmple                                  0x0800a50d   Thumb Code    78  flef.o(x$fpl$fleqf)
    __aeabi_fmul                             0x0800a561   Thumb Code     0  fmul.o(x$fpl$fmul)
    _fmul                                    0x0800a561   Thumb Code   172  fmul.o(x$fpl$fmul)
    __aeabi_cfrcmple                         0x0800a611   Thumb Code     0  frlef.o(x$fpl$frleqf)
    _frcmple                                 0x0800a611   Thumb Code    84  frlef.o(x$fpl$frleqf)
    __aeabi_fsub                             0x0800a669   Thumb Code     0  faddsub.o(x$fpl$fsub)
    _fsub                                    0x0800a669   Thumb Code   204  faddsub.o(x$fpl$fsub)
    User_Default_Param                       0x0800a738   Data          60  in_memory_app.o(.constdata)
    __I$use$fp                               0x0800a738   Number         0  usenofp.o(x$fpl$usenofp)
    SRAM_DATA                                0x0800a774   Data         944  picocap.o(.constdata)
    REG                                      0x0800ab24   Data          84  picocap.o(.constdata)
    auchCRCLo                                0x0800ab78   Data         256  modbus_rtu.o(.constdata)
    auchCRCHi                                0x0800ac78   Data         256  modbus_rtu.o(.constdata)
    AHBPrescTable                            0x0800ad78   Data          16  system_stm32f0xx.o(.constdata)
    APBPrescTable                            0x0800ad88   Data           8  system_stm32f0xx.o(.constdata)
    Region$$Table$$Base                      0x0800ae50   Number         0  anon$$obj.o(Region$$Table)
    Region$$Table$$Limit                     0x0800ae70   Number         0  anon$$obj.o(Region$$Table)
    VectorTable                              0x20000000   Data         192  main.o(.ARM.__AT_0x20000000)
    uwTick                                   0x200000f4   Data           4  stm32f0xx_hal.o(.data)
    uwTickPrio                               0x200000f8   Data           4  stm32f0xx_hal.o(.data)
    uwTickFreq                               0x200000fc   Data           1  stm32f0xx_hal.o(.data)
    SystemCoreClock                          0x20000100   Data           4  system_stm32f0xx.o(.data)
    huart                                    0x20000e5c   Data         128  usart_bsp.o(.bss)
    pFlash                                   0x20001068   Data          32  stm32f0xx_hal_flash.o(.bss)
    __libspace_start                         0x20001088   Data          96  libspace.o(.bss)
    __temporary_stack_top$libspace           0x200010e8   Data           0  libspace.o(.bss)



==============================================================================

Memory Map of the image

  Image Entry point : 0x080030c1

  Load Region LR_IROM1 (Base: 0x08003000, Size: 0x00007eb4, Max: 0x0001d000, ABSOLUTE)

    Execution Region ER_IROM1 (Exec base: 0x08003000, Load base: 0x08003000, Size: 0x00007e70, Max: 0x0001d000, ABSOLUTE)

    Exec Addr    Load Addr    Size         Type   Attr      Idx    E Section Name        Object

    0x08003000   0x08003000   0x000000c0   Data   RO            3    RESET               startup_stm32f072xb.o
    0x080030c0   0x080030c0   0x00000008   Code   RO         3644  * !!!main             c_p.l(__main.o)
    0x080030c8   0x080030c8   0x0000003c   Code   RO         3862    !!!scatter          c_p.l(__scatter.o)
    0x08003104   0x08003104   0x0000001a   Code   RO         3864    !!handler_copy      c_p.l(__scatter_copy.o)
    0x0800311e   0x0800311e   0x00000002   PAD
    0x08003120   0x08003120   0x0000001c   Code   RO         3866    !!handler_zi        c_p.l(__scatter_zi.o)
    0x0800313c   0x0800313c   0x00000002   Code   RO         3729    .ARM.Collect$$libinit$$00000000  c_p.l(libinit.o)
    0x0800313e   0x0800313e   0x00000000   Code   RO         3745    .ARM.Collect$$libinit$$00000002  c_p.l(libinit2.o)
    0x0800313e   0x0800313e   0x00000000   Code   RO         3747    .ARM.Collect$$libinit$$00000004  c_p.l(libinit2.o)
    0x0800313e   0x0800313e   0x00000000   Code   RO         3750    .ARM.Collect$$libinit$$0000000A  c_p.l(libinit2.o)
    0x0800313e   0x0800313e   0x00000000   Code   RO         3752    .ARM.Collect$$libinit$$0000000C  c_p.l(libinit2.o)
    0x0800313e   0x0800313e   0x00000000   Code   RO         3754    .ARM.Collect$$libinit$$0000000E  c_p.l(libinit2.o)
    0x0800313e   0x0800313e   0x00000000   Code   RO         3757    .ARM.Collect$$libinit$$00000011  c_p.l(libinit2.o)
    0x0800313e   0x0800313e   0x00000000   Code   RO         3759    .ARM.Collect$$libinit$$00000013  c_p.l(libinit2.o)
    0x0800313e   0x0800313e   0x00000000   Code   RO         3761    .ARM.Collect$$libinit$$00000015  c_p.l(libinit2.o)
    0x0800313e   0x0800313e   0x00000000   Code   RO         3763    .ARM.Collect$$libinit$$00000017  c_p.l(libinit2.o)
    0x0800313e   0x0800313e   0x00000000   Code   RO         3765    .ARM.Collect$$libinit$$00000019  c_p.l(libinit2.o)
    0x0800313e   0x0800313e   0x00000000   Code   RO         3767    .ARM.Collect$$libinit$$0000001B  c_p.l(libinit2.o)
    0x0800313e   0x0800313e   0x00000000   Code   RO         3769    .ARM.Collect$$libinit$$0000001D  c_p.l(libinit2.o)
    0x0800313e   0x0800313e   0x00000000   Code   RO         3771    .ARM.Collect$$libinit$$0000001F  c_p.l(libinit2.o)
    0x0800313e   0x0800313e   0x00000000   Code   RO         3773    .ARM.Collect$$libinit$$00000021  c_p.l(libinit2.o)
    0x0800313e   0x0800313e   0x00000000   Code   RO         3775    .ARM.Collect$$libinit$$00000023  c_p.l(libinit2.o)
    0x0800313e   0x0800313e   0x00000000   Code   RO         3777    .ARM.Collect$$libinit$$00000025  c_p.l(libinit2.o)
    0x0800313e   0x0800313e   0x00000000   Code   RO         3781    .ARM.Collect$$libinit$$0000002C  c_p.l(libinit2.o)
    0x0800313e   0x0800313e   0x00000000   Code   RO         3783    .ARM.Collect$$libinit$$0000002E  c_p.l(libinit2.o)
    0x0800313e   0x0800313e   0x00000000   Code   RO         3785    .ARM.Collect$$libinit$$00000030  c_p.l(libinit2.o)
    0x0800313e   0x0800313e   0x00000000   Code   RO         3787    .ARM.Collect$$libinit$$00000032  c_p.l(libinit2.o)
    0x0800313e   0x0800313e   0x00000002   Code   RO         3788    .ARM.Collect$$libinit$$00000033  c_p.l(libinit2.o)
    0x08003140   0x08003140   0x00000002   Code   RO         3819    .ARM.Collect$$libshutdown$$00000000  c_p.l(libshutdown.o)
    0x08003142   0x08003142   0x00000000   Code   RO         3845    .ARM.Collect$$libshutdown$$00000002  c_p.l(libshutdown2.o)
    0x08003142   0x08003142   0x00000000   Code   RO         3847    .ARM.Collect$$libshutdown$$00000004  c_p.l(libshutdown2.o)
    0x08003142   0x08003142   0x00000000   Code   RO         3850    .ARM.Collect$$libshutdown$$00000007  c_p.l(libshutdown2.o)
    0x08003142   0x08003142   0x00000000   Code   RO         3853    .ARM.Collect$$libshutdown$$0000000A  c_p.l(libshutdown2.o)
    0x08003142   0x08003142   0x00000000   Code   RO         3855    .ARM.Collect$$libshutdown$$0000000C  c_p.l(libshutdown2.o)
    0x08003142   0x08003142   0x00000000   Code   RO         3858    .ARM.Collect$$libshutdown$$0000000F  c_p.l(libshutdown2.o)
    0x08003142   0x08003142   0x00000002   Code   RO         3859    .ARM.Collect$$libshutdown$$00000010  c_p.l(libshutdown2.o)
    0x08003144   0x08003144   0x00000000   Code   RO         3678    .ARM.Collect$$rtentry$$00000000  c_p.l(__rtentry.o)
    0x08003144   0x08003144   0x00000000   Code   RO         3693    .ARM.Collect$$rtentry$$00000002  c_p.l(__rtentry2.o)
    0x08003144   0x08003144   0x00000006   Code   RO         3705    .ARM.Collect$$rtentry$$00000004  c_p.l(__rtentry4.o)
    0x0800314a   0x0800314a   0x00000000   Code   RO         3695    .ARM.Collect$$rtentry$$00000009  c_p.l(__rtentry2.o)
    0x0800314a   0x0800314a   0x00000004   Code   RO         3696    .ARM.Collect$$rtentry$$0000000A  c_p.l(__rtentry2.o)
    0x0800314e   0x0800314e   0x00000000   Code   RO         3698    .ARM.Collect$$rtentry$$0000000C  c_p.l(__rtentry2.o)
    0x0800314e   0x0800314e   0x00000008   Code   RO         3699    .ARM.Collect$$rtentry$$0000000D  c_p.l(__rtentry2.o)
    0x08003156   0x08003156   0x00000002   Code   RO         3736    .ARM.Collect$$rtexit$$00000000  c_p.l(rtexit.o)
    0x08003158   0x08003158   0x00000000   Code   RO         3792    .ARM.Collect$$rtexit$$00000002  c_p.l(rtexit2.o)
    0x08003158   0x08003158   0x00000004   Code   RO         3793    .ARM.Collect$$rtexit$$00000003  c_p.l(rtexit2.o)
    0x0800315c   0x0800315c   0x00000006   Code   RO         3794    .ARM.Collect$$rtexit$$00000004  c_p.l(rtexit2.o)
    0x08003162   0x08003162   0x00000002   PAD
    0x08003164   0x08003164   0x00000038   Code   RO         3632    .emb_text           c_p.l(rt_memcpy.o)
    0x0800319c   0x0800319c   0x00000034   Code   RO            4    .text               startup_stm32f072xb.o
    0x080031d0   0x080031d0   0x00000022   Code   RO         3628    .text               c_p.l(llushr.o)
    0x080031f2   0x080031f2   0x00000102   Code   RO         3630    .text               c_p.l(lludiv.o)
    0x080032f4   0x080032f4   0x00000082   Code   RO         3633    .text               c_p.l(rt_memcpy.o)
    0x08003376   0x08003376   0x00000040   Code   RO         3636    .text               c_p.l(rt_memclr.o)
    0x080033b6   0x080033b6   0x0000015a   Code   RO         3638    .text               c_p.l(aeabi_sdiv.o)
    0x08003510   0x08003510   0x00000006   Code   RO         3642    .text               c_p.l(heapauxi.o)
    0x08003516   0x08003516   0x00000002   PAD
    0x08003518   0x08003518   0x0000007c   Code   RO         3646    .text               fz_ps.l(d2f.o)
    0x08003594   0x08003594   0x00000358   Code   RO         3648    .text               fz_ps.l(daddsub.o)
    0x080038ec   0x080038ec   0x00000448   Code   RO         3650    .text               fz_ps.l(ddiv.o)
    0x08003d34   0x08003d34   0x00000054   Code   RO         3657    .text               fz_ps.l(f2d.o)
    0x08003d88   0x08003d88   0x00000160   Code   RO         3665    .text               fz_ps.l(fdiv.o)
    0x08003ee8   0x08003ee8   0x00000030   Code   RO         3668    .text               fz_ps.l(ffixui.o)
    0x08003f18   0x08003f18   0x0000005e   Code   RO         3670    .text               fz_ps.l(fflti.o)
    0x08003f76   0x08003f76   0x00000002   PAD
    0x08003f78   0x08003f78   0x00000090   Code   RO         3687    .text               fz_ps.l(dcmpin.o)
    0x08004008   0x08004008   0x00000064   Code   RO         3689    .text               fz_ps.l(fcmpin.o)
    0x0800406c   0x0800406c   0x0000002e   Code   RO         3709    .text               fz_ps.l(cmpret.o)
    0x0800409a   0x0800409a   0x00000002   PAD
    0x0800409c   0x0800409c   0x00000014   Code   RO         3711    .text               fz_ps.l(dnan2.o)
    0x080040b0   0x080040b0   0x00000010   Code   RO         3713    .text               fz_ps.l(fnan2.o)
    0x080040c0   0x080040c0   0x0000003e   Code   RO         3715    .text               c_p.l(sys_stackheap_outer.o)
    0x080040fe   0x080040fe   0x00000010   Code   RO         3718    .text               c_p.l(exit.o)
    0x0800410e   0x0800410e   0x0000005e   Code   RO         3730    .text               fz_ps.l(retnan.o)
    0x0800416c   0x0800416c   0x00000008   Code   RO         3732    .text               c_p.l(libspace.o)
    0x08004174   0x08004174   0x0000000c   Code   RO         3789    .text               c_p.l(sys_exit.o)
    0x08004180   0x08004180   0x00000002   Code   RO         3808    .text               c_p.l(use_no_semi.o)
    0x08004182   0x08004182   0x00000000   Code   RO         3810    .text               c_p.l(indicate_semi.o)
    0x08004182   0x08004182   0x00000002   PAD
    0x08004184   0x08004184   0x00000010   Code   RO          762    i.ADC1_COMP_IRQHandler  adc_bsp.o
    0x08004194   0x08004194   0x00000086   Code   RO         1285    i.ADC_DMAConvCplt   stm32f0xx_hal_adc.o
    0x0800421a   0x0800421a   0x0000001e   Code   RO         1286    i.ADC_DMAError      stm32f0xx_hal_adc.o
    0x08004238   0x08004238   0x0000000e   Code   RO         1287    i.ADC_DMAHalfConvCplt  stm32f0xx_hal_adc.o
    0x08004246   0x08004246   0x00000002   PAD
    0x08004248   0x08004248   0x000000d4   Code   RO         1289    i.ADC_Enable        stm32f0xx_hal_adc.o
    0x0800431c   0x0800431c   0x0000001c   Code   RO          763    i.BSP_ADC_DMA_Disable_IT  adc_bsp.o
    0x08004338   0x08004338   0x0000001c   Code   RO          764    i.BSP_ADC_DMA_Enable_IT  adc_bsp.o
    0x08004354   0x08004354   0x000000a0   Code   RO          765    i.BSP_ADC_Init      adc_bsp.o
    0x080043f4   0x080043f4   0x00000034   Code   RO          766    i.BSP_ADC_Start_DMA  adc_bsp.o
    0x08004428   0x08004428   0x0000004c   Code   RO          826    i.BSP_DAC_Convert   dac_bsp.o
    0x08004474   0x08004474   0x00000040   Code   RO          827    i.BSP_DAC_Init      dac_bsp.o
    0x080044b4   0x080044b4   0x00000034   Code   RO          866    i.BSP_IWDG_Init     iwdg_bsp.o
    0x080044e8   0x080044e8   0x00000010   Code   RO          867    i.BSP_IWDG_Refresh  iwdg_bsp.o
    0x080044f8   0x080044f8   0x00000054   Code   RO          710    i.BSP_SPI_Init      spi_bsp.o
    0x0800454c   0x0800454c   0x00000028   Code   RO          712    i.BSP_SPI_Transmit  spi_bsp.o
    0x08004574   0x08004574   0x0000002c   Code   RO          713    i.BSP_SPI_TransmitReceive  spi_bsp.o
    0x080045a0   0x080045a0   0x00000020   Code   RO          895    i.BSP_UART_Receive_DMA  usart_bsp.o
    0x080045c0   0x080045c0   0x00000050   Code   RO          896    i.BSP_UART_ReceiverTimeout_Config  usart_bsp.o
    0x08004610   0x08004610   0x00000020   Code   RO          897    i.BSP_UART_Transmit_DMA  usart_bsp.o
    0x08004630   0x08004630   0x00000064   Code   RO          899    i.BSP_USART_UART_Init  usart_bsp.o
    0x08004694   0x08004694   0x0000004c   Code   RO          511    i.Check_Device_Param  in_memory_app.o
    0x080046e0   0x080046e0   0x00000010   Code   RO          767    i.DMA1_Channel1_IRQHandler  adc_bsp.o
    0x080046f0   0x080046f0   0x00000018   Code   RO          900    i.DMA1_Channel2_3_IRQHandler  usart_bsp.o
    0x08004708   0x08004708   0x00000020   Code   RO         1908    i.DMA_CalcBaseAndBitshift  stm32f0xx_hal_dma.o
    0x08004728   0x08004728   0x0000002a   Code   RO         1909    i.DMA_SetConfig     stm32f0xx_hal_dma.o
    0x08004752   0x08004752   0x00000002   PAD
    0x08004754   0x08004754   0x000001ac   Code   RO          417    i.DataConvertParam_Init  picocap_app.o
    0x08004900   0x08004900   0x00000046   Code   RO          418    i.DataFilterParam_Init  picocap_app.o
    0x08004946   0x08004946   0x00000002   Code   RO           12    i.Error_Handler     main.o
    0x08004948   0x08004948   0x00000028   Code   RO         2351    i.FLASH_MassErase   stm32f0xx_hal_flash_ex.o
    0x08004970   0x08004970   0x0000002c   Code   RO         2360    i.FLASH_PageErase   stm32f0xx_hal_flash_ex.o
    0x0800499c   0x0800499c   0x00000020   Code   RO         2252    i.FLASH_Program_HalfWord  stm32f0xx_hal_flash.o
    0x080049bc   0x080049bc   0x00000048   Code   RO         2253    i.FLASH_SetErrorCode  stm32f0xx_hal_flash.o
    0x08004a04   0x08004a04   0x00000068   Code   RO         2254    i.FLASH_WaitForLastOperation  stm32f0xx_hal_flash.o
    0x08004a6c   0x08004a6c   0x0000004e   Code   RO          467    i.GetAverage        typeconvert.o
    0x08004aba   0x08004aba   0x00000024   Code   RO          468    i.GetDelExtremeAndAverage  typeconvert.o
    0x08004ade   0x08004ade   0x000000e8   Code   RO         1460    i.HAL_ADCEx_Calibration_Start  stm32f0xx_hal_adc_ex.o
    0x08004bc6   0x08004bc6   0x00000002   PAD
    0x08004bc8   0x08004bc8   0x000001ac   Code   RO         1291    i.HAL_ADC_ConfigChannel  stm32f0xx_hal_adc.o
    0x08004d74   0x08004d74   0x00000028   Code   RO          268    i.HAL_ADC_ConvCpltCallback  adc_app.o
    0x08004d9c   0x08004d9c   0x00000002   Code   RO         1293    i.HAL_ADC_ConvHalfCpltCallback  stm32f0xx_hal_adc.o
    0x08004d9e   0x08004d9e   0x00000002   Code   RO         1295    i.HAL_ADC_ErrorCallback  stm32f0xx_hal_adc.o
    0x08004da0   0x08004da0   0x00000116   Code   RO         1299    i.HAL_ADC_IRQHandler  stm32f0xx_hal_adc.o
    0x08004eb6   0x08004eb6   0x00000002   PAD
    0x08004eb8   0x08004eb8   0x000001c4   Code   RO         1300    i.HAL_ADC_Init      stm32f0xx_hal_adc.o
    0x0800507c   0x0800507c   0x00000002   Code   RO         1301    i.HAL_ADC_LevelOutOfWindowCallback  stm32f0xx_hal_adc.o
    0x0800507e   0x0800507e   0x00000002   PAD
    0x08005080   0x08005080   0x000000e8   Code   RO          769    i.HAL_ADC_MspInit   adc_bsp.o
    0x08005168   0x08005168   0x000000c0   Code   RO         1307    i.HAL_ADC_Start_DMA  stm32f0xx_hal_adc.o
    0x08005228   0x08005228   0x00000054   Code   RO         2657    i.HAL_DAC_ConfigChannel  stm32f0xx_hal_dac_ex.o
    0x0800527c   0x0800527c   0x0000002a   Code   RO         2531    i.HAL_DAC_Init      stm32f0xx_hal_dac.o
    0x080052a6   0x080052a6   0x00000002   PAD
    0x080052a8   0x080052a8   0x0000006c   Code   RO          829    i.HAL_DAC_MspInit   dac_bsp.o
    0x08005314   0x08005314   0x0000002e   Code   RO         2534    i.HAL_DAC_SetValue  stm32f0xx_hal_dac.o
    0x08005342   0x08005342   0x0000006e   Code   RO         2660    i.HAL_DAC_Start     stm32f0xx_hal_dac_ex.o
    0x080053b0   0x080053b0   0x000000f0   Code   RO         1915    i.HAL_DMA_IRQHandler  stm32f0xx_hal_dma.o
    0x080054a0   0x080054a0   0x0000005c   Code   RO         1916    i.HAL_DMA_Init      stm32f0xx_hal_dma.o
    0x080054fc   0x080054fc   0x0000009a   Code   RO         1920    i.HAL_DMA_Start_IT  stm32f0xx_hal_dma.o
    0x08005596   0x08005596   0x00000002   PAD
    0x08005598   0x08005598   0x0000002c   Code   RO         1665    i.HAL_Delay         stm32f0xx_hal.o
    0x080055c4   0x080055c4   0x000000ac   Code   RO         2361    i.HAL_FLASHEx_Erase  stm32f0xx_hal_flash_ex.o
    0x08005670   0x08005670   0x00000014   Code   RO         2258    i.HAL_FLASH_Lock    stm32f0xx_hal_flash.o
    0x08005684   0x08005684   0x000000bc   Code   RO         2263    i.HAL_FLASH_Program  stm32f0xx_hal_flash.o
    0x08005740   0x08005740   0x00000034   Code   RO         2265    i.HAL_FLASH_Unlock  stm32f0xx_hal_flash.o
    0x08005774   0x08005774   0x000001f8   Code   RO         1849    i.HAL_GPIO_Init     stm32f0xx_hal_gpio.o
    0x0800596c   0x0800596c   0x0000000c   Code   RO         1853    i.HAL_GPIO_WritePin  stm32f0xx_hal_gpio.o
    0x08005978   0x08005978   0x0000000c   Code   RO         1669    i.HAL_GetTick       stm32f0xx_hal.o
    0x08005984   0x08005984   0x0000006c   Code   RO         2768    i.HAL_IWDG_Init     stm32f0xx_hal_iwdg.o
    0x080059f0   0x080059f0   0x00000010   Code   RO         2769    i.HAL_IWDG_Refresh  stm32f0xx_hal_iwdg.o
    0x08005a00   0x08005a00   0x00000018   Code   RO         1675    i.HAL_IncTick       stm32f0xx_hal.o
    0x08005a18   0x08005a18   0x00000020   Code   RO         1676    i.HAL_Init          stm32f0xx_hal.o
    0x08005a38   0x08005a38   0x00000054   Code   RO         1677    i.HAL_InitTick      stm32f0xx_hal.o
    0x08005a8c   0x08005a8c   0x00000040   Code   RO          248    i.HAL_MspInit       stm32f0xx_hal_msp.o
    0x08005acc   0x08005acc   0x0000001c   Code   RO         2006    i.HAL_NVIC_EnableIRQ  stm32f0xx_hal_cortex.o
    0x08005ae8   0x08005ae8   0x00000012   Code   RO         2010    i.HAL_NVIC_SetPriority  stm32f0xx_hal_cortex.o
    0x08005afa   0x08005afa   0x00000002   PAD
    0x08005afc   0x08005afc   0x00000038   Code   RO         2011    i.HAL_NVIC_SystemReset  stm32f0xx_hal_cortex.o
    0x08005b34   0x08005b34   0x000001a4   Code   RO         1585    i.HAL_RCCEx_PeriphCLKConfig  stm32f0xx_hal_rcc_ex.o
    0x08005cd8   0x08005cd8   0x00000184   Code   RO         1481    i.HAL_RCC_ClockConfig  stm32f0xx_hal_rcc.o
    0x08005e5c   0x08005e5c   0x0000000c   Code   RO         1486    i.HAL_RCC_GetHCLKFreq  stm32f0xx_hal_rcc.o
    0x08005e68   0x08005e68   0x00000024   Code   RO         1488    i.HAL_RCC_GetPCLK1Freq  stm32f0xx_hal_rcc.o
    0x08005e8c   0x08005e8c   0x00000108   Code   RO         1489    i.HAL_RCC_GetSysClockFreq  stm32f0xx_hal_rcc.o
    0x08005f94   0x08005f94   0x0000063c   Code   RO         1492    i.HAL_RCC_OscConfig  stm32f0xx_hal_rcc.o
    0x080065d0   0x080065d0   0x000000dc   Code   RO         3263    i.HAL_SPI_Init      stm32f0xx_hal_spi.o
    0x080066ac   0x080066ac   0x000000cc   Code   RO          715    i.HAL_SPI_MspInit   spi_bsp.o
    0x08006778   0x08006778   0x0000020c   Code   RO         3271    i.HAL_SPI_Transmit  stm32f0xx_hal_spi.o
    0x08006984   0x08006984   0x000002f8   Code   RO         3272    i.HAL_SPI_TransmitReceive  stm32f0xx_hal_spi.o
    0x08006c7c   0x08006c7c   0x00000038   Code   RO         2014    i.HAL_SYSTICK_Config  stm32f0xx_hal_cortex.o
    0x08006cb4   0x08006cb4   0x00000002   Code   RO          901    i.HAL_UART_CMatchCallback  usart_bsp.o
    0x08006cb6   0x08006cb6   0x00000002   Code   RO         2846    i.HAL_UART_ErrorCallback  stm32f0xx_hal_uart.o
    0x08006cb8   0x08006cb8   0x0000007e   Code   RO         2850    i.HAL_UART_Init     stm32f0xx_hal_uart.o
    0x08006d36   0x08006d36   0x00000002   PAD
    0x08006d38   0x08006d38   0x0000015c   Code   RO          903    i.HAL_UART_MspInit  usart_bsp.o
    0x08006e94   0x08006e94   0x000000e8   Code   RO         2854    i.HAL_UART_Receive_DMA  stm32f0xx_hal_uart.o
    0x08006f7c   0x08006f7c   0x0000000c   Code   RO          327    i.HAL_UART_RxCpltCallback  usart_app.o
    0x08006f88   0x08006f88   0x00000002   Code   RO         2858    i.HAL_UART_RxHalfCpltCallback  stm32f0xx_hal_uart.o
    0x08006f8a   0x08006f8a   0x00000002   PAD
    0x08006f8c   0x08006f8c   0x00000054   Code   RO          328    i.HAL_UART_RxTimoCallback  usart_app.o
    0x08006fe0   0x08006fe0   0x000000d8   Code   RO         2860    i.HAL_UART_Transmit_DMA  stm32f0xx_hal_uart.o
    0x080070b8   0x080070b8   0x00000020   Code   RO          329    i.HAL_UART_TxCpltCallback  usart_app.o
    0x080070d8   0x080070d8   0x00000002   Code   RO         2863    i.HAL_UART_TxHalfCpltCallback  stm32f0xx_hal_uart.o
    0x080070da   0x080070da   0x00000004   Code   RO          201    i.HardFault_Handler  stm32f0xx_it.o
    0x080070de   0x080070de   0x0000001a   Code   RO          469    i.HexToFloat        typeconvert.o
    0x080070f8   0x080070f8   0x00000018   Code   RO          470    i.HexToUlong        typeconvert.o
    0x08007110   0x08007110   0x00000038   Code   RO          570    i.InFlash_Erase_Page  in_flash.o
    0x08007148   0x08007148   0x00000028   Code   RO          571    i.InFlash_Read_MultiBytes  in_flash.o
    0x08007170   0x08007170   0x00000010   Code   RO          572    i.InFlash_Read_OneByte  in_flash.o
    0x08007180   0x08007180   0x00000120   Code   RO          573    i.InFlash_Write_MultiBytes  in_flash.o
    0x080072a0   0x080072a0   0x000000b4   Code   RO          574    i.InFlash_Write_OneByte  in_flash.o
    0x08007354   0x08007354   0x00000014   Code   RO          512    i.InMemory_Read_MultiBytes  in_memory_app.o
    0x08007368   0x08007368   0x0000000c   Code   RO          513    i.InMemory_Read_OneByte  in_memory_app.o
    0x08007374   0x08007374   0x000000e0   Code   RO          514    i.InMemory_SystemParam_Check  in_memory_app.o
    0x08007454   0x08007454   0x0000005e   Code   RO          515    i.InMemory_Write3T_MultiBytes  in_memory_app.o
    0x080074b2   0x080074b2   0x00000014   Code   RO          516    i.InMemory_Write_MultiBytes  in_memory_app.o
    0x080074c6   0x080074c6   0x00000010   Code   RO          517    i.InMemory_Write_OneByte  in_memory_app.o
    0x080074d6   0x080074d6   0x00000002   PAD
    0x080074d8   0x080074d8   0x000000b0   Code   RO         1113    i.MB_CapAD_Calibration  modbus_conf.o
    0x08007588   0x08007588   0x000000d8   Code   RO         1114    i.MB_CapDAOut_Calibration  modbus_conf.o
    0x08007660   0x08007660   0x000000c0   Code   RO         1115    i.MB_Cap_Calibration  modbus_conf.o
    0x08007720   0x08007720   0x0000000a   Code   RO         1116    i.MB_Freeze         modbus_conf.o
    0x0800772a   0x0800772a   0x00000014   Code   RO         1117    i.MB_SendData_NoCheck  modbus_conf.o
    0x0800773e   0x0800773e   0x00000016   Code   RO         1118    i.MB_System_Reset   modbus_conf.o
    0x08007754   0x08007754   0x00000078   Code   RO         1119    i.MB_TempDAOut_Calibration  modbus_conf.o
    0x080077cc   0x080077cc   0x0000001a   Code   RO         1120    i.MB_USART_ReInit   modbus_conf.o
    0x080077e6   0x080077e6   0x00000002   PAD
    0x080077e8   0x080077e8   0x0000003c   Code   RO         1249    i.MDB_Get_CRC16     modbus_rtu.o
    0x08007824   0x08007824   0x0000003a   Code   RO         1250    i.MODBUS_RTU_RecvData  modbus_rtu.o
    0x0800785e   0x0800785e   0x0000005e   Code   RO         1251    i.MODBUS_RTU_SendData  modbus_rtu.o
    0x080078bc   0x080078bc   0x00000088   Code   RO          986    i.ModBus_Init       modbus.o
    0x08007944   0x08007944   0x0000004c   Code   RO         1121    i.ModBus_ReadPreHandle  modbus_conf.o
    0x08007990   0x08007990   0x00000050   Code   RO         1122    i.ModBus_WritePreHandle  modbus_conf.o
    0x080079e0   0x080079e0   0x00000080   Code   RO         1123    i.ModbusAutoUpload  modbus_conf.o
    0x08007a60   0x08007a60   0x00000144   Code   RO         1124    i.ModbusFunc03      modbus_conf.o
    0x08007ba4   0x08007ba4   0x00000102   Code   RO         1125    i.ModbusFunc04      modbus_conf.o
    0x08007ca6   0x08007ca6   0x00000002   PAD
    0x08007ca8   0x08007ca8   0x00000188   Code   RO         1126    i.ModbusFunc05      modbus_conf.o
    0x08007e30   0x08007e30   0x000001f0   Code   RO         1127    i.ModbusFunc10      modbus_conf.o
    0x08008020   0x08008020   0x000002ec   Code   RO         1128    i.ModbusFunc25      modbus_conf.o
    0x0800830c   0x0800830c   0x000001a8   Code   RO         1129    i.ModbusFunc26      modbus_conf.o
    0x080084b4   0x080084b4   0x00000328   Code   RO         1130    i.ModbusFunc27      modbus_conf.o
    0x080087dc   0x080087dc   0x0000015c   Code   RO         1131    i.ModbusFunc2A      modbus_conf.o
    0x08008938   0x08008938   0x00000268   Code   RO         1132    i.ModbusFunc2B      modbus_conf.o
    0x08008ba0   0x08008ba0   0x00000078   Code   RO         1133    i.ModbusFunc41      modbus_conf.o
    0x08008c18   0x08008c18   0x000000fe   Code   RO          998    i.ModbusHandle      modbus.o
    0x08008d16   0x08008d16   0x00000002   Code   RO          202    i.NMI_Handler       stm32f0xx_it.o
    0x08008d18   0x08008d18   0x00000034   Code   RO          617    i.PCap_Enable       picocap.o
    0x08008d4c   0x08008d4c   0x0000005e   Code   RO          618    i.PCap_Init         picocap.o
    0x08008daa   0x08008daa   0x0000002a   Code   RO          619    i.PCap_Measure      picocap.o
    0x08008dd4   0x08008dd4   0x0000005c   Code   RO          620    i.PCap_NSS_Config   picocap.o
    0x08008e30   0x08008e30   0x0000002a   Code   RO          621    i.PCap_PTL_Reset    picocap.o
    0x08008e5a   0x08008e5a   0x00000002   PAD
    0x08008e5c   0x08008e5c   0x00000064   Code   RO          622    i.PCap_Reg_Config   picocap.o
    0x08008ec0   0x08008ec0   0x00000050   Code   RO          623    i.PCap_Res_Data     picocap.o
    0x08008f10   0x08008f10   0x0000004a   Code   RO          624    i.PCap_Res_Sta      picocap.o
    0x08008f5a   0x08008f5a   0x0000002a   Code   RO          626    i.PCap_Reset        picocap.o
    0x08008f84   0x08008f84   0x000000b8   Code   RO          627    i.PCap_WR_SRAM      picocap.o
    0x0800903c   0x0800903c   0x00000002   Code   RO          203    i.PendSV_Handler    stm32f0xx_it.o
    0x0800903e   0x0800903e   0x0000006a   Code   RO         3301    i.SPI_EndRxTxTransaction  stm32f0xx_hal_spi.o
    0x080090a8   0x080090a8   0x000000ae   Code   RO         3306    i.SPI_WaitFifoStateUntilTimeout  stm32f0xx_hal_spi.o
    0x08009156   0x08009156   0x000000a8   Code   RO         3307    i.SPI_WaitFlagStateUntilTimeout  stm32f0xx_hal_spi.o
    0x080091fe   0x080091fe   0x00000002   Code   RO          204    i.SVC_Handler       stm32f0xx_it.o
    0x08009200   0x08009200   0x0000002c   Code   RO          999    i.Send_Data         modbus.o
    0x0800922c   0x0800922c   0x00000038   Code   RO         1000    i.SensorEvent       modbus.o
    0x08009264   0x08009264   0x00000014   Code   RO          269    i.Sensor_ADC_Clean_Updata_Flag  adc_app.o
    0x08009278   0x08009278   0x00000074   Code   RO          271    i.Sensor_ADC_Get_TemperData  adc_app.o
    0x080092ec   0x080092ec   0x0000000c   Code   RO          272    i.Sensor_ADC_Get_Updata_Flag  adc_app.o
    0x080092f8   0x080092f8   0x00000014   Code   RO          273    i.Sensor_ADC_Init   adc_app.o
    0x0800930c   0x0800930c   0x000000e0   Code   RO          274    i.Sensor_ADC_TemperParam_Init  adc_app.o
    0x080093ec   0x080093ec   0x00000204   Code   RO          419    i.Sensor_DataFilter  picocap_app.o
    0x080095f0   0x080095f0   0x000001f8   Code   RO          420    i.Sensor_PCap_DataConvert  picocap_app.o
    0x080097e8   0x080097e8   0x00000042   Code   RO          421    i.Sensor_PCap_GetResult  picocap_app.o
    0x0800982a   0x0800982a   0x00000002   PAD
    0x0800982c   0x0800982c   0x0000000c   Code   RO          330    i.Sensor_USART_Clear_RX_Updata_Flag  usart_app.o
    0x08009838   0x08009838   0x0000000c   Code   RO          331    i.Sensor_USART_Clear_TX_Cplt_Flag  usart_app.o
    0x08009844   0x08009844   0x00000088   Code   RO          332    i.Sensor_USART_GetReceData  usart_app.o
    0x080098cc   0x080098cc   0x0000000c   Code   RO          335    i.Sensor_USART_Get_RX_Updata_Flag  usart_app.o
    0x080098d8   0x080098d8   0x0000000c   Code   RO          336    i.Sensor_USART_Get_TX_Cplt_Flag  usart_app.o
    0x080098e4   0x080098e4   0x000000b8   Code   RO          337    i.Sensor_USART_Init  usart_app.o
    0x0800999c   0x0800999c   0x0000007c   Code   RO          471    i.SortArrayExtreme  typeconvert.o
    0x08009a18   0x08009a18   0x00000088   Code   RO          422    i.SwitchCurFilter   picocap_app.o
    0x08009aa0   0x08009aa0   0x00000008   Code   RO          205    i.SysTick_Handler   stm32f0xx_it.o
    0x08009aa8   0x08009aa8   0x00000088   Code   RO           13    i.SystemClock_Config  main.o
    0x08009b30   0x08009b30   0x00000002   Code   RO         3596    i.SystemInit        system_stm32f0xx.o
    0x08009b32   0x08009b32   0x000000f0   Code   RO         2864    i.UART_AdvFeatureConfig  stm32f0xx_hal_uart.o
    0x08009c22   0x08009c22   0x00000002   PAD
    0x08009c24   0x08009c24   0x00000070   Code   RO         2865    i.UART_CheckIdleState  stm32f0xx_hal_uart.o
    0x08009c94   0x08009c94   0x00000052   Code   RO         2867    i.UART_DMAError     stm32f0xx_hal_uart.o
    0x08009ce6   0x08009ce6   0x00000044   Code   RO         2868    i.UART_DMAReceiveCplt  stm32f0xx_hal_uart.o
    0x08009d2a   0x08009d2a   0x0000000e   Code   RO         2870    i.UART_DMARxHalfCplt  stm32f0xx_hal_uart.o
    0x08009d38   0x08009d38   0x00000034   Code   RO         2872    i.UART_DMATransmitCplt  stm32f0xx_hal_uart.o
    0x08009d6c   0x08009d6c   0x0000000e   Code   RO         2874    i.UART_DMATxHalfCplt  stm32f0xx_hal_uart.o
    0x08009d7a   0x08009d7a   0x00000024   Code   RO         2876    i.UART_EndRxTransfer  stm32f0xx_hal_uart.o
    0x08009d9e   0x08009d9e   0x00000012   Code   RO         2878    i.UART_EndTxTransfer  stm32f0xx_hal_uart.o
    0x08009db0   0x08009db0   0x00000234   Code   RO         2881    i.UART_SetConfig    stm32f0xx_hal_uart.o
    0x08009fe4   0x08009fe4   0x000000bc   Code   RO         2884    i.UART_WaitOnFlagUntilTimeout  stm32f0xx_hal_uart.o
    0x0800a0a0   0x0800a0a0   0x000000e0   Code   RO          905    i.USART1_IRQHandler  usart_bsp.o
    0x0800a180   0x0800a180   0x0000005c   Code   RO          338    i._485_RE_DE_GPIO_Init  usart_app.o
    0x0800a1dc   0x0800a1dc   0x00000030   Code   RO         1567    i.__ARM_common_ll_muluu  stm32f0xx_hal_rcc.o
    0x0800a20c   0x0800a20c   0x0000001c   Code   RO          410    i.__ARM_common_switch8  usart_app.o
    0x0800a228   0x0800a228   0x00000078   Code   RO         2016    i.__NVIC_SetPriority  stm32f0xx_hal_cortex.o
    0x0800a2a0   0x0800a2a0   0x00000114   Code   RO           14    i.main              main.o
    0x0800a3b4   0x0800a3b4   0x00000064   Code   RO         3653    x$fpl$dleqf         fz_ps.l(dlef.o)
    0x0800a418   0x0800a418   0x00000068   Code   RO         3655    x$fpl$drleqf        fz_ps.l(drlef.o)
    0x0800a480   0x0800a480   0x0000008c   Code   RO         3659    x$fpl$fadd          fz_ps.l(faddsub.o)
    0x0800a50c   0x0800a50c   0x00000054   Code   RO         3672    x$fpl$fleqf         fz_ps.l(flef.o)
    0x0800a560   0x0800a560   0x000000b0   Code   RO         3674    x$fpl$fmul          fz_ps.l(fmul.o)
    0x0800a610   0x0800a610   0x00000058   Code   RO         3676    x$fpl$frleqf        fz_ps.l(frlef.o)
    0x0800a668   0x0800a668   0x000000d0   Code   RO         3661    x$fpl$fsub          fz_ps.l(faddsub.o)
    0x0800a738   0x0800a738   0x00000000   Code   RO         3691    x$fpl$usenofp       fz_ps.l(usenofp.o)
    0x0800a738   0x0800a738   0x0000003c   Data   RO          518    .constdata          in_memory_app.o
    0x0800a774   0x0800a774   0x00000404   Data   RO          628    .constdata          picocap.o
    0x0800ab78   0x0800ab78   0x00000200   Data   RO         1252    .constdata          modbus_rtu.o
    0x0800ad78   0x0800ad78   0x00000018   Data   RO         3597    .constdata          system_stm32f0xx.o
    0x0800ad90   0x0800ad90   0x00000080   Data   RO         3651    .constdata          fz_ps.l(ddiv.o)
    0x0800ae10   0x0800ae10   0x00000040   Data   RO         3666    .constdata          fz_ps.l(fdiv.o)
    0x0800ae50   0x0800ae50   0x00000020   Data   RO         3860    Region$$Table       anon$$obj.o


    Execution Region RW_IRAM1 (Exec base: 0x200000c0, Load base: 0x0800ae70, Size: 0x00001428, Max: 0x00003f40, ABSOLUTE)

    Exec Addr    Load Addr    Size         Type   Attr      Idx    E Section Name        Object

    0x200000c0   0x0800ae70   0x00000001   Data   RW          276    .data               adc_app.o
    0x200000c1   0x0800ae71   0x00000001   PAD
    0x200000c2   0x0800ae72   0x00000007   Data   RW          340    .data               usart_app.o
    0x200000c9   0x0800ae79   0x00000001   Data   RW          424    .data               picocap_app.o
    0x200000ca   0x0800ae7a   0x00000002   PAD
    0x200000cc   0x0800ae7c   0x00000004   Data   RW         1002    .data               modbus.o
    0x200000d0   0x0800ae80   0x00000022   Data   RW         1134    .data               modbus_conf.o
    0x200000f2   0x0800aea2   0x00000002   PAD
    0x200000f4   0x0800aea4   0x00000009   Data   RW         1683    .data               stm32f0xx_hal.o
    0x200000fd   0x0800aead   0x00000003   PAD
    0x20000100   0x0800aeb0   0x00000004   Data   RW         3598    .data               system_stm32f0xx.o
    0x20000104        -       0x00000050   Zero   RW          275    .bss                adc_app.o
    0x20000154        -       0x00000080   Zero   RW          339    .bss                usart_app.o
    0x200001d4        -       0x00000378   Zero   RW          423    .bss                picocap_app.o
    0x2000054c   0x0800aeb4   0x00000004   PAD
    0x20000550        -       0x00000800   Zero   RW          575    .bss                in_flash.o
    0x20000d50        -       0x00000064   Zero   RW          716    .bss                spi_bsp.o
    0x20000db4        -       0x00000084   Zero   RW          770    .bss                adc_bsp.o
    0x20000e38        -       0x00000014   Zero   RW          830    .bss                dac_bsp.o
    0x20000e4c        -       0x00000010   Zero   RW          868    .bss                iwdg_bsp.o
    0x20000e5c        -       0x00000108   Zero   RW          906    .bss                usart_bsp.o
    0x20000f64        -       0x00000100   Zero   RW         1001    .bss                modbus.o
    0x20001064   0x0800aeb4   0x00000004   PAD
    0x20001068        -       0x00000020   Zero   RW         2266    .bss                stm32f0xx_hal_flash.o
    0x20001088        -       0x00000060   Zero   RW         3733    .bss                c_p.l(libspace.o)
    0x200010e8        -       0x00000000   Zero   RW            2    HEAP                startup_stm32f072xb.o
    0x200010e8        -       0x00000400   Zero   RW            1    STACK               startup_stm32f072xb.o



  Load Region LR$$.ARM.__AT_0x20000000 (Base: 0x20000000, Size: 0x00000000, Max: 0x000000c0, ABSOLUTE)

    Execution Region ER$$.ARM.__AT_0x20000000 (Exec base: 0x20000000, Load base: 0x20000000, Size: 0x000000c0, Max: 0x000000c0, ABSOLUTE, UNINIT)

    Exec Addr    Load Addr    Size         Type   Attr      Idx    E Section Name        Object

    0x20000000        -       0x000000c0   Zero   RW           15    .ARM.__AT_0x20000000  main.o


==============================================================================

Image component sizes


      Code (inc. data)   RO Data    RW Data    ZI Data      Debug   Object Name

       432         52          0          1         80       3667   adc_app.o
       532         50          0          0        132       4116   adc_bsp.o
       248         22          0          0         20       2259   dac_bsp.o
       580         36          0          0       2048       4441   in_flash.o
       462         18         60          0          0       5201   in_memory_app.o
        68         22          0          0         16       1051   iwdg_bsp.o
       414         12          0          0        192     496422   main.o
       490         12          0          4        256       3099   modbus.o
      5600        318          0         34          0      17498   modbus_conf.o
       212         10        512          0          0       2758   modbus_rtu.o
       802         14       1028          0          0       5779   picocap.o
      1720         58          0          1        888       5483   picocap_app.o
       372         38          0          0        100       2902   spi_bsp.o
        52         22        192          0       1024        624   startup_stm32f072xb.o
       196         38          0          9          0       8405   stm32f0xx_hal.o
      1746         56          0          0          0       8006   stm32f0xx_hal_adc.o
       232          0          0          0          0       1330   stm32f0xx_hal_adc_ex.o
       278         34          0          0          0      10872   stm32f0xx_hal_cortex.o
        88          0          0          0          0       1738   stm32f0xx_hal_dac.o
       194          6          0          0          0       1880   stm32f0xx_hal_dac_ex.o
       560         10          0          0          0       3859   stm32f0xx_hal_dma.o
       468         52          0          0         32       4050   stm32f0xx_hal_flash.o
       256         30          0          0          0       2387   stm32f0xx_hal_flash_ex.o
       516         30          0          0          0       2172   stm32f0xx_hal_gpio.o
       124         18          0          0          0       1659   stm32f0xx_hal_iwdg.o
        64          4          0          0          0        774   stm32f0xx_hal_msp.o
      2344        100          0          0          0       5209   stm32f0xx_hal_rcc.o
       420         14          0          0          0       1508   stm32f0xx_hal_rcc_ex.o
      1952          0          0          0          0       6652   stm32f0xx_hal_spi.o
      1968         70          0          0          0      11661   stm32f0xx_hal_uart.o
        18          0          0          0          0       2023   stm32f0xx_it.o
         2          0         24          4          0       1055   system_stm32f0xx.o
       288          0          0          0          0       3644   typeconvert.o
       616         76          0          7        128       5969   usart_app.o
       842         48          0          0        264      22885   usart_bsp.o

    ----------------------------------------------------------------------
     25188       1270       1848         68       5188     663038   Object Totals
         0          0         32          0          0          0   (incl. Generated)
        32          0          0          8          8          0   (incl. Padding)

    ----------------------------------------------------------------------

      Code (inc. data)   RO Data    RW Data    ZI Data      Debug   Library Member Name

         8          0          0          0          0         68   __main.o
         0          0          0          0          0          0   __rtentry.o
        12          0          0          0          0          0   __rtentry2.o
         6          0          0          0          0          0   __rtentry4.o
        60          8          0          0          0          0   __scatter.o
        26          0          0          0          0          0   __scatter_copy.o
        28          0          0          0          0          0   __scatter_zi.o
       346          0          0          0          0         92   aeabi_sdiv.o
        16          0          0          0          0         68   exit.o
         6          0          0          0          0        136   heapauxi.o
         0          0          0          0          0          0   indicate_semi.o
         2          0          0          0          0          0   libinit.o
         2          0          0          0          0          0   libinit2.o
         2          0          0          0          0          0   libshutdown.o
         2          0          0          0          0          0   libshutdown2.o
         8          4          0          0         96         68   libspace.o
       258          0          0          0          0         88   lludiv.o
        34          0          0          0          0         68   llushr.o
        64          0          0          0          0        108   rt_memclr.o
       186          0          0          0          0        144   rt_memcpy.o
         2          0          0          0          0          0   rtexit.o
        10          0          0          0          0          0   rtexit2.o
        12          4          0          0          0         60   sys_exit.o
        62          0          0          0          0         80   sys_stackheap_outer.o
         2          0          0          0          0         68   use_no_semi.o
        46          0          0          0          0         60   cmpret.o
       124          4          0          0          0         72   d2f.o
       856         20          0          0          0        208   daddsub.o
       144          4          0          0          0         76   dcmpin.o
      1096         26        128          0          0        112   ddiv.o
       100          4          0          0          0         92   dlef.o
        20          6          0          0          0         68   dnan2.o
       104          4          0          0          0        104   drlef.o
        84          4          0          0          0         60   f2d.o
       348          8          0          0          0        160   faddsub.o
       100          4          0          0          0         68   fcmpin.o
       352         10         64          0          0         92   fdiv.o
        48          0          0          0          0         60   ffixui.o
        94          0          0          0          0         92   fflti.o
        84          4          0          0          0         76   flef.o
       176          4          0          0          0         80   fmul.o
        16          6          0          0          0         68   fnan2.o
        88          4          0          0          0         76   frlef.o
        94          0          0          0          0         68   retnan.o
         0          0          0          0          0          0   usenofp.o

    ----------------------------------------------------------------------
      5140        128        192          0         96       2740   Library Totals
        12          0          0          0          0          0   (incl. Padding)

    ----------------------------------------------------------------------

      Code (inc. data)   RO Data    RW Data    ZI Data      Debug   Library Name

      1154         16          0          0         96       1048   c_p.l
      3974        112        192          0          0       1692   fz_ps.l

    ----------------------------------------------------------------------
      5140        128        192          0         96       2740   Library Totals

    ----------------------------------------------------------------------

==============================================================================


      Code (inc. data)   RO Data    RW Data    ZI Data      Debug   

     30328       1398       2040         68       5284     656506   Grand Totals
     30328       1398       2040         68       5284     656506   ELF Image Totals
     30328       1398       2040         68          0          0   ROM Totals

==============================================================================

    Total RO  Size (Code + RO Data)                32368 (  31.61kB)
    Total RW  Size (RW Data + ZI Data)              5352 (   5.23kB)
    Total ROM Size (Code + RO Data + RW Data)      32436 (  31.68kB)

==============================================================================

