Component: ARM Compiler 5.06 update 6 (build 750) Tool: armlink [4d35ed]

==============================================================================

Section Cross References

    startup_stm32f072xb.o(STACK) refers (Special) to heapauxi.o(.text) for __use_two_region_memory
    startup_stm32f072xb.o(HEAP) refers (Special) to heapauxi.o(.text) for __use_two_region_memory
    startup_stm32f072xb.o(RESET) refers (Special) to heapauxi.o(.text) for __use_two_region_memory
    startup_stm32f072xb.o(RESET) refers to startup_stm32f072xb.o(STACK) for __initial_sp
    startup_stm32f072xb.o(RESET) refers to startup_stm32f072xb.o(.text) for Reset_Handler
    startup_stm32f072xb.o(RESET) refers to stm32f0xx_it.o(i.NMI_Handler) for NMI_Handler
    startup_stm32f072xb.o(RESET) refers to stm32f0xx_it.o(i.HardFault_Handler) for HardFault_Handler
    startup_stm32f072xb.o(RESET) refers to stm32f0xx_it.o(i.SVC_Handler) for SVC_Handler
    startup_stm32f072xb.o(RESET) refers to stm32f0xx_it.o(i.PendSV_Handler) for PendSV_Handler
    startup_stm32f072xb.o(RESET) refers to stm32f0xx_it.o(i.SysTick_Handler) for SysTick_Handler
    startup_stm32f072xb.o(RESET) refers to adc_bsp.o(i.DMA1_Channel1_IRQHandler) for DMA1_Channel1_IRQHandler
    startup_stm32f072xb.o(RESET) refers to usart_bsp.o(i.DMA1_Channel2_3_IRQHandler) for DMA1_Channel2_3_IRQHandler
    startup_stm32f072xb.o(RESET) refers to adc_bsp.o(i.ADC1_COMP_IRQHandler) for ADC1_COMP_IRQHandler
    startup_stm32f072xb.o(RESET) refers to usart_bsp.o(i.USART1_IRQHandler) for USART1_IRQHandler
    startup_stm32f072xb.o(.text) refers (Special) to heapauxi.o(.text) for __use_two_region_memory
    startup_stm32f072xb.o(.text) refers to system_stm32f0xx.o(i.SystemInit) for SystemInit
    startup_stm32f072xb.o(.text) refers to __main.o(!!!main) for __main
    startup_stm32f072xb.o(.text) refers to startup_stm32f072xb.o(HEAP) for Heap_Mem
    startup_stm32f072xb.o(.text) refers to startup_stm32f072xb.o(STACK) for Stack_Mem
    main.o(i.SystemClock_Config) refers to rt_memclr.o(.text) for __aeabi_memclr4
    main.o(i.SystemClock_Config) refers to stm32f0xx_hal_rcc.o(i.HAL_RCC_OscConfig) for HAL_RCC_OscConfig
    main.o(i.SystemClock_Config) refers to stm32f0xx_hal_rcc.o(i.HAL_RCC_ClockConfig) for HAL_RCC_ClockConfig
    main.o(i.SystemClock_Config) refers to stm32f0xx_hal_rcc_ex.o(i.HAL_RCCEx_PeriphCLKConfig) for HAL_RCCEx_PeriphCLKConfig
    main.o(i.main) refers to stm32f0xx_hal.o(i.HAL_GetTick) for HAL_GetTick
    main.o(i.main) refers to stm32f0xx_hal.o(i.HAL_Init) for HAL_Init
    main.o(i.main) refers to main.o(i.SystemClock_Config) for SystemClock_Config
    main.o(i.main) refers to in_flash_app.o(i.Check_Device_Param) for Check_Device_Param
    main.o(i.main) refers to picocap_app.o(i.DataFilterParam_Init) for DataFilterParam_Init
    main.o(i.main) refers to picocap_app.o(i.DataConvertParam_Init) for DataConvertParam_Init
    main.o(i.main) refers to adc_app.o(i.Sensor_ADC_TemperParam_Init) for Sensor_ADC_TemperParam_Init
    main.o(i.main) refers to picocap.o(i.PCap_Init) for PCap_Init
    main.o(i.main) refers to adc_app.o(i.Sensor_ADC_Init) for Sensor_ADC_Init
    main.o(i.main) refers to dac_bsp.o(i.BSP_DAC_Init) for BSP_DAC_Init
    main.o(i.main) refers to iwdg_bsp.o(i.BSP_IWDG_Init) for BSP_IWDG_Init
    main.o(i.main) refers to modbusrtu.o(i.ModBus_Init) for ModBus_Init
    main.o(i.main) refers to iwdg_bsp.o(i.BSP_IWDG_Refresh) for BSP_IWDG_Refresh
    main.o(i.main) refers to usart_app.o(i.Sensor_USART_Get_RX_Updata_Flag) for Sensor_USART_Get_RX_Updata_Flag
    main.o(i.main) refers to modbusrtu.o(i.ModbusHandle) for ModbusHandle
    main.o(i.main) refers to usart_app.o(i.Sensor_USART_Clear_RX_Updata_Flag) for Sensor_USART_Clear_RX_Updata_Flag
    main.o(i.main) refers to picocap_app.o(i.Sensor_PCap_GetResult) for Sensor_PCap_GetResult
    main.o(i.main) refers to picocap_app.o(i.Sensor_DataFilter) for Sensor_DataFilter
    main.o(i.main) refers to picocap_app.o(i.Sensor_PCap_DataConvert) for Sensor_PCap_DataConvert
    main.o(i.main) refers to dac_bsp.o(i.BSP_DAC_Convert) for BSP_DAC_Convert
    main.o(i.main) refers to adc_app.o(i.Sensor_ADC_Get_Updata_Flag) for Sensor_ADC_Get_Updata_Flag
    main.o(i.main) refers to adc_app.o(i.Sensor_ADC_Get_TemperData) for Sensor_ADC_Get_TemperData
    main.o(i.main) refers to adc_app.o(i.Sensor_ADC_Clean_Updata_Flag) for Sensor_ADC_Clean_Updata_Flag
    main.o(i.main) refers to modbusrtu.o(i.SensorEvent) for SensorEvent
    stm32f0xx_it.o(i.SysTick_Handler) refers to stm32f0xx_hal.o(i.HAL_IncTick) for HAL_IncTick
    adc_app.o(i.HAL_ADC_ConvCpltCallback) refers to adc_bsp.o(i.BSP_ADC_Conver_Stop) for BSP_ADC_Conver_Stop
    adc_app.o(i.HAL_ADC_ConvCpltCallback) refers to rt_memcpy.o(.text) for __aeabi_memcpy
    adc_app.o(i.HAL_ADC_ConvCpltCallback) refers to adc_app.o(.bss) for .bss
    adc_app.o(i.HAL_ADC_ConvCpltCallback) refers to adc_app.o(.data) for .data
[...]
    i.HexToFloat                             0x08002b58   Section        0  typeconvert.o(i.HexToFloat)
    i.HexToUlong                             0x08002b6e   Section        0  typeconvert.o(i.HexToUlong)
    i.InFlash_Erase_Page                     0x08002b84   Section        0  in_flash.o(i.InFlash_Erase_Page)
    i.InFlash_Read_MultiBytes                0x08002bb4   Section        0  in_flash.o(i.InFlash_Read_MultiBytes)
    i.InFlash_Read_OneByte                   0x08002bd4   Section        0  in_flash.o(i.InFlash_Read_OneByte)
    i.InFlash_SystemParam_Check              0x08002be0   Section        0  in_flash_app.o(i.InFlash_SystemParam_Check)
    i.InFlash_Write3T_MultiBytes             0x08002c98   Section        0  in_flash_app.o(i.InFlash_Write3T_MultiBytes)
    i.InFlash_Write_MultiBytes               0x08002cdc   Section        0  in_flash.o(i.InFlash_Write_MultiBytes)
    i.InFlash_Write_OneByte                  0x08002db8   Section        0  in_flash.o(i.InFlash_Write_OneByte)
    i.MB_CapAD_Calibration                   0x08002e34   Section        0  modbus_conf.o(i.MB_CapAD_Calibration)
    i.MB_CapDAOut_Calibration                0x08002e88   Section        0  modbus_conf.o(i.MB_CapDAOut_Calibration)
    i.MB_Cap_Calibration                     0x08002efc   Section        0  modbus_conf.o(i.MB_Cap_Calibration)
    i.MB_Freeze                              0x08002f68   Section        0  modbus_conf.o(i.MB_Freeze)
    MB_Freeze                                0x08002f69   Thumb Code     8  modbus_conf.o(i.MB_Freeze)
    i.MB_SendData_NoCheck                    0x08002f70   Section        0  modbus_conf.o(i.MB_SendData_NoCheck)
    MB_SendData_NoCheck                      0x08002f71   Thumb Code    16  modbus_conf.o(i.MB_SendData_NoCheck)
    i.MB_System_Reset                        0x08002f80   Section        0  modbus_conf.o(i.MB_System_Reset)
    MB_System_Reset                          0x08002f81   Thumb Code    18  modbus_conf.o(i.MB_System_Reset)
    i.MB_TempDAOut_Calibration               0x08002f94   Section        0  modbus_conf.o(i.MB_TempDAOut_Calibration)
    i.MB_USART_ReInit                        0x08002fe0   Section        0  modbus_conf.o(i.MB_USART_ReInit)
    MB_USART_ReInit                          0x08002fe1   Thumb Code    24  modbus_conf.o(i.MB_USART_ReInit)
    i.MDB_Get_CRC16                          0x08002ff8   Section        0  modbusrtu.o(i.MDB_Get_CRC16)
    i.MDB_Snd_Msg_RTU                        0x08003028   Section        0  modbusrtu.o(i.MDB_Snd_Msg_RTU)
    i.ModBus_Init                            0x08003068   Section        0  modbusrtu.o(i.ModBus_Init)
    i.ModBus_ReadPreHandle                   0x080030ec   Section        0  modbus_conf.o(i.ModBus_ReadPreHandle)
    ModBus_ReadPreHandle                     0x080030ed   Thumb Code    60  modbus_conf.o(i.ModBus_ReadPreHandle)
    i.ModBus_WritePreHandle                  0x08003128   Section        0  modbus_conf.o(i.ModBus_WritePreHandle)
    ModBus_WritePreHandle                    0x08003129   Thumb Code    60  modbus_conf.o(i.ModBus_WritePreHandle)
    i.ModbusAutoUpload                       0x08003164   Section        0  modbus_conf.o(i.ModbusAutoUpload)
    i.ModbusFunc03                           0x080031d8   Section        0  modbus_conf.o(i.ModbusFunc03)
    i.ModbusFunc04                           0x080032c8   Section        0  modbus_conf.o(i.ModbusFunc04)
    i.ModbusFunc05                           0x0800338c   Section        0  modbus_conf.o(i.ModbusFunc05)
    i.ModbusFunc10                           0x08003490   Section        0  modbus_conf.o(i.ModbusFunc10)
    i.ModbusFunc25                           0x08003618   Section        0  modbus_conf.o(i.ModbusFunc25)
    i.ModbusFunc26                           0x08003824   Section        0  modbus_conf.o(i.ModbusFunc26)
    i.ModbusFunc27                           0x08003954   Section        0  modbus_conf.o(i.ModbusFunc27)
    i.ModbusFunc2A                           0x08003b78   Section        0  modbus_conf.o(i.ModbusFunc2A)
    i.ModbusFunc2B                           0x08003c34   Section        0  modbus_conf.o(i.ModbusFunc2B)
    i.ModbusFunc41                           0x08003df4   Section        0  modbus_conf.o(i.ModbusFunc41)
    i.ModbusHandle                           0x08003e5c   Section        0  modbusrtu.o(i.ModbusHandle)
    i.NMI_Handler                            0x08003f6e   Section        0  stm32f0xx_it.o(i.NMI_Handler)
    i.PCap_Enable                            0x08003f70   Section        0  picocap.o(i.PCap_Enable)
    i.PCap_Init                              0x08003fa8   Section        0  picocap.o(i.PCap_Init)
    i.PCap_Measure                           0x08004040   Section        0  picocap.o(i.PCap_Measure)
    i.PCap_PTL_Reset                         0x0800406e   Section        0  picocap.o(i.PCap_PTL_Reset)
    i.PCap_Reg_Config                        0x0800409c   Section        0  picocap.o(i.PCap_Reg_Config)
    i.PCap_Res_Data                          0x080040ec   Section        0  picocap.o(i.PCap_Res_Data)
    i.PCap_Res_Sta                           0x08004138   Section        0  picocap.o(i.PCap_Res_Sta)
    i.PCap_Reset                             0x08004180   Section        0  picocap.o(i.PCap_Reset)
    i.PCap_WR_SRAM                           0x080041b0   Section        0  picocap.o(i.PCap_WR_SRAM)
    i.PendSV_Handler                         0x08004250   Section        0  stm32f0xx_it.o(i.PendSV_Handler)
    i.SPI_EndRxTxTransaction                 0x08004252   Section        0  stm32f0xx_hal_spi.o(i.SPI_EndRxTxTransaction)
    SPI_EndRxTxTransaction                   0x08004253   Thumb Code    76  stm32f0xx_hal_spi.o(i.SPI_EndRxTxTransaction)
    i.SPI_WaitFifoStateUntilTimeout          0x0800429e   Section        0  stm32f0xx_hal_spi.o(i.SPI_WaitFifoStateUntilTimeout)
    SPI_WaitFifoStateUntilTimeout            0x0800429f   Thumb Code   144  stm32f0xx_hal_spi.o(i.SPI_WaitFifoStateUntilTimeout)
    i.SPI_WaitFlagStateUntilTimeout          0x0800432e   Section        0  stm32f0xx_hal_spi.o(i.SPI_WaitFlagStateUntilTimeout)
    SPI_WaitFlagStateUntilTimeout            0x0800432f   Thumb Code   140  stm32f0xx_hal_spi.o(i.SPI_WaitFlagStateUntilTimeout)
    i.SVC_Handler                            0x080043ba   Section        0  stm32f0xx_it.o(i.SVC_Handler)
    i.Send_Data                              0x080043bc   Section        0  modbusrtu.o(i.Send_Data)
    i.SensorEvent                            0x080043e4   Section        0  modbusrtu.o(i.SensorEvent)
    i.Sensor_ADC_Clean_Updata_Flag           0x0800441c   Section        0  adc_app.o(i.Sensor_ADC_Clean_Updata_Flag)
    i.Sensor_ADC_Get_TemperData              0x08004430   Section        0  adc_app.o(i.Sensor_ADC_Get_TemperData)
    i.Sensor_ADC_Get_Updata_Flag             0x08004474   Section        0  adc_app.o(i.Sensor_ADC_Get_Updata_Flag)
    i.Sensor_ADC_Init                        0x08004480   Section        0  adc_app.o(i.Sensor_ADC_Init)
    i.Sensor_ADC_TemperParam_Init            0x080044c4   Section        0  adc_app.o(i.Sensor_ADC_TemperParam_Init)
    i.Sensor_DataFilter                      0x0800454c   Section        0  picocap_app.o(i.Sensor_DataFilter)
    i.Sensor_PCap_DataConvert                0x080046d4   Section        0  picocap_app.o(i.Sensor_PCap_DataConvert)
    i.Sensor_PCap_GetResult                  0x08004854   Section        0  picocap_app.o(i.Sensor_PCap_GetResult)
    i.Sensor_USART_Clear_RX_Updata_Flag      0x08004878   Section        0  usart_app.o(i.Sensor_USART_Clear_RX_Updata_Flag)
    i.Sensor_USART_Clear_TX_Cplt_Flag        0x08004884   Section        0  usart_app.o(i.Sensor_USART_Clear_TX_Cplt_Flag)
    i.Sensor_USART_GetReceData               0x08004890   Section        0  usart_app.o(i.Sensor_USART_GetReceData)
    i.Sensor_USART_Get_RX_Len                0x080048dc   Section        0  usart_app.o(i.Sensor_USART_Get_RX_Len)
    i.Sensor_USART_Get_RX_Updata_Flag        0x080048e8   Section        0  usart_app.o(i.Sensor_USART_Get_RX_Updata_Flag)
    i.Sensor_USART_Get_TX_Cplt_Flag          0x080048f4   Section        0  usart_app.o(i.Sensor_USART_Get_TX_Cplt_Flag)
    i.Sensor_USART_Init                      0x08004900   Section        0  usart_app.o(i.Sensor_USART_Init)
    i.SortArrayExtreme                       0x080049c8   Section        0  typeconvert.o(i.SortArrayExtreme)
    i.SwitchCurFilter                        0x08004a28   Section        0  picocap_app.o(i.SwitchCurFilter)
    i.SysTick_Handler                        0x08004a8c   Section        0  stm32f0xx_it.o(i.SysTick_Handler)
    i.SystemClock_Config                     0x08004a94   Section        0  main.o(i.SystemClock_Config)
    i.SystemInit                             0x08004af8   Section        0  system_stm32f0xx.o(i.SystemInit)
    i.UART_AdvFeatureConfig                  0x08004afa   Section        0  stm32f0xx_hal_uart.o(i.UART_AdvFeatureConfig)
    i.UART_CheckIdleState                    0x08004bc4   Section        0  stm32f0xx_hal_uart.o(i.UART_CheckIdleState)
    i.UART_DMAError                          0x08004c24   Section        0  stm32f0xx_hal_uart.o(i.UART_DMAError)
    UART_DMAError                            0x08004c25   Thumb Code    72  stm32f0xx_hal_uart.o(i.UART_DMAError)
    i.UART_DMAReceiveCplt                    0x08004c6c   Section        0  stm32f0xx_hal_uart.o(i.UART_DMAReceiveCplt)
    UART_DMAReceiveCplt                      0x08004c6d   Thumb Code    60  stm32f0xx_hal_uart.o(i.UART_DMAReceiveCplt)
    i.UART_DMARxHalfCplt                     0x08004ca8   Section        0  stm32f0xx_hal_uart.o(i.UART_DMARxHalfCplt)
    UART_DMARxHalfCplt                       0x08004ca9   Thumb Code    10  stm32f0xx_hal_uart.o(i.UART_DMARxHalfCplt)
    i.UART_DMATransmitCplt                   0x08004cb2   Section        0  stm32f0xx_hal_uart.o(i.UART_DMATransmitCplt)
    UART_DMATransmitCplt                     0x08004cb3   Thumb Code    46  stm32f0xx_hal_uart.o(i.UART_DMATransmitCplt)
    i.UART_DMATxHalfCplt                     0x08004ce0   Section        0  stm32f0xx_hal_uart.o(i.UART_DMATxHalfCplt)
    UART_DMATxHalfCplt                       0x08004ce1   Thumb Code    10  stm32f0xx_hal_uart.o(i.UART_DMATxHalfCplt)
    i.UART_EndRxTransfer                     0x08004cea   Section        0  stm32f0xx_hal_uart.o(i.UART_EndRxTransfer)
    UART_EndRxTransfer                       0x08004ceb   Thumb Code    32  stm32f0xx_hal_uart.o(i.UART_EndRxTransfer)
    i.UART_EndTxTransfer                     0x08004d0a   Section        0  stm32f0xx_hal_uart.o(i.UART_EndTxTransfer)
    UART_EndTxTransfer                       0x08004d0b   Thumb Code    16  stm32f0xx_hal_uart.o(i.UART_EndTxTransfer)
    i.UART_SetConfig                         0x08004d1c   Section        0  stm32f0xx_hal_uart.o(i.UART_SetConfig)
    i.UART_WaitOnFlagUntilTimeout            0x08004e98   Section        0  stm32f0xx_hal_uart.o(i.UART_WaitOnFlagUntilTimeout)
    i.USART1_IRQHandler                      0x08004f34   Section        0  usart_bsp.o(i.USART1_IRQHandler)
    i.__ARM_common_ll_muluu                  0x08004fa4   Section        0  stm32f0xx_hal_rcc.o(i.__ARM_common_ll_muluu)
    i.__ARM_common_switch8                   0x08004fd4   Section        0  usart_app.o(i.__ARM_common_switch8)
    i.__NVIC_SetPriority                     0x08004ff0   Section        0  stm32f0xx_hal_cortex.o(i.__NVIC_SetPriority)
    __NVIC_SetPriority                       0x08004ff1   Thumb Code    60  stm32f0xx_hal_cortex.o(i.__NVIC_SetPriority)
    i.main                                   0x08005034   Section        0  main.o(i.main)
    x$fpl$fadd                               0x08005110   Section      140  faddsub.o(x$fpl$fadd)
    _fadd1                                   0x0800511d   Thumb Code     0  faddsub.o(x$fpl$fadd)
    x$fpl$fmul                               0x0800519c   Section      176  fmul.o(x$fpl$fmul)
    x$fpl$fsub                               0x0800524c   Section      208  faddsub.o(x$fpl$fsub)
    _fsub1                                   0x08005259   Thumb Code     0  faddsub.o(x$fpl$fsub)
    .constdata                               0x0800531c   Section       60  in_flash_app.o(.constdata)
    x$fpl$usenofp                            0x0800531c   Section        0  usenofp.o(x$fpl$usenofp)
    .constdata                               0x08005358   Section      512  modbusrtu.o(.constdata)
    .constdata                               0x08005558   Section        8  modbus_conf.o(.constdata)
    .constdata                               0x08005560   Section     1028  picocap.o(.constdata)
    .constdata                               0x08005964   Section       16  system_stm32f0xx.o(.constdata)
    .constdata                               0x08005974   Section        8  system_stm32f0xx.o(.constdata)
    .constdata                               0x0800597c   Section       64  fdiv.o(.constdata)
    fdiv_tab                                 0x0800597c   Data          64  fdiv.o(.constdata)
    .data                                    0x20000000   Section       12  adc_app.o(.data)
    ADC_Updata_Flag                          0x20000000   Data           1  adc_app.o(.data)
    Temp30_Vref_Adc                          0x20000002   Data           2  adc_app.o(.data)
    Temp110_Vref_Adc                         0x20000004   Data           2  adc_app.o(.data)
    TempVarySlope                            0x20000008   Data           4  adc_app.o(.data)
    .data                                    0x2000000c   Section        8  usart_app.o(.data)
    RX_OverRun_Flag                          0x2000000c   Data           1  usart_app.o(.data)
    TX_Cplt_Flag                             0x2000000d   Data           1  usart_app.o(.data)
    RX_Updata_Flag                           0x2000000e   Data           1  usart_app.o(.data)
    RX_Len                                   0x20000010   Data           2  usart_app.o(.data)
    Used_RX_Len                              0x20000012   Data           2  usart_app.o(.data)
    .data                                    0x20000014   Section        1  picocap_app.o(.data)
    DataResBuf_Count                         0x20000014   Data           1  picocap_app.o(.data)
    .data                                    0x20000018   Section        4  modbusrtu.o(.data)
    Old_Tick                                 0x20000018   Data           4  modbusrtu.o(.data)
    .data                                    0x2000001c   Section       36  modbus_conf.o(.data)
    CapDA_ClibFlag                           0x2000001c   Data           1  modbus_conf.o(.data)
    CalibFlag                                0x2000001d   Data           1  modbus_conf.o(.data)
    CapAD_ClibFlag                           0x2000001e   Data           1  modbus_conf.o(.data)
    CapAD_ClibEn                             0x2000001f   Data           1  modbus_conf.o(.data)
    TempDA_ClibFlag                          0x20000020   Data           1  modbus_conf.o(.data)
    TempDA_ClibEn                            0x20000021   Data           1  modbus_conf.o(.data)
    Calib_CapDAMin                           0x20000022   Data           2  modbus_conf.o(.data)
    Calib_CapDALow                           0x20000024   Data           2  modbus_conf.o(.data)
    Calib_CapDAHigh                          0x20000026   Data           2  modbus_conf.o(.data)
    Calib_CapDAMax                           0x20000028   Data           2  modbus_conf.o(.data)
    Calib_TempDAMin                          0x2000002a   Data           2  modbus_conf.o(.data)
    Calib_TempDAMax                          0x2000002c   Data           2  modbus_conf.o(.data)
    Calib_ADMin                              0x2000002e   Data           2  modbus_conf.o(.data)
    Calib_ADLow                              0x20000030   Data           2  modbus_conf.o(.data)
    Calib_ADHigh                             0x20000032   Data           2  modbus_conf.o(.data)
    Calib_ADMax                              0x20000034   Data           2  modbus_conf.o(.data)
    Calib_CapMin                             0x20000038   Data           4  modbus_conf.o(.data)
    Calib_CapMax                             0x2000003c   Data           4  modbus_conf.o(.data)
    .data                                    0x20000040   Section       12  stm32f0xx_hal.o(.data)
    .data                                    0x2000004c   Section        4  system_stm32f0xx.o(.data)
    .bss                                     0x20000050   Section       80  adc_app.o(.bss)
    gADC_GetData                             0x20000050   Data          40  adc_app.o(.bss)
    uADC_GetResult                           0x20000078   Data          40  adc_app.o(.bss)
    .bss                                     0x200000a0   Section       32  usart_app.o(.bss)
    USART_Receive_Buf                        0x200000a0   Data          32  usart_app.o(.bss)
    .bss                                     0x200000c0   Section      888  picocap_app.o(.bss)
    Data_1st_FilterBuf                       0x200000c0   Data         384  picocap_app.o(.bss)
    Data_1st_FilterBufBak                    0x20000240   Data         384  picocap_app.o(.bss)
    Data_2nd_FilterBuf                       0x200003c0   Data          40  picocap_app.o(.bss)
    Data_2nd_FilterBufBak                    0x200003e8   Data          40  picocap_app.o(.bss)
    DataResBuf                               0x20000410   Data          40  picocap_app.o(.bss)
    .bss                                     0x20000438   Section       64  modbusrtu.o(.bss)
    ModBus_Receive_Buf                       0x20000438   Data          32  modbusrtu.o(.bss)
    ModBus_Send_Buf                          0x20000458   Data          32  modbusrtu.o(.bss)
    .bss                                     0x20000478   Section     2048  in_flash.o(.bss)
    Flash_Buf                                0x20000478   Data        2048  in_flash.o(.bss)
    .bss                                     0x20000c78   Section      100  spi_bsp.o(.bss)
    hspi1                                    0x20000c78   Data         100  spi_bsp.o(.bss)
    .bss                                     0x20000cdc   Section      132  adc_bsp.o(.bss)
    hadc                                     0x20000cdc   Data          64  adc_bsp.o(.bss)
    hdma_adc                                 0x20000d1c   Data          68  adc_bsp.o(.bss)
    .bss                                     0x20000d60   Section       20  dac_bsp.o(.bss)
    hdac                                     0x20000d60   Data          20  dac_bsp.o(.bss)
    .bss                                     0x20000d74   Section       16  iwdg_bsp.o(.bss)
    hiwdg                                    0x20000d74   Data          16  iwdg_bsp.o(.bss)
    .bss                                     0x20000d84   Section      264  usart_bsp.o(.bss)
    huart                                    0x20000d84   Data         128  usart_bsp.o(.bss)
    hdma_usart_rx                            0x20000e04   Data          68  usart_bsp.o(.bss)
    hdma_usart_tx                            0x20000e48   Data          68  usart_bsp.o(.bss)
    .bss                                     0x20000e90   Section       32  stm32f0xx_hal_flash.o(.bss)
    .bss                                     0x20000eb0   Section       96  libspace.o(.bss)
    HEAP                                     0x20000f10   Section        0  startup_stm32f072xb.o(HEAP)
    STACK                                    0x20000f10   Section     1024  startup_stm32f072xb.o(STACK)
    Heap_Mem                                 0x20000f10   Data           0  startup_stm32f072xb.o(HEAP)
    Stack_Mem                                0x20000f10   Data        1024  startup_stm32f072xb.o(STACK)
    __initial_sp                             0x20001310   Data           0  startup_stm32f072xb.o(STACK)

    Global Symbols

    Symbol Name                              Value     Ov Type        Size  Object(Section)

    BuildAttributes$$THM_ISAv3M$S$PE$A:L22$X:L11$S22$IEEE1$IW$USESV6$~STKCKD$USESV7$~SHL$OSPACE$ROPI$EBA8$UX$STANDARDLIB$REQ8$PRES8$EABIv2 0x00000000   Number         0  anon$$obj.o ABSOLUTE
    __ARM_use_no_argv                        0x00000000   Number         0  main.o ABSOLUTE
    __ARM_exceptions_init                     - Undefined Weak Reference
    __alloca_initialize                       - Undefined Weak Reference
    __arm_preinit_                            - Undefined Weak Reference
    __cpp_initialize__aeabi_                  - Undefined Weak Reference
    __cxa_finalize                            - Undefined Weak Reference
    __rt_locale                               - Undefined Weak Reference
    __sigvec_lookup                           - Undefined Weak Reference
    _atexit_init                              - Undefined Weak Reference
    _call_atexit_fns                          - Undefined Weak Reference
    _clock_init                               - Undefined Weak Reference
    _fp_trap_init                             - Undefined Weak Reference
    _fp_trap_shutdown                         - Undefined Weak Reference
    _get_lc_collate                           - Undefined Weak Reference
    _get_lc_ctype                             - Undefined Weak Reference
    _get_lc_monetary                          - Undefined Weak Reference
    _get_lc_numeric                           - Undefined Weak Reference
    _get_lc_time                              - Undefined Weak Reference
    _getenv_init                              - Undefined Weak Reference
    _handle_redirection                       - Undefined Weak Reference
    _init_alloc                               - Undefined Weak Reference
    _init_user_alloc                          - Undefined Weak Reference
    _initio                                   - Undefined Weak Reference
    _rand_init                                - Undefined Weak Reference
    _signal_finish                            - Undefined Weak Reference
    _signal_init                              - Undefined Weak Reference
    _terminate_alloc                          - Undefined Weak Reference
    _terminate_user_alloc                     - Undefined Weak Reference
    _terminateio                              - Undefined Weak Reference
    __Vectors_Size                           0x000000c0   Number         0  startup_stm32f072xb.o ABSOLUTE
    __Vectors                                0x08000000   Data           4  startup_stm32f072xb.o(RESET)
    __Vectors_End                            0x080000c0   Data           0  startup_stm32f072xb.o(RESET)
    __main                                   0x080000c1   Thumb Code     8  __main.o(!!!main)
    __scatterload                            0x080000c9   Thumb Code     0  __scatter.o(!!!scatter)
    __scatterload_rt2                        0x080000c9   Thumb Code    52  __scatter.o(!!!scatter)
    __scatterload_rt2_thumb_only             0x080000c9   Thumb Code     0  __scatter.o(!!!scatter)
    __scatterload_null                       0x080000d9   Thumb Code     0  __scatter.o(!!!scatter)
    __scatterload_copy                       0x08000105   Thumb Code    26  __scatter_copy.o(!!handler_copy)
    __scatterload_zeroinit                   0x08000121   Thumb Code    28  __scatter_zi.o(!!handler_zi)
    __rt_lib_init                            0x0800013d   Thumb Code     0  libinit.o(.ARM.Collect$$libinit$$00000000)
    __rt_lib_init_alloca_1                   0x0800013f   Thumb Code     0  libinit2.o(.ARM.Collect$$libinit$$0000002E)
    __rt_lib_init_argv_1                     0x0800013f   Thumb Code     0  libinit2.o(.ARM.Collect$$libinit$$0000002C)
    __rt_lib_init_atexit_1                   0x0800013f   Thumb Code     0  libinit2.o(.ARM.Collect$$libinit$$0000001B)
    __rt_lib_init_clock_1                    0x0800013f   Thumb Code     0  libinit2.o(.ARM.Collect$$libinit$$00000021)
    __rt_lib_init_cpp_1                      0x0800013f   Thumb Code     0  libinit2.o(.ARM.Collect$$libinit$$00000032)
    __rt_lib_init_exceptions_1               0x0800013f   Thumb Code     0  libinit2.o(.ARM.Collect$$libinit$$00000030)
    __rt_lib_init_fp_1                       0x0800013f   Thumb Code     0  libinit2.o(.ARM.Collect$$libinit$$00000002)
    __rt_lib_init_fp_trap_1                  0x0800013f   Thumb Code     0  libinit2.o(.ARM.Collect$$libinit$$0000001F)
    __rt_lib_init_getenv_1                   0x0800013f   Thumb Code     0  libinit2.o(.ARM.Collect$$libinit$$00000023)
    __rt_lib_init_heap_1                     0x0800013f   Thumb Code     0  libinit2.o(.ARM.Collect$$libinit$$0000000A)
    __rt_lib_init_lc_collate_1               0x0800013f   Thumb Code     0  libinit2.o(.ARM.Collect$$libinit$$00000011)
    __rt_lib_init_lc_ctype_1                 0x0800013f   Thumb Code     0  libinit2.o(.ARM.Collect$$libinit$$00000013)
    __rt_lib_init_lc_monetary_1              0x0800013f   Thumb Code     0  libinit2.o(.ARM.Collect$$libinit$$00000015)
    __rt_lib_init_lc_numeric_1               0x0800013f   Thumb Code     0  libinit2.o(.ARM.Collect$$libinit$$00000017)
    __rt_lib_init_lc_time_1                  0x0800013f   Thumb Code     0  libinit2.o(.ARM.Collect$$libinit$$00000019)
    __rt_lib_init_preinit_1                  0x0800013f   Thumb Code     0  libinit2.o(.ARM.Collect$$libinit$$00000004)
    __rt_lib_init_rand_1                     0x0800013f   Thumb Code     0  libinit2.o(.ARM.Collect$$libinit$$0000000E)
    __rt_lib_init_return                     0x0800013f   Thumb Code     0  libinit2.o(.ARM.Collect$$libinit$$00000033)
    __rt_lib_init_signal_1                   0x0800013f   Thumb Code     0  libinit2.o(.ARM.Collect$$libinit$$0000001D)
    __rt_lib_init_stdio_1                    0x0800013f   Thumb Code     0  libinit2.o(.ARM.Collect$$libinit$$00000025)
    __rt_lib_init_user_alloc_1               0x0800013f   Thumb Code     0  libinit2.o(.ARM.Collect$$libinit$$0000000C)
    __rt_lib_shutdown                        0x08000141   Thumb Code     0  libshutdown.o(.ARM.Collect$$libshutdown$$00000000)
    __rt_lib_shutdown_cpp_1                  0x08000143   Thumb Code     0  libshutdown2.o(.ARM.Collect$$libshutdown$$00000002)
    __rt_lib_shutdown_fp_trap_1              0x08000143   Thumb Code     0  libshutdown2.o(.ARM.Collect$$libshutdown$$00000007)
    __rt_lib_shutdown_heap_1                 0x08000143   Thumb Code     0  libshutdown2.o(.ARM.Collect$$libshutdown$$0000000F)
    __rt_lib_shutdown_return                 0x08000143   Thumb Code     0  libshutdown2.o(.ARM.Collect$$libshutdown$$00000010)
    __rt_lib_shutdown_signal_1               0x08000143   Thumb Code     0  libshutdown2.o(.ARM.Collect$$libshutdown$$0000000A)
    __rt_lib_shutdown_stdio_1                0x08000143   Thumb Code     0  libshutdown2.o(.ARM.Collect$$libshutdown$$00000004)
    __rt_lib_shutdown_user_alloc_1           0x08000143   Thumb Code     0  libshutdown2.o(.ARM.Collect$$libshutdown$$0000000C)
    __rt_entry                               0x08000145   Thumb Code     0  __rtentry.o(.ARM.Collect$$rtentry$$00000000)
    __rt_entry_presh_1                       0x08000145   Thumb Code     0  __rtentry2.o(.ARM.Collect$$rtentry$$00000002)
    __rt_entry_sh                            0x08000145   Thumb Code     0  __rtentry4.o(.ARM.Collect$$rtentry$$00000004)
    __rt_entry_li                            0x0800014b   Thumb Code     0  __rtentry2.o(.ARM.Collect$$rtentry$$0000000A)
    __rt_entry_postsh_1                      0x0800014b   Thumb Code     0  __rtentry2.o(.ARM.Collect$$rtentry$$00000009)
    __rt_entry_main                          0x0800014f   Thumb Code     0  __rtentry2.o(.ARM.Collect$$rtentry$$0000000D)
    __rt_entry_postli_1                      0x0800014f   Thumb Code     0  __rtentry2.o(.ARM.Collect$$rtentry$$0000000C)
    __rt_exit                                0x08000157   Thumb Code     0  rtexit.o(.ARM.Collect$$rtexit$$00000000)
    __rt_exit_ls                             0x08000159   Thumb Code     0  rtexit2.o(.ARM.Collect$$rtexit$$00000003)
    __rt_exit_prels_1                        0x08000159   Thumb Code     0  rtexit2.o(.ARM.Collect$$rtexit$$00000002)
    __rt_exit_exit                           0x0800015d   Thumb Code     0  rtexit2.o(.ARM.Collect$$rtexit$$00000004)
    __aeabi_memcpy4                          0x08000165   Thumb Code    56  rt_memcpy.o(.emb_text)
    __aeabi_memcpy8                          0x08000165   Thumb Code     0  rt_memcpy.o(.emb_text)
    Reset_Handler                            0x0800019d   Thumb Code     8  startup_stm32f072xb.o(.text)
    CEC_CAN_IRQHandler                       0x080001af   Thumb Code     0  startup_stm32f072xb.o(.text)
    DMA1_Channel4_5_6_7_IRQHandler           0x080001af   Thumb Code     0  startup_stm32f072xb.o(.text)
    EXTI0_1_IRQHandler                       0x080001af   Thumb Code     0  startup_stm32f072xb.o(.text)
    EXTI2_3_IRQHandler                       0x080001af   Thumb Code     0  startup_stm32f072xb.o(.text)
    EXTI4_15_IRQHandler                      0x080001af   Thumb Code     0  startup_stm32f072xb.o(.text)
    FLASH_IRQHandler                         0x080001af   Thumb Code     0  startup_stm32f072xb.o(.text)
    I2C1_IRQHandler                          0x080001af   Thumb Code     0  startup_stm32f072xb.o(.text)
    I2C2_IRQHandler                          0x080001af   Thumb Code     0  startup_stm32f072xb.o(.text)
    PVD_VDDIO2_IRQHandler                    0x080001af   Thumb Code     0  startup_stm32f072xb.o(.text)
    RCC_CRS_IRQHandler                       0x080001af   Thumb Code     0  startup_stm32f072xb.o(.text)
    RTC_IRQHandler                           0x080001af   Thumb Code     0  startup_stm32f072xb.o(.text)
    SPI1_IRQHandler                          0x080001af   Thumb Code     0  startup_stm32f072xb.o(.text)
    SPI2_IRQHandler                          0x080001af   Thumb Code     0  startup_stm32f072xb.o(.text)
    TIM14_IRQHandler                         0x080001af   Thumb Code     0  startup_stm32f072xb.o(.text)
    TIM15_IRQHandler                         0x080001af   Thumb Code     0  startup_stm32f072xb.o(.text)
    TIM16_IRQHandler                         0x080001af   Thumb Code     0  startup_stm32f072xb.o(.text)
    TIM17_IRQHandler                         0x080001af   Thumb Code     0  startup_stm32f072xb.o(.text)
    TIM1_BRK_UP_TRG_COM_IRQHandler           0x080001af   Thumb Code     0  startup_stm32f072xb.o(.text)
    TIM1_CC_IRQHandler                       0x080001af   Thumb Code     0  startup_stm32f072xb.o(.text)
    TIM2_IRQHandler                          0x080001af   Thumb Code     0  startup_stm32f072xb.o(.text)
    TIM3_IRQHandler                          0x080001af   Thumb Code     0  startup_stm32f072xb.o(.text)
    TIM6_DAC_IRQHandler                      0x080001af   Thumb Code     0  startup_stm32f072xb.o(.text)
    TIM7_IRQHandler                          0x080001af   Thumb Code     0  startup_stm32f072xb.o(.text)
    TSC_IRQHandler                           0x080001af   Thumb Code     0  startup_stm32f072xb.o(.text)
    USART2_IRQHandler                        0x080001af   Thumb Code     0  startup_stm32f072xb.o(.text)
    USART3_4_IRQHandler                      0x080001af   Thumb Code     0  startup_stm32f072xb.o(.text)
    USB_IRQHandler                           0x080001af   Thumb Code     0  startup_stm32f072xb.o(.text)
    WWDG_IRQHandler                          0x080001af   Thumb Code     0  startup_stm32f072xb.o(.text)
    __user_initial_stackheap                 0x080001b1   Thumb Code     0  startup_stm32f072xb.o(.text)
    __aeabi_llsr                             0x080001d1   Thumb Code    34  llushr.o(.text)
    _ll_ushift_r                             0x080001d1   Thumb Code     0  llushr.o(.text)
    __aeabi_uldivmod                         0x080001f3   Thumb Code   258  lludiv.o(.text)
    _ll_udiv                                 0x080001f3   Thumb Code     0  lludiv.o(.text)
    __aeabi_memcpy                           0x080002f5   Thumb Code   130  rt_memcpy.o(.text)
    __rt_memcpy                              0x080002f5   Thumb Code     0  rt_memcpy.o(.text)
    _memset_w                                0x08000377   Thumb Code    26  rt_memclr.o(.text)
    _memset                                  0x08000391   Thumb Code    30  rt_memclr.o(.text)
    __aeabi_memclr                           0x080003af   Thumb Code     4  rt_memclr.o(.text)
    __rt_memclr                              0x080003af   Thumb Code     0  rt_memclr.o(.text)
    __aeabi_memclr4                          0x080003b3   Thumb Code     0  rt_memclr.o(.text)
    __aeabi_memclr8                          0x080003b3   Thumb Code     0  rt_memclr.o(.text)
    __rt_memclr_w                            0x080003b3   Thumb Code     4  rt_memclr.o(.text)
    __aeabi_uidiv                            0x080003b7   Thumb Code     0  aeabi_sdiv.o(.text)
    __aeabi_uidivmod                         0x080003b7   Thumb Code    20  aeabi_sdiv.o(.text)
    __aeabi_idiv                             0x080003cb   Thumb Code     0  aeabi_sdiv.o(.text)
    __aeabi_idivmod                          0x080003cb   Thumb Code   326  aeabi_sdiv.o(.text)
    __use_two_region_memory                  0x08000511   Thumb Code     2  heapauxi.o(.text)
    __rt_heap_escrow$2region                 0x08000513   Thumb Code     2  heapauxi.o(.text)
    __rt_heap_expand$2region                 0x08000515   Thumb Code     2  heapauxi.o(.text)
    __aeabi_fdiv                             0x08000519   Thumb Code     0  fdiv.o(.text)
    _fdiv                                    0x08000519   Thumb Code   334  fdiv.o(.text)
    _frdiv                                   0x08000667   Thumb Code     8  fdiv.o(.text)
    __aeabi_f2uiz                            0x08000679   Thumb Code     0  ffixui.o(.text)
    _ffixu                                   0x08000679   Thumb Code    48  ffixui.o(.text)
    __aeabi_i2f_normalise                    0x080006a9   Thumb Code    72  fflti.o(.text)
    __aeabi_i2f                              0x080006f1   Thumb Code    16  fflti.o(.text)
    _fflt                                    0x080006f1   Thumb Code     0  fflti.o(.text)
    __aeabi_ui2f                             0x08000701   Thumb Code     6  fflti.o(.text)
    _ffltu                                   0x08000701   Thumb Code     0  fflti.o(.text)
    __user_setup_stackheap                   0x08000707   Thumb Code    62  sys_stackheap_outer.o(.text)
    exit                                     0x08000745   Thumb Code    16  exit.o(.text)
    __user_libspace                          0x08000755   Thumb Code     8  libspace.o(.text)
    __user_perproc_libspace                  0x08000755   Thumb Code     0  libspace.o(.text)
    __user_perthread_libspace                0x08000755   Thumb Code     0  libspace.o(.text)
    _sys_exit                                0x0800075d   Thumb Code     8  sys_exit.o(.text)
    __I$use$semihosting                      0x08000769   Thumb Code     0  use_no_semi.o(.text)
    __use_no_semihosting_swi                 0x08000769   Thumb Code     2  use_no_semi.o(.text)
    __semihosting_library_function           0x0800076b   Thumb Code     0  indicate_semi.o(.text)
    ADC1_COMP_IRQHandler                     0x0800076d   Thumb Code    10  adc_bsp.o(i.ADC1_COMP_IRQHandler)
    BSP_ADC_Conver_Start                     0x08000891   Thumb Code    14  adc_bsp.o(i.BSP_ADC_Conver_Start)
    BSP_ADC_Conver_Stop                      0x080008a5   Thumb Code    14  adc_bsp.o(i.BSP_ADC_Conver_Stop)
    BSP_ADC_Init                             0x080008b9   Thumb Code   132  adc_bsp.o(i.BSP_ADC_Init)
    BSP_ADC_Start_DMA                        0x08000945   Thumb Code    20  adc_bsp.o(i.BSP_ADC_Start_DMA)
    BSP_DAC_Convert                          0x0800095d   Thumb Code    50  dac_bsp.o(i.BSP_DAC_Convert)
    BSP_DAC_Init                             0x08000999   Thumb Code    54  dac_bsp.o(i.BSP_DAC_Init)
    BSP_IWDG_Init                            0x080009d9   Thumb Code    34  iwdg_bsp.o(i.BSP_IWDG_Init)
    BSP_IWDG_Refresh                         0x08000a0d   Thumb Code    10  iwdg_bsp.o(i.BSP_IWDG_Refresh)
    BSP_SPI_Init                             0x08000a1d   Thumb Code    66  spi_bsp.o(i.BSP_SPI_Init)
    BSP_SPI_Transmit                         0x08000a69   Thumb Code    22  spi_bsp.o(i.BSP_SPI_Transmit)
    BSP_SPI_TransmitReceive                  0x08000a89   Thumb Code    26  spi_bsp.o(i.BSP_SPI_TransmitReceive)
    BSP_UART_Receive_DMA                     0x08000aad   Thumb Code    20  usart_bsp.o(i.BSP_UART_Receive_DMA)
    BSP_UART_ReceiverTimeout_Config          0x08000ac5   Thumb Code    48  usart_bsp.o(i.BSP_UART_ReceiverTimeout_Config)
    BSP_UART_Transmit_DMA                    0x08000af9   Thumb Code    20  usart_bsp.o(i.BSP_UART_Transmit_DMA)
    BSP_USART_UART_Init                      0x08000b11   Thumb Code    74  usart_bsp.o(i.BSP_USART_UART_Init)
    Check_Device_Param                       0x08000b65   Thumb Code    62  in_flash_app.o(i.Check_Device_Param)
    DMA1_Channel1_IRQHandler                 0x08000ba9   Thumb Code    10  adc_bsp.o(i.DMA1_Channel1_IRQHandler)
    DMA1_Channel2_3_IRQHandler               0x08000bb9   Thumb Code    18  usart_bsp.o(i.DMA1_Channel2_3_IRQHandler)
    DataConvertParam_Init                    0x08000c1d   Thumb Code   314  picocap_app.o(i.DataConvertParam_Init)
    DataFilterParam_Init                     0x08000d5d   Thumb Code    72  picocap_app.o(i.DataFilterParam_Init)
    Error_Handler                            0x08000da5   Thumb Code     2  main.o(i.Error_Handler)
    FLASH_PageErase                          0x08000dcd   Thumb Code    28  stm32f0xx_hal_flash_ex.o(i.FLASH_PageErase)
    FLASH_WaitForLastOperation               0x08000e49   Thumb Code    76  stm32f0xx_hal_flash.o(i.FLASH_WaitForLastOperation)
    GetAverage                               0x08000e99   Thumb Code    56  typeconvert.o(i.GetAverage)
    GetDelExtremeAndAverage                  0x08000ed1   Thumb Code    28  typeconvert.o(i.GetDelExtremeAndAverage)
    HAL_ADCEx_Calibration_Start              0x08000eed   Thumb Code   176  stm32f0xx_hal_adc_ex.o(i.HAL_ADCEx_Calibration_Start)
    HAL_ADC_ConfigChannel                    0x08000f9d   Thumb Code   284  stm32f0xx_hal_adc.o(i.HAL_ADC_ConfigChannel)
    HAL_ADC_ConvCpltCallback                 0x080010c9   Thumb Code    24  adc_app.o(i.HAL_ADC_ConvCpltCallback)
    HAL_ADC_ConvHalfCpltCallback             0x080010e9   Thumb Code     2  stm32f0xx_hal_adc.o(i.HAL_ADC_ConvHalfCpltCallback)
    HAL_ADC_ErrorCallback                    0x080010eb   Thumb Code     2  stm32f0xx_hal_adc.o(i.HAL_ADC_ErrorCallback)
    HAL_ADC_IRQHandler                       0x080010ed   Thumb Code   208  stm32f0xx_hal_adc.o(i.HAL_ADC_IRQHandler)
    HAL_ADC_Init                             0x080011bd   Thumb Code   366  stm32f0xx_hal_adc.o(i.HAL_ADC_Init)
    HAL_ADC_LevelOutOfWindowCallback         0x08001335   Thumb Code     2  stm32f0xx_hal_adc.o(i.HAL_ADC_LevelOutOfWindowCallback)
    HAL_ADC_MspInit                          0x08001339   Thumb Code   192  adc_bsp.o(i.HAL_ADC_MspInit)
    HAL_ADC_Start_DMA                        0x08001409   Thumb Code   144  stm32f0xx_hal_adc.o(i.HAL_ADC_Start_DMA)
    HAL_DAC_ConfigChannel                    0x080014a9   Thumb Code    52  stm32f0xx_hal_dac_ex.o(i.HAL_DAC_ConfigChannel)
    HAL_DAC_Init                             0x080014e1   Thumb Code    42  stm32f0xx_hal_dac.o(i.HAL_DAC_Init)
    HAL_DAC_MspInit                          0x0800150d   Thumb Code    82  dac_bsp.o(i.HAL_DAC_MspInit)
    HAL_DAC_SetValue                         0x08001569   Thumb Code    28  stm32f0xx_hal_dac.o(i.HAL_DAC_SetValue)
    HAL_DAC_Start                            0x08001585   Thumb Code    84  stm32f0xx_hal_dac_ex.o(i.HAL_DAC_Start)
    HAL_DMA_IRQHandler                       0x080015d9   Thumb Code   156  stm32f0xx_hal_dma.o(i.HAL_DMA_IRQHandler)
    HAL_DMA_Init                             0x08001675   Thumb Code    78  stm32f0xx_hal_dma.o(i.HAL_DMA_Init)
    HAL_DMA_Start_IT                         0x080016c9   Thumb Code   106  stm32f0xx_hal_dma.o(i.HAL_DMA_Start_IT)
    HAL_Delay                                0x08001735   Thumb Code    32  stm32f0xx_hal.o(i.HAL_Delay)
    HAL_FLASHEx_Erase                        0x08001759   Thumb Code   148  stm32f0xx_hal_flash_ex.o(i.HAL_FLASHEx_Erase)
    HAL_FLASH_Lock                           0x080017f9   Thumb Code    14  stm32f0xx_hal_flash.o(i.HAL_FLASH_Lock)
    HAL_FLASH_Program                        0x0800180d   Thumb Code   110  stm32f0xx_hal_flash.o(i.HAL_FLASH_Program)
    HAL_FLASH_Unlock                         0x08001889   Thumb Code    28  stm32f0xx_hal_flash.o(i.HAL_FLASH_Unlock)
    HAL_GPIO_Init                            0x080018b1   Thumb Code   314  stm32f0xx_hal_gpio.o(i.HAL_GPIO_Init)
    HAL_GPIO_WritePin                        0x08001a09   Thumb Code    12  stm32f0xx_hal_gpio.o(i.HAL_GPIO_WritePin)
    HAL_GetTick                              0x08001a15   Thumb Code     6  stm32f0xx_hal.o(i.HAL_GetTick)
    HAL_IWDG_Init                            0x08001a21   Thumb Code    86  stm32f0xx_hal_iwdg.o(i.HAL_IWDG_Init)
    HAL_IWDG_Refresh                         0x08001a85   Thumb Code    10  stm32f0xx_hal_iwdg.o(i.HAL_IWDG_Refresh)
    HAL_IncTick                              0x08001a95   Thumb Code    12  stm32f0xx_hal.o(i.HAL_IncTick)
    HAL_Init                                 0x08001aa5   Thumb Code    26  stm32f0xx_hal.o(i.HAL_Init)
    HAL_InitTick                             0x08001ac5   Thumb Code    58  stm32f0xx_hal.o(i.HAL_InitTick)
    HAL_MspInit                              0x08001b09   Thumb Code    34  stm32f0xx_hal_msp.o(i.HAL_MspInit)
    HAL_NVIC_EnableIRQ                       0x08001b31   Thumb Code    18  stm32f0xx_hal_cortex.o(i.HAL_NVIC_EnableIRQ)
    HAL_NVIC_SetPriority                     0x08001b49   Thumb Code     8  stm32f0xx_hal_cortex.o(i.HAL_NVIC_SetPriority)
    HAL_NVIC_SystemReset                     0x08001b51   Thumb Code    18  stm32f0xx_hal_cortex.o(i.HAL_NVIC_SystemReset)
    HAL_RCCEx_PeriphCLKConfig                0x08001b6d   Thumb Code   274  stm32f0xx_hal_rcc_ex.o(i.HAL_RCCEx_PeriphCLKConfig)
    HAL_RCC_ClockConfig                      0x08001c8d   Thumb Code   254  stm32f0xx_hal_rcc.o(i.HAL_RCC_ClockConfig)
    HAL_RCC_GetPCLK1Freq                     0x08001da1   Thumb Code    20  stm32f0xx_hal_rcc.o(i.HAL_RCC_GetPCLK1Freq)
    HAL_RCC_GetSysClockFreq                  0x08001dc1   Thumb Code   102  stm32f0xx_hal_rcc.o(i.HAL_RCC_GetSysClockFreq)
    HAL_RCC_OscConfig                        0x08001e55   Thumb Code  1028  stm32f0xx_hal_rcc.o(i.HAL_RCC_OscConfig)
    HAL_SPI_Init                             0x08002259   Thumb Code   184  stm32f0xx_hal_spi.o(i.HAL_SPI_Init)
    HAL_SPI_MspInit                          0x08002311   Thumb Code   122  spi_bsp.o(i.HAL_SPI_MspInit)
    HAL_SPI_Transmit                         0x08002395   Thumb Code   384  stm32f0xx_hal_spi.o(i.HAL_SPI_Transmit)
    HAL_SPI_TransmitReceive                  0x08002515   Thumb Code   600  stm32f0xx_hal_spi.o(i.HAL_SPI_TransmitReceive)
    HAL_SYSTICK_Config                       0x0800276d   Thumb Code    38  stm32f0xx_hal_cortex.o(i.HAL_SYSTICK_Config)
    HAL_UART_DisableReceiverTimeout          0x0800279d   Thumb Code    52  stm32f0xx_hal_uart.o(i.HAL_UART_DisableReceiverTimeout)
    HAL_UART_EnableReceiverTimeout           0x080027d1   Thumb Code    52  stm32f0xx_hal_uart.o(i.HAL_UART_EnableReceiverTimeout)
    HAL_UART_ErrorCallback                   0x08002805   Thumb Code     2  stm32f0xx_hal_uart.o(i.HAL_UART_ErrorCallback)
    HAL_UART_Init                            0x08002807   Thumb Code   106  stm32f0xx_hal_uart.o(i.HAL_UART_Init)
    HAL_UART_MspInit                         0x08002871   Thumb Code   250  usart_bsp.o(i.HAL_UART_MspInit)
    HAL_UART_Receive_DMA                     0x0800297d   Thumb Code   170  stm32f0xx_hal_uart.o(i.HAL_UART_Receive_DMA)
    HAL_UART_ReceiverTimeout_Config          0x08002a35   Thumb Code    14  stm32f0xx_hal_uart.o(i.HAL_UART_ReceiverTimeout_Config)
    HAL_UART_RxCpltCallback                  0x08002a45   Thumb Code     8  usart_app.o(i.HAL_UART_RxCpltCallback)
    HAL_UART_RxHalfCpltCallback              0x08002a51   Thumb Code     2  stm32f0xx_hal_uart.o(i.HAL_UART_RxHalfCpltCallback)
    HAL_UART_RxTimoCallback                  0x08002a55   Thumb Code    52  usart_app.o(i.HAL_UART_RxTimoCallback)
    HAL_UART_Transmit_DMA                    0x08002a8d   Thumb Code   158  stm32f0xx_hal_uart.o(i.HAL_UART_Transmit_DMA)
    HAL_UART_TxCpltCallback                  0x08002b39   Thumb Code    24  usart_app.o(i.HAL_UART_TxCpltCallback)
    HAL_UART_TxHalfCpltCallback              0x08002b55   Thumb Code     2  stm32f0xx_hal_uart.o(i.HAL_UART_TxHalfCpltCallback)
    HardFault_Handler                        0x08002b57   Thumb Code     2  stm32f0xx_it.o(i.HardFault_Handler)
    HexToFloat                               0x08002b59   Thumb Code    22  typeconvert.o(i.HexToFloat)
    HexToUlong                               0x08002b6f   Thumb Code    22  typeconvert.o(i.HexToUlong)
    InFlash_Erase_Page                       0x08002b85   Thumb Code    42  in_flash.o(i.InFlash_Erase_Page)
    InFlash_Read_MultiBytes                  0x08002bb5   Thumb Code    32  in_flash.o(i.InFlash_Read_MultiBytes)
    InFlash_Read_OneByte                     0x08002bd5   Thumb Code     8  in_flash.o(i.InFlash_Read_OneByte)
    InFlash_SystemParam_Check                0x08002be1   Thumb Code   172  in_flash_app.o(i.InFlash_SystemParam_Check)
    InFlash_Write3T_MultiBytes               0x08002c99   Thumb Code    68  in_flash_app.o(i.InFlash_Write3T_MultiBytes)
    InFlash_Write_MultiBytes                 0x08002cdd   Thumb Code   206  in_flash.o(i.InFlash_Write_MultiBytes)
    InFlash_Write_OneByte                    0x08002db9   Thumb Code   110  in_flash.o(i.InFlash_Write_OneByte)
    MB_CapAD_Calibration                     0x08002e35   Thumb Code    78  modbus_conf.o(i.MB_CapAD_Calibration)
    MB_CapDAOut_Calibration                  0x08002e89   Thumb Code   112  modbus_conf.o(i.MB_CapDAOut_Calibration)
    MB_Cap_Calibration                       0x08002efd   Thumb Code   102  modbus_conf.o(i.MB_Cap_Calibration)
    MB_TempDAOut_Calibration                 0x08002f95   Thumb Code    72  modbus_conf.o(i.MB_TempDAOut_Calibration)
    MDB_Get_CRC16                            0x08002ff9   Thumb Code    42  modbusrtu.o(i.MDB_Get_CRC16)
    MDB_Snd_Msg_RTU                          0x08003029   Thumb Code    64  modbusrtu.o(i.MDB_Snd_Msg_RTU)
    ModBus_Init                              0x08003069   Thumb Code   126  modbusrtu.o(i.ModBus_Init)
    ModbusAutoUpload                         0x08003165   Thumb Code   116  modbus_conf.o(i.ModbusAutoUpload)
    ModbusFunc03                             0x080031d9   Thumb Code   232  modbus_conf.o(i.ModbusFunc03)
    ModbusFunc04                             0x080032c9   Thumb Code   194  modbus_conf.o(i.ModbusFunc04)
    ModbusFunc05                             0x0800338d   Thumb Code   248  modbus_conf.o(i.ModbusFunc05)
    ModbusFunc10                             0x08003491   Thumb Code   382  modbus_conf.o(i.ModbusFunc10)
    ModbusFunc25                             0x08003619   Thumb Code   516  modbus_conf.o(i.ModbusFunc25)
    ModbusFunc26                             0x08003825   Thumb Code   302  modbus_conf.o(i.ModbusFunc26)
    ModbusFunc27                             0x08003955   Thumb Code   538  modbus_conf.o(i.ModbusFunc27)
    ModbusFunc2A                             0x08003b79   Thumb Code   188  modbus_conf.o(i.ModbusFunc2A)
    ModbusFunc2B                             0x08003c35   Thumb Code   440  modbus_conf.o(i.ModbusFunc2B)
    ModbusFunc41                             0x08003df5   Thumb Code    98  modbus_conf.o(i.ModbusFunc41)
    ModbusHandle                             0x08003e5d   Thumb Code   274  modbusrtu.o(i.ModbusHandle)
    NMI_Handler                              0x08003f6f   Thumb Code     2  stm32f0xx_it.o(i.NMI_Handler)
    PCap_Enable                              0x08003f71   Thumb Code    56  picocap.o(i.PCap_Enable)
    PCap_Init                                0x08003fa9   Thumb Code   146  picocap.o(i.PCap_Init)
    PCap_Measure                             0x08004041   Thumb Code    46  picocap.o(i.PCap_Measure)
    PCap_PTL_Reset                           0x0800406f   Thumb Code    46  picocap.o(i.PCap_PTL_Reset)
    PCap_Reg_Config                          0x0800409d   Thumb Code    74  picocap.o(i.PCap_Reg_Config)
    PCap_Res_Data                            0x080040ed   Thumb Code    76  picocap.o(i.PCap_Res_Data)
    PCap_Res_Sta                             0x08004139   Thumb Code    72  picocap.o(i.PCap_Res_Sta)
    PCap_Reset                               0x08004181   Thumb Code    46  picocap.o(i.PCap_Reset)
    PCap_WR_SRAM                             0x080041b1   Thumb Code   154  picocap.o(i.PCap_WR_SRAM)
    PendSV_Handler                           0x08004251   Thumb Code     2  stm32f0xx_it.o(i.PendSV_Handler)
    SVC_Handler                              0x080043bb   Thumb Code     2  stm32f0xx_it.o(i.SVC_Handler)
    Send_Data                                0x080043bd   Thumb Code    40  modbusrtu.o(i.Send_Data)
    SensorEvent                              0x080043e5   Thumb Code    50  modbusrtu.o(i.SensorEvent)
    Sensor_ADC_Clean_Updata_Flag             0x0800441d   Thumb Code    14  adc_app.o(i.Sensor_ADC_Clean_Updata_Flag)
    Sensor_ADC_Get_TemperData                0x08004431   Thumb Code    56  adc_app.o(i.Sensor_ADC_Get_TemperData)
    Sensor_ADC_Get_Updata_Flag               0x08004475   Thumb Code     6  adc_app.o(i.Sensor_ADC_Get_Updata_Flag)
    Sensor_ADC_Init                          0x08004481   Thumb Code    52  adc_app.o(i.Sensor_ADC_Init)
    Sensor_ADC_TemperParam_Init              0x080044c5   Thumb Code   136  adc_app.o(i.Sensor_ADC_TemperParam_Init)
    Sensor_DataFilter                        0x0800454d   Thumb Code   376  picocap_app.o(i.Sensor_DataFilter)
    Sensor_PCap_DataConvert                  0x080046d5   Thumb Code   370  picocap_app.o(i.Sensor_PCap_DataConvert)
    Sensor_PCap_GetResult                    0x08004855   Thumb Code    34  picocap_app.o(i.Sensor_PCap_GetResult)
    Sensor_USART_Clear_RX_Updata_Flag        0x08004879   Thumb Code     8  usart_app.o(i.Sensor_USART_Clear_RX_Updata_Flag)
    Sensor_USART_Clear_TX_Cplt_Flag          0x08004885   Thumb Code     8  usart_app.o(i.Sensor_USART_Clear_TX_Cplt_Flag)
    Sensor_USART_GetReceData                 0x08004891   Thumb Code    66  usart_app.o(i.Sensor_USART_GetReceData)
    Sensor_USART_Get_RX_Len                  0x080048dd   Thumb Code     6  usart_app.o(i.Sensor_USART_Get_RX_Len)
    Sensor_USART_Get_RX_Updata_Flag          0x080048e9   Thumb Code     6  usart_app.o(i.Sensor_USART_Get_RX_Updata_Flag)
    Sensor_USART_Get_TX_Cplt_Flag            0x080048f5   Thumb Code     6  usart_app.o(i.Sensor_USART_Get_TX_Cplt_Flag)
    Sensor_USART_Init                        0x08004901   Thumb Code   190  usart_app.o(i.Sensor_USART_Init)
    SortArrayExtreme                         0x080049c9   Thumb Code    96  typeconvert.o(i.SortArrayExtreme)
    SwitchCurFilter                          0x08004a29   Thumb Code   100  picocap_app.o(i.SwitchCurFilter)
    SysTick_Handler                          0x08004a8d   Thumb Code     8  stm32f0xx_it.o(i.SysTick_Handler)
    SystemClock_Config                       0x08004a95   Thumb Code   100  main.o(i.SystemClock_Config)
    SystemInit                               0x08004af9   Thumb Code     2  system_stm32f0xx.o(i.SystemInit)
    UART_AdvFeatureConfig                    0x08004afb   Thumb Code   202  stm32f0xx_hal_uart.o(i.UART_AdvFeatureConfig)
    UART_CheckIdleState                      0x08004bc5   Thumb Code    90  stm32f0xx_hal_uart.o(i.UART_CheckIdleState)
    UART_SetConfig                           0x08004d1d   Thumb Code   342  stm32f0xx_hal_uart.o(i.UART_SetConfig)
    UART_WaitOnFlagUntilTimeout              0x08004e99   Thumb Code   156  stm32f0xx_hal_uart.o(i.UART_WaitOnFlagUntilTimeout)
    USART1_IRQHandler                        0x08004f35   Thumb Code   106  usart_bsp.o(i.USART1_IRQHandler)
    __ARM_common_ll_muluu                    0x08004fa5   Thumb Code    48  stm32f0xx_hal_rcc.o(i.__ARM_common_ll_muluu)
    __ARM_common_switch8                     0x08004fd5   Thumb Code    26  usart_app.o(i.__ARM_common_switch8)
    main                                     0x08005035   Thumb Code   220  main.o(i.main)
    __aeabi_fadd                             0x08005111   Thumb Code     0  faddsub.o(x$fpl$fadd)
    _fadd                                    0x08005111   Thumb Code   134  faddsub.o(x$fpl$fadd)
    __aeabi_fmul                             0x0800519d   Thumb Code     0  fmul.o(x$fpl$fmul)
    _fmul                                    0x0800519d   Thumb Code   172  fmul.o(x$fpl$fmul)
    __aeabi_fsub                             0x0800524d   Thumb Code     0  faddsub.o(x$fpl$fsub)
    _fsub                                    0x0800524d   Thumb Code   204  faddsub.o(x$fpl$fsub)
    User_Default_Param                       0x0800531c   Data          60  in_flash_app.o(.constdata)
    __I$use$fp                               0x0800531c   Number         0  usenofp.o(x$fpl$usenofp)
    auchCRCLo                                0x08005358   Data         256  modbusrtu.o(.constdata)
    auchCRCHi                                0x08005458   Data         256  modbusrtu.o(.constdata)
    SensorSoftVersion                        0x08005558   Data           8  modbus_conf.o(.constdata)
    SRAM_DATA                                0x08005560   Data         944  picocap.o(.constdata)
    REG                                      0x08005910   Data          84  picocap.o(.constdata)
    AHBPrescTable                            0x08005964   Data          16  system_stm32f0xx.o(.constdata)
    APBPrescTable                            0x08005974   Data           8  system_stm32f0xx.o(.constdata)
    Region$$Table$$Base                      0x080059bc   Number         0  anon$$obj.o(Region$$Table)
    Region$$Table$$Limit                     0x080059dc   Number         0  anon$$obj.o(Region$$Table)
    uwTickFreq                               0x20000040   Data           1  stm32f0xx_hal.o(.data)
    uwTickPrio                               0x20000044   Data           4  stm32f0xx_hal.o(.data)
    uwTick                                   0x20000048   Data           4  stm32f0xx_hal.o(.data)
    SystemCoreClock                          0x2000004c   Data           4  system_stm32f0xx.o(.data)
    pFlash                                   0x20000e90   Data          32  stm32f0xx_hal_flash.o(.bss)
    __libspace_start                         0x20000eb0   Data          96  libspace.o(.bss)
    __temporary_stack_top$libspace           0x20000f10   Data           0  libspace.o(.bss)



==============================================================================

Memory Map of the image

  Image Entry point : 0x080000c1

  Load Region LR_IROM1 (Base: 0x08000000, Size: 0x00005a2c, Max: 0x00020000, ABSOLUTE)

    Execution Region ER_IROM1 (Exec base: 0x08000000, Load base: 0x08000000, Size: 0x000059dc, Max: 0x00020000, ABSOLUTE)

    Exec Addr    Load Addr    Size         Type   Attr      Idx    E Section Name        Object

    0x08000000   0x08000000   0x000000c0   Data   RO            3    RESET               startup_stm32f072xb.o
    0x080000c0   0x080000c0   0x00000008   Code   RO         3990  * !!!main             c_p.l(__main.o)
    0x080000c8   0x080000c8   0x0000003c   Code   RO         4179    !!!scatter          c_p.l(__scatter.o)
    0x08000104   0x08000104   0x0000001a   Code   RO         4181    !!handler_copy      c_p.l(__scatter_copy.o)
    0x0800011e   0x0800011e   0x00000002   PAD
    0x08000120   0x08000120   0x0000001c   Code   RO         4183    !!handler_zi        c_p.l(__scatter_zi.o)
    0x0800013c   0x0800013c   0x00000002   Code   RO         4048    .ARM.Collect$$libinit$$00000000  c_p.l(libinit.o)
    0x0800013e   0x0800013e   0x00000000   Code   RO         4062    .ARM.Collect$$libinit$$00000002  c_p.l(libinit2.o)
    0x0800013e   0x0800013e   0x00000000   Code   RO         4064    .ARM.Collect$$libinit$$00000004  c_p.l(libinit2.o)
    0x0800013e   0x0800013e   0x00000000   Code   RO         4067    .ARM.Collect$$libinit$$0000000A  c_p.l(libinit2.o)
    0x0800013e   0x0800013e   0x00000000   Code   RO         4069    .ARM.Collect$$libinit$$0000000C  c_p.l(libinit2.o)
    0x0800013e   0x0800013e   0x00000000   Code   RO         4071    .ARM.Collect$$libinit$$0000000E  c_p.l(libinit2.o)
    0x0800013e   0x0800013e   0x00000000   Code   RO         4074    .ARM.Collect$$libinit$$00000011  c_p.l(libinit2.o)
    0x0800013e   0x0800013e   0x00000000   Code   RO         4076    .ARM.Collect$$libinit$$00000013  c_p.l(libinit2.o)
    0x0800013e   0x0800013e   0x00000000   Code   RO         4078    .ARM.Collect$$libinit$$00000015  c_p.l(libinit2.o)
    0x0800013e   0x0800013e   0x00000000   Code   RO         4080    .ARM.Collect$$libinit$$00000017  c_p.l(libinit2.o)
    0x0800013e   0x0800013e   0x00000000   Code   RO         4082    .ARM.Collect$$libinit$$00000019  c_p.l(libinit2.o)
    0x0800013e   0x0800013e   0x00000000   Code   RO         4084    .ARM.Collect$$libinit$$0000001B  c_p.l(libinit2.o)
    0x0800013e   0x0800013e   0x00000000   Code   RO         4086    .ARM.Collect$$libinit$$0000001D  c_p.l(libinit2.o)
    0x0800013e   0x0800013e   0x00000000   Code   RO         4088    .ARM.Collect$$libinit$$0000001F  c_p.l(libinit2.o)
    0x0800013e   0x0800013e   0x00000000   Code   RO         4090    .ARM.Collect$$libinit$$00000021  c_p.l(libinit2.o)
    0x0800013e   0x0800013e   0x00000000   Code   RO         4092    .ARM.Collect$$libinit$$00000023  c_p.l(libinit2.o)
    0x0800013e   0x0800013e   0x00000000   Code   RO         4094    .ARM.Collect$$libinit$$00000025  c_p.l(libinit2.o)
    0x0800013e   0x0800013e   0x00000000   Code   RO         4098    .ARM.Collect$$libinit$$0000002C  c_p.l(libinit2.o)
    0x0800013e   0x0800013e   0x00000000   Code   RO         4100    .ARM.Collect$$libinit$$0000002E  c_p.l(libinit2.o)
    0x0800013e   0x0800013e   0x00000000   Code   RO         4102    .ARM.Collect$$libinit$$00000030  c_p.l(libinit2.o)
    0x0800013e   0x0800013e   0x00000000   Code   RO         4104    .ARM.Collect$$libinit$$00000032  c_p.l(libinit2.o)
    0x0800013e   0x0800013e   0x00000002   Code   RO         4105    .ARM.Collect$$libinit$$00000033  c_p.l(libinit2.o)
    0x08000140   0x08000140   0x00000002   Code   RO         4136    .ARM.Collect$$libshutdown$$00000000  c_p.l(libshutdown.o)
    0x08000142   0x08000142   0x00000000   Code   RO         4162    .ARM.Collect$$libshutdown$$00000002  c_p.l(libshutdown2.o)
    0x08000142   0x08000142   0x00000000   Code   RO         4164    .ARM.Collect$$libshutdown$$00000004  c_p.l(libshutdown2.o)
    0x08000142   0x08000142   0x00000000   Code   RO         4167    .ARM.Collect$$libshutdown$$00000007  c_p.l(libshutdown2.o)
    0x08000142   0x08000142   0x00000000   Code   RO         4170    .ARM.Collect$$libshutdown$$0000000A  c_p.l(libshutdown2.o)
    0x08000142   0x08000142   0x00000000   Code   RO         4172    .ARM.Collect$$libshutdown$$0000000C  c_p.l(libshutdown2.o)
    0x08000142   0x08000142   0x00000000   Code   RO         4175    .ARM.Collect$$libshutdown$$0000000F  c_p.l(libshutdown2.o)
    0x08000142   0x08000142   0x00000002   Code   RO         4176    .ARM.Collect$$libshutdown$$00000010  c_p.l(libshutdown2.o)
    0x08000144   0x08000144   0x00000000   Code   RO         4007    .ARM.Collect$$rtentry$$00000000  c_p.l(__rtentry.o)
    0x08000144   0x08000144   0x00000000   Code   RO         4018    .ARM.Collect$$rtentry$$00000002  c_p.l(__rtentry2.o)
    0x08000144   0x08000144   0x00000006   Code   RO         4030    .ARM.Collect$$rtentry$$00000004  c_p.l(__rtentry4.o)
    0x0800014a   0x0800014a   0x00000000   Code   RO         4020    .ARM.Collect$$rtentry$$00000009  c_p.l(__rtentry2.o)
    0x0800014a   0x0800014a   0x00000004   Code   RO         4021    .ARM.Collect$$rtentry$$0000000A  c_p.l(__rtentry2.o)
    0x0800014e   0x0800014e   0x00000000   Code   RO         4023    .ARM.Collect$$rtentry$$0000000C  c_p.l(__rtentry2.o)
    0x0800014e   0x0800014e   0x00000008   Code   RO         4024    .ARM.Collect$$rtentry$$0000000D  c_p.l(__rtentry2.o)
    0x08000156   0x08000156   0x00000002   Code   RO         4053    .ARM.Collect$$rtexit$$00000000  c_p.l(rtexit.o)
    0x08000158   0x08000158   0x00000000   Code   RO         4109    .ARM.Collect$$rtexit$$00000002  c_p.l(rtexit2.o)
    0x08000158   0x08000158   0x00000004   Code   RO         4110    .ARM.Collect$$rtexit$$00000003  c_p.l(rtexit2.o)
    0x0800015c   0x0800015c   0x00000006   Code   RO         4111    .ARM.Collect$$rtexit$$00000004  c_p.l(rtexit2.o)
    0x08000162   0x08000162   0x00000002   PAD
    0x08000164   0x08000164   0x00000038   Code   RO         3978    .emb_text           c_p.l(rt_memcpy.o)
    0x0800019c   0x0800019c   0x00000034   Code   RO            4    .text               startup_stm32f072xb.o
    0x080001d0   0x080001d0   0x00000022   Code   RO         3974    .text               c_p.l(llushr.o)
    0x080001f2   0x080001f2   0x00000102   Code   RO         3976    .text               c_p.l(lludiv.o)
    0x080002f4   0x080002f4   0x00000082   Code   RO         3979    .text               c_p.l(rt_memcpy.o)
    0x08000376   0x08000376   0x00000040   Code   RO         3982    .text               c_p.l(rt_memclr.o)
    0x080003b6   0x080003b6   0x0000015a   Code   RO         3984    .text               c_p.l(aeabi_sdiv.o)
    0x08000510   0x08000510   0x00000006   Code   RO         3988    .text               c_p.l(heapauxi.o)
    0x08000516   0x08000516   0x00000002   PAD
    0x08000518   0x08000518   0x00000160   Code   RO         3998    .text               fz_ps.l(fdiv.o)
    0x08000678   0x08000678   0x00000030   Code   RO         4001    .text               fz_ps.l(ffixui.o)
    0x080006a8   0x080006a8   0x0000005e   Code   RO         4003    .text               fz_ps.l(fflti.o)
    0x08000706   0x08000706   0x0000003e   Code   RO         4034    .text               c_p.l(sys_stackheap_outer.o)
    0x08000744   0x08000744   0x00000010   Code   RO         4037    .text               c_p.l(exit.o)
    0x08000754   0x08000754   0x00000008   Code   RO         4049    .text               c_p.l(libspace.o)
    0x0800075c   0x0800075c   0x0000000c   Code   RO         4106    .text               c_p.l(sys_exit.o)
    0x08000768   0x08000768   0x00000002   Code   RO         4125    .text               c_p.l(use_no_semi.o)
    0x0800076a   0x0800076a   0x00000000   Code   RO         4127    .text               c_p.l(indicate_semi.o)
    0x0800076a   0x0800076a   0x00000002   PAD
    0x0800076c   0x0800076c   0x00000010   Code   RO          983    i.ADC1_COMP_IRQHandler  adc_bsp.o
    0x0800077c   0x0800077c   0x0000006c   Code   RO         1186    i.ADC_DMAConvCplt   stm32f0xx_hal_adc.o
    0x080007e8   0x080007e8   0x0000001a   Code   RO         1187    i.ADC_DMAError      stm32f0xx_hal_adc.o
    0x08000802   0x08000802   0x0000000a   Code   RO         1188    i.ADC_DMAHalfConvCplt  stm32f0xx_hal_adc.o
    0x0800080c   0x0800080c   0x00000084   Code   RO         1190    i.ADC_Enable        stm32f0xx_hal_adc.o
    0x08000890   0x08000890   0x00000014   Code   RO          984    i.BSP_ADC_Conver_Start  adc_bsp.o
    0x080008a4   0x080008a4   0x00000014   Code   RO          985    i.BSP_ADC_Conver_Stop  adc_bsp.o
    0x080008b8   0x080008b8   0x0000008c   Code   RO          986    i.BSP_ADC_Init      adc_bsp.o
    0x08000944   0x08000944   0x00000018   Code   RO          987    i.BSP_ADC_Start_DMA  adc_bsp.o
    0x0800095c   0x0800095c   0x0000003c   Code   RO         1047    i.BSP_DAC_Convert   dac_bsp.o
    0x08000998   0x08000998   0x00000040   Code   RO         1048    i.BSP_DAC_Init      dac_bsp.o
    0x080009d8   0x080009d8   0x00000034   Code   RO         1087    i.BSP_IWDG_Init     iwdg_bsp.o
    0x08000a0c   0x08000a0c   0x00000010   Code   RO         1088    i.BSP_IWDG_Refresh  iwdg_bsp.o
    0x08000a1c   0x08000a1c   0x0000004c   Code   RO          931    i.BSP_SPI_Init      spi_bsp.o
    0x08000a68   0x08000a68   0x00000020   Code   RO          933    i.BSP_SPI_Transmit  spi_bsp.o
    0x08000a88   0x08000a88   0x00000024   Code   RO          934    i.BSP_SPI_TransmitReceive  spi_bsp.o
    0x08000aac   0x08000aac   0x00000018   Code   RO         1115    i.BSP_UART_Receive_DMA  usart_bsp.o
    0x08000ac4   0x08000ac4   0x00000034   Code   RO         1116    i.BSP_UART_ReceiverTimeout_Config  usart_bsp.o
    0x08000af8   0x08000af8   0x00000018   Code   RO         1117    i.BSP_UART_Transmit_DMA  usart_bsp.o
    0x08000b10   0x08000b10   0x00000054   Code   RO         1118    i.BSP_USART_UART_Init  usart_bsp.o
    0x08000b64   0x08000b64   0x00000044   Code   RO          506    i.Check_Device_Param  in_flash_app.o
    0x08000ba8   0x08000ba8   0x00000010   Code   RO          988    i.DMA1_Channel1_IRQHandler  adc_bsp.o
    0x08000bb8   0x08000bb8   0x00000018   Code   RO         1119    i.DMA1_Channel2_3_IRQHandler  usart_bsp.o
    0x08000bd0   0x08000bd0   0x00000024   Code   RO         2284    i.DMA_CalcBaseAndBitshift  stm32f0xx_hal_dma.o
    0x08000bf4   0x08000bf4   0x00000028   Code   RO         2285    i.DMA_SetConfig     stm32f0xx_hal_dma.o
    0x08000c1c   0x08000c1c   0x00000140   Code   RO          412    i.DataConvertParam_Init  picocap_app.o
    0x08000d5c   0x08000d5c   0x00000048   Code   RO          413    i.DataFilterParam_Init  picocap_app.o
    0x08000da4   0x08000da4   0x00000002   Code   RO           12    i.Error_Handler     main.o
    0x08000da6   0x08000da6   0x00000002   PAD
    0x08000da8   0x08000da8   0x00000024   Code   RO         2727    i.FLASH_MassErase   stm32f0xx_hal_flash_ex.o
    0x08000dcc   0x08000dcc   0x00000024   Code   RO         2732    i.FLASH_PageErase   stm32f0xx_hal_flash_ex.o
    0x08000df0   0x08000df0   0x00000020   Code   RO         2628    i.FLASH_Program_HalfWord  stm32f0xx_hal_flash.o
    0x08000e10   0x08000e10   0x00000038   Code   RO         2629    i.FLASH_SetErrorCode  stm32f0xx_hal_flash.o
    0x08000e48   0x08000e48   0x00000050   Code   RO         2630    i.FLASH_WaitForLastOperation  stm32f0xx_hal_flash.o
    0x08000e98   0x08000e98   0x00000038   Code   RO          462    i.GetAverage        typeconvert.o
    0x08000ed0   0x08000ed0   0x0000001c   Code   RO          463    i.GetDelExtremeAndAverage  typeconvert.o
    0x08000eec   0x08000eec   0x000000b0   Code   RO         1361    i.HAL_ADCEx_Calibration_Start  stm32f0xx_hal_adc_ex.o
    0x08000f9c   0x08000f9c   0x0000012c   Code   RO         1192    i.HAL_ADC_ConfigChannel  stm32f0xx_hal_adc.o
    0x080010c8   0x080010c8   0x00000020   Code   RO          268    i.HAL_ADC_ConvCpltCallback  adc_app.o
    0x080010e8   0x080010e8   0x00000002   Code   RO         1194    i.HAL_ADC_ConvHalfCpltCallback  stm32f0xx_hal_adc.o
    0x080010ea   0x080010ea   0x00000002   Code   RO         1196    i.HAL_ADC_ErrorCallback  stm32f0xx_hal_adc.o
    0x080010ec   0x080010ec   0x000000d0   Code   RO         1200    i.HAL_ADC_IRQHandler  stm32f0xx_hal_adc.o
    0x080011bc   0x080011bc   0x00000178   Code   RO         1201    i.HAL_ADC_Init      stm32f0xx_hal_adc.o
    0x08001334   0x08001334   0x00000002   Code   RO         1202    i.HAL_ADC_LevelOutOfWindowCallback  stm32f0xx_hal_adc.o
    0x08001336   0x08001336   0x00000002   PAD
    0x08001338   0x08001338   0x000000d0   Code   RO          990    i.HAL_ADC_MspInit   adc_bsp.o
    0x08001408   0x08001408   0x000000a0   Code   RO         1208    i.HAL_ADC_Start_DMA  stm32f0xx_hal_adc.o
    0x080014a8   0x080014a8   0x00000038   Code   RO         3012    i.HAL_DAC_ConfigChannel  stm32f0xx_hal_dac_ex.o
    0x080014e0   0x080014e0   0x0000002a   Code   RO         2886    i.HAL_DAC_Init      stm32f0xx_hal_dac.o
    0x0800150a   0x0800150a   0x00000002   PAD
    0x0800150c   0x0800150c   0x0000005c   Code   RO         1050    i.HAL_DAC_MspInit   dac_bsp.o
    0x08001568   0x08001568   0x0000001c   Code   RO         2889    i.HAL_DAC_SetValue  stm32f0xx_hal_dac.o
    0x08001584   0x08001584   0x00000054   Code   RO         3015    i.HAL_DAC_Start     stm32f0xx_hal_dac_ex.o
    0x080015d8   0x080015d8   0x0000009c   Code   RO         2291    i.HAL_DMA_IRQHandler  stm32f0xx_hal_dma.o
    0x08001674   0x08001674   0x00000054   Code   RO         2292    i.HAL_DMA_Init      stm32f0xx_hal_dma.o
    0x080016c8   0x080016c8   0x0000006a   Code   RO         2296    i.HAL_DMA_Start_IT  stm32f0xx_hal_dma.o
    0x08001732   0x08001732   0x00000002   PAD
    0x08001734   0x08001734   0x00000024   Code   RO         1566    i.HAL_Delay         stm32f0xx_hal.o
    0x08001758   0x08001758   0x000000a0   Code   RO         2733    i.HAL_FLASHEx_Erase  stm32f0xx_hal_flash_ex.o
    0x080017f8   0x080017f8   0x00000014   Code   RO         2634    i.HAL_FLASH_Lock    stm32f0xx_hal_flash.o
    0x0800180c   0x0800180c   0x0000007c   Code   RO         2639    i.HAL_FLASH_Program  stm32f0xx_hal_flash.o
    0x08001888   0x08001888   0x00000028   Code   RO         2641    i.HAL_FLASH_Unlock  stm32f0xx_hal_flash.o
    0x080018b0   0x080018b0   0x00000158   Code   RO         2225    i.HAL_GPIO_Init     stm32f0xx_hal_gpio.o
    0x08001a08   0x08001a08   0x0000000c   Code   RO         2229    i.HAL_GPIO_WritePin  stm32f0xx_hal_gpio.o
    0x08001a14   0x08001a14   0x0000000c   Code   RO         1570    i.HAL_GetTick       stm32f0xx_hal.o
    0x08001a20   0x08001a20   0x00000064   Code   RO         3123    i.HAL_IWDG_Init     stm32f0xx_hal_iwdg.o
    0x08001a84   0x08001a84   0x00000010   Code   RO         3124    i.HAL_IWDG_Refresh  stm32f0xx_hal_iwdg.o
    0x08001a94   0x08001a94   0x00000010   Code   RO         1576    i.HAL_IncTick       stm32f0xx_hal.o
    0x08001aa4   0x08001aa4   0x00000020   Code   RO         1577    i.HAL_Init          stm32f0xx_hal.o
    0x08001ac4   0x08001ac4   0x00000044   Code   RO         1578    i.HAL_InitTick      stm32f0xx_hal.o
    0x08001b08   0x08001b08   0x00000028   Code   RO          248    i.HAL_MspInit       stm32f0xx_hal_msp.o
    0x08001b30   0x08001b30   0x00000018   Code   RO         2382    i.HAL_NVIC_EnableIRQ  stm32f0xx_hal_cortex.o
    0x08001b48   0x08001b48   0x00000008   Code   RO         2386    i.HAL_NVIC_SetPriority  stm32f0xx_hal_cortex.o
    0x08001b50   0x08001b50   0x0000001c   Code   RO         2387    i.HAL_NVIC_SystemReset  stm32f0xx_hal_cortex.o
    0x08001b6c   0x08001b6c   0x00000120   Code   RO         1486    i.HAL_RCCEx_PeriphCLKConfig  stm32f0xx_hal_rcc_ex.o
    0x08001c8c   0x08001c8c   0x00000114   Code   RO         1382    i.HAL_RCC_ClockConfig  stm32f0xx_hal_rcc.o
    0x08001da0   0x08001da0   0x00000020   Code   RO         1389    i.HAL_RCC_GetPCLK1Freq  stm32f0xx_hal_rcc.o
    0x08001dc0   0x08001dc0   0x00000094   Code   RO         1390    i.HAL_RCC_GetSysClockFreq  stm32f0xx_hal_rcc.o
    0x08001e54   0x08001e54   0x00000404   Code   RO         1393    i.HAL_RCC_OscConfig  stm32f0xx_hal_rcc.o
    0x08002258   0x08002258   0x000000b8   Code   RO         3608    i.HAL_SPI_Init      stm32f0xx_hal_spi.o
    0x08002310   0x08002310   0x00000084   Code   RO          936    i.HAL_SPI_MspInit   spi_bsp.o
    0x08002394   0x08002394   0x00000180   Code   RO         3616    i.HAL_SPI_Transmit  stm32f0xx_hal_spi.o
    0x08002514   0x08002514   0x00000258   Code   RO         3617    i.HAL_SPI_TransmitReceive  stm32f0xx_hal_spi.o
    0x0800276c   0x0800276c   0x00000030   Code   RO         2390    i.HAL_SYSTICK_Config  stm32f0xx_hal_cortex.o
    0x0800279c   0x0800279c   0x00000034   Code   RO         3199    i.HAL_UART_DisableReceiverTimeout  stm32f0xx_hal_uart.o
    0x080027d0   0x080027d0   0x00000034   Code   RO         3200    i.HAL_UART_EnableReceiverTimeout  stm32f0xx_hal_uart.o
    0x08002804   0x08002804   0x00000002   Code   RO         3201    i.HAL_UART_ErrorCallback  stm32f0xx_hal_uart.o
    0x08002806   0x08002806   0x0000006a   Code   RO         3205    i.HAL_UART_Init     stm32f0xx_hal_uart.o
    0x08002870   0x08002870   0x0000010c   Code   RO         1121    i.HAL_UART_MspInit  usart_bsp.o
    0x0800297c   0x0800297c   0x000000b8   Code   RO         3209    i.HAL_UART_Receive_DMA  stm32f0xx_hal_uart.o
    0x08002a34   0x08002a34   0x0000000e   Code   RO         3211    i.HAL_UART_ReceiverTimeout_Config  stm32f0xx_hal_uart.o
    0x08002a42   0x08002a42   0x00000002   PAD
    0x08002a44   0x08002a44   0x0000000c   Code   RO          327    i.HAL_UART_RxCpltCallback  usart_app.o
    0x08002a50   0x08002a50   0x00000002   Code   RO         3213    i.HAL_UART_RxHalfCpltCallback  stm32f0xx_hal_uart.o
    0x08002a52   0x08002a52   0x00000002   PAD
    0x08002a54   0x08002a54   0x00000038   Code   RO          328    i.HAL_UART_RxTimoCallback  usart_app.o
    0x08002a8c   0x08002a8c   0x000000ac   Code   RO         3215    i.HAL_UART_Transmit_DMA  stm32f0xx_hal_uart.o
    0x08002b38   0x08002b38   0x0000001c   Code   RO          329    i.HAL_UART_TxCpltCallback  usart_app.o
    0x08002b54   0x08002b54   0x00000002   Code   RO         3218    i.HAL_UART_TxHalfCpltCallback  stm32f0xx_hal_uart.o
    0x08002b56   0x08002b56   0x00000002   Code   RO          201    i.HardFault_Handler  stm32f0xx_it.o
    0x08002b58   0x08002b58   0x00000016   Code   RO          464    i.HexToFloat        typeconvert.o
    0x08002b6e   0x08002b6e   0x00000016   Code   RO          465    i.HexToUlong        typeconvert.o
    0x08002b84   0x08002b84   0x00000030   Code   RO          800    i.InFlash_Erase_Page  in_flash.o
    0x08002bb4   0x08002bb4   0x00000020   Code   RO          801    i.InFlash_Read_MultiBytes  in_flash.o
    0x08002bd4   0x08002bd4   0x0000000c   Code   RO          802    i.InFlash_Read_OneByte  in_flash.o
    0x08002be0   0x08002be0   0x000000b8   Code   RO          507    i.InFlash_SystemParam_Check  in_flash_app.o
    0x08002c98   0x08002c98   0x00000044   Code   RO          508    i.InFlash_Write3T_MultiBytes  in_flash_app.o
    0x08002cdc   0x08002cdc   0x000000dc   Code   RO          803    i.InFlash_Write_MultiBytes  in_flash.o
    0x08002db8   0x08002db8   0x0000007c   Code   RO          804    i.InFlash_Write_OneByte  in_flash.o
    0x08002e34   0x08002e34   0x00000054   Code   RO          662    i.MB_CapAD_Calibration  modbus_conf.o
    0x08002e88   0x08002e88   0x00000074   Code   RO          663    i.MB_CapDAOut_Calibration  modbus_conf.o
    0x08002efc   0x08002efc   0x0000006c   Code   RO          664    i.MB_Cap_Calibration  modbus_conf.o
    0x08002f68   0x08002f68   0x00000008   Code   RO          665    i.MB_Freeze         modbus_conf.o
    0x08002f70   0x08002f70   0x00000010   Code   RO          666    i.MB_SendData_NoCheck  modbus_conf.o
    0x08002f80   0x08002f80   0x00000012   Code   RO          667    i.MB_System_Reset   modbus_conf.o
    0x08002f92   0x08002f92   0x00000002   PAD
    0x08002f94   0x08002f94   0x0000004c   Code   RO          668    i.MB_TempDAOut_Calibration  modbus_conf.o
    0x08002fe0   0x08002fe0   0x00000018   Code   RO          669    i.MB_USART_ReInit   modbus_conf.o
    0x08002ff8   0x08002ff8   0x00000030   Code   RO          541    i.MDB_Get_CRC16     modbusrtu.o
    0x08003028   0x08003028   0x00000040   Code   RO          542    i.MDB_Snd_Msg_RTU   modbusrtu.o
    0x08003068   0x08003068   0x00000084   Code   RO          543    i.ModBus_Init       modbusrtu.o
    0x080030ec   0x080030ec   0x0000003c   Code   RO          670    i.ModBus_ReadPreHandle  modbus_conf.o
    0x08003128   0x08003128   0x0000003c   Code   RO          671    i.ModBus_WritePreHandle  modbus_conf.o
    0x08003164   0x08003164   0x00000074   Code   RO          672    i.ModbusAutoUpload  modbus_conf.o
    0x080031d8   0x080031d8   0x000000f0   Code   RO          673    i.ModbusFunc03      modbus_conf.o
    0x080032c8   0x080032c8   0x000000c2   Code   RO          674    i.ModbusFunc04      modbus_conf.o
    0x0800338a   0x0800338a   0x00000002   PAD
    0x0800338c   0x0800338c   0x00000104   Code   RO          675    i.ModbusFunc05      modbus_conf.o
    0x08003490   0x08003490   0x00000188   Code   RO          676    i.ModbusFunc10      modbus_conf.o
    0x08003618   0x08003618   0x0000020c   Code   RO          677    i.ModbusFunc25      modbus_conf.o
    0x08003824   0x08003824   0x0000012e   Code   RO          678    i.ModbusFunc26      modbus_conf.o
    0x08003952   0x08003952   0x00000002   PAD
    0x08003954   0x08003954   0x00000224   Code   RO          679    i.ModbusFunc27      modbus_conf.o
    0x08003b78   0x08003b78   0x000000bc   Code   RO          680    i.ModbusFunc2A      modbus_conf.o
    0x08003c34   0x08003c34   0x000001c0   Code   RO          681    i.ModbusFunc2B      modbus_conf.o
    0x08003df4   0x08003df4   0x00000068   Code   RO          682    i.ModbusFunc41      modbus_conf.o
    0x08003e5c   0x08003e5c   0x00000112   Code   RO          555    i.ModbusHandle      modbusrtu.o
    0x08003f6e   0x08003f6e   0x00000002   Code   RO          202    i.NMI_Handler       stm32f0xx_it.o
    0x08003f70   0x08003f70   0x00000038   Code   RO          845    i.PCap_Enable       picocap.o
    0x08003fa8   0x08003fa8   0x00000098   Code   RO          846    i.PCap_Init         picocap.o
    0x08004040   0x08004040   0x0000002e   Code   RO          847    i.PCap_Measure      picocap.o
    0x0800406e   0x0800406e   0x0000002e   Code   RO          848    i.PCap_PTL_Reset    picocap.o
    0x0800409c   0x0800409c   0x00000050   Code   RO          849    i.PCap_Reg_Config   picocap.o
    0x080040ec   0x080040ec   0x0000004c   Code   RO          850    i.PCap_Res_Data     picocap.o
    0x08004138   0x08004138   0x00000048   Code   RO          851    i.PCap_Res_Sta      picocap.o
    0x08004180   0x08004180   0x0000002e   Code   RO          853    i.PCap_Reset        picocap.o
    0x080041ae   0x080041ae   0x00000002   PAD
    0x080041b0   0x080041b0   0x000000a0   Code   RO          854    i.PCap_WR_SRAM      picocap.o
    0x08004250   0x08004250   0x00000002   Code   RO          203    i.PendSV_Handler    stm32f0xx_it.o
    0x08004252   0x08004252   0x0000004c   Code   RO         3646    i.SPI_EndRxTxTransaction  stm32f0xx_hal_spi.o
    0x0800429e   0x0800429e   0x00000090   Code   RO         3651    i.SPI_WaitFifoStateUntilTimeout  stm32f0xx_hal_spi.o
    0x0800432e   0x0800432e   0x0000008c   Code   RO         3652    i.SPI_WaitFlagStateUntilTimeout  stm32f0xx_hal_spi.o
    0x080043ba   0x080043ba   0x00000002   Code   RO          204    i.SVC_Handler       stm32f0xx_it.o
    0x080043bc   0x080043bc   0x00000028   Code   RO          556    i.Send_Data         modbusrtu.o
    0x080043e4   0x080043e4   0x00000038   Code   RO          557    i.SensorEvent       modbusrtu.o
    0x0800441c   0x0800441c   0x00000014   Code   RO          269    i.Sensor_ADC_Clean_Updata_Flag  adc_app.o
    0x08004430   0x08004430   0x00000044   Code   RO          271    i.Sensor_ADC_Get_TemperData  adc_app.o
    0x08004474   0x08004474   0x0000000c   Code   RO          272    i.Sensor_ADC_Get_Updata_Flag  adc_app.o
    0x08004480   0x08004480   0x00000044   Code   RO          273    i.Sensor_ADC_Init   adc_app.o
    0x080044c4   0x080044c4   0x00000088   Code   RO          274    i.Sensor_ADC_TemperParam_Init  adc_app.o
    0x0800454c   0x0800454c   0x00000188   Code   RO          414    i.Sensor_DataFilter  picocap_app.o
    0x080046d4   0x080046d4   0x00000180   Code   RO          415    i.Sensor_PCap_DataConvert  picocap_app.o
    0x08004854   0x08004854   0x00000022   Code   RO          416    i.Sensor_PCap_GetResult  picocap_app.o
    0x08004876   0x08004876   0x00000002   PAD
    0x08004878   0x08004878   0x0000000c   Code   RO          330    i.Sensor_USART_Clear_RX_Updata_Flag  usart_app.o
    0x08004884   0x08004884   0x0000000c   Code   RO          331    i.Sensor_USART_Clear_TX_Cplt_Flag  usart_app.o
    0x08004890   0x08004890   0x0000004c   Code   RO          332    i.Sensor_USART_GetReceData  usart_app.o
    0x080048dc   0x080048dc   0x0000000c   Code   RO          334    i.Sensor_USART_Get_RX_Len  usart_app.o
    0x080048e8   0x080048e8   0x0000000c   Code   RO          335    i.Sensor_USART_Get_RX_Updata_Flag  usart_app.o
    0x080048f4   0x080048f4   0x0000000c   Code   RO          336    i.Sensor_USART_Get_TX_Cplt_Flag  usart_app.o
    0x08004900   0x08004900   0x000000c8   Code   RO          337    i.Sensor_USART_Init  usart_app.o
    0x080049c8   0x080049c8   0x00000060   Code   RO          466    i.SortArrayExtreme  typeconvert.o
    0x08004a28   0x08004a28   0x00000064   Code   RO          417    i.SwitchCurFilter   picocap_app.o
    0x08004a8c   0x08004a8c   0x00000008   Code   RO          205    i.SysTick_Handler   stm32f0xx_it.o
    0x08004a94   0x08004a94   0x00000064   Code   RO           13    i.SystemClock_Config  main.o
    0x08004af8   0x08004af8   0x00000002   Code   RO         3941    i.SystemInit        system_stm32f0xx.o
    0x08004afa   0x08004afa   0x000000ca   Code   RO         3219    i.UART_AdvFeatureConfig  stm32f0xx_hal_uart.o
    0x08004bc4   0x08004bc4   0x00000060   Code   RO         3220    i.UART_CheckIdleState  stm32f0xx_hal_uart.o
    0x08004c24   0x08004c24   0x00000048   Code   RO         3222    i.UART_DMAError     stm32f0xx_hal_uart.o
    0x08004c6c   0x08004c6c   0x0000003c   Code   RO         3223    i.UART_DMAReceiveCplt  stm32f0xx_hal_uart.o
    0x08004ca8   0x08004ca8   0x0000000a   Code   RO         3225    i.UART_DMARxHalfCplt  stm32f0xx_hal_uart.o
    0x08004cb2   0x08004cb2   0x0000002e   Code   RO         3227    i.UART_DMATransmitCplt  stm32f0xx_hal_uart.o
    0x08004ce0   0x08004ce0   0x0000000a   Code   RO         3229    i.UART_DMATxHalfCplt  stm32f0xx_hal_uart.o
    0x08004cea   0x08004cea   0x00000020   Code   RO         3231    i.UART_EndRxTransfer  stm32f0xx_hal_uart.o
    0x08004d0a   0x08004d0a   0x00000010   Code   RO         3232    i.UART_EndTxTransfer  stm32f0xx_hal_uart.o
    0x08004d1a   0x08004d1a   0x00000002   PAD
    0x08004d1c   0x08004d1c   0x0000017c   Code   RO         3235    i.UART_SetConfig    stm32f0xx_hal_uart.o
    0x08004e98   0x08004e98   0x0000009c   Code   RO         3238    i.UART_WaitOnFlagUntilTimeout  stm32f0xx_hal_uart.o
    0x08004f34   0x08004f34   0x00000070   Code   RO         1123    i.USART1_IRQHandler  usart_bsp.o
    0x08004fa4   0x08004fa4   0x00000030   Code   RO         1467    i.__ARM_common_ll_muluu  stm32f0xx_hal_rcc.o
    0x08004fd4   0x08004fd4   0x0000001a   Code   RO          405    i.__ARM_common_switch8  usart_app.o
    0x08004fee   0x08004fee   0x00000002   PAD
    0x08004ff0   0x08004ff0   0x00000044   Code   RO         2392    i.__NVIC_SetPriority  stm32f0xx_hal_cortex.o
    0x08005034   0x08005034   0x000000dc   Code   RO           14    i.main              main.o
    0x08005110   0x08005110   0x0000008c   Code   RO         3992    x$fpl$fadd          fz_ps.l(faddsub.o)
    0x0800519c   0x0800519c   0x000000b0   Code   RO         4005    x$fpl$fmul          fz_ps.l(fmul.o)
    0x0800524c   0x0800524c   0x000000d0   Code   RO         3994    x$fpl$fsub          fz_ps.l(faddsub.o)
    0x0800531c   0x0800531c   0x00000000   Code   RO         4016    x$fpl$usenofp       fz_ps.l(usenofp.o)
    0x0800531c   0x0800531c   0x0000003c   Data   RO          509    .constdata          in_flash_app.o
    0x08005358   0x08005358   0x00000200   Data   RO          559    .constdata          modbusrtu.o
    0x08005558   0x08005558   0x00000008   Data   RO          683    .constdata          modbus_conf.o
    0x08005560   0x08005560   0x00000404   Data   RO          855    .constdata          picocap.o
    0x08005964   0x08005964   0x00000010   Data   RO         3942    .constdata          system_stm32f0xx.o
    0x08005974   0x08005974   0x00000008   Data   RO         3943    .constdata          system_stm32f0xx.o
    0x0800597c   0x0800597c   0x00000040   Data   RO         3999    .constdata          fz_ps.l(fdiv.o)
    0x080059bc   0x080059bc   0x00000020   Data   RO         4177    Region$$Table       anon$$obj.o


    Execution Region RW_IRAM1 (Exec base: 0x20000000, Load base: 0x080059dc, Size: 0x00001310, Max: 0x00004000, ABSOLUTE)

    Exec Addr    Load Addr    Size         Type   Attr      Idx    E Section Name        Object

    0x20000000   0x080059dc   0x0000000c   Data   RW          276    .data               adc_app.o
    0x2000000c   0x080059e8   0x00000008   Data   RW          339    .data               usart_app.o
    0x20000014   0x080059f0   0x00000001   Data   RW          419    .data               picocap_app.o
    0x20000015   0x080059f1   0x00000003   PAD
    0x20000018   0x080059f4   0x00000004   Data   RW          560    .data               modbusrtu.o
    0x2000001c   0x080059f8   0x00000024   Data   RW          684    .data               modbus_conf.o
    0x20000040   0x08005a1c   0x0000000c   Data   RW         1584    .data               stm32f0xx_hal.o
    0x2000004c   0x08005a28   0x00000004   Data   RW         3944    .data               system_stm32f0xx.o
    0x20000050        -       0x00000050   Zero   RW          275    .bss                adc_app.o
    0x200000a0        -       0x00000020   Zero   RW          338    .bss                usart_app.o
    0x200000c0        -       0x00000378   Zero   RW          418    .bss                picocap_app.o
    0x20000438        -       0x00000040   Zero   RW          558    .bss                modbusrtu.o
    0x20000478        -       0x00000800   Zero   RW          805    .bss                in_flash.o
    0x20000c78        -       0x00000064   Zero   RW          937    .bss                spi_bsp.o
    0x20000cdc        -       0x00000084   Zero   RW          991    .bss                adc_bsp.o
    0x20000d60        -       0x00000014   Zero   RW         1051    .bss                dac_bsp.o
    0x20000d74        -       0x00000010   Zero   RW         1089    .bss                iwdg_bsp.o
    0x20000d84        -       0x00000108   Zero   RW         1124    .bss                usart_bsp.o
    0x20000e8c   0x08005a2c   0x00000004   PAD
    0x20000e90        -       0x00000020   Zero   RW         2642    .bss                stm32f0xx_hal_flash.o
    0x20000eb0        -       0x00000060   Zero   RW         4050    .bss                c_p.l(libspace.o)
    0x20000f10        -       0x00000000   Zero   RW            2    HEAP                startup_stm32f072xb.o
    0x20000f10        -       0x00000400   Zero   RW            1    STACK               startup_stm32f072xb.o


==============================================================================

Image component sizes


      Code (inc. data)   RO Data    RW Data    ZI Data      Debug   Object Name

       336         48          0         12         80       3695   adc_app.o
       444         52          0          0        132       4016   adc_bsp.o
       216         30          0          0         20       2247   dac_bsp.o
       436         38          0          0       2048       4441   in_flash.o
       320         18         60          0          0       2855   in_flash_app.o
        68         24          0          0         16       1039   iwdg_bsp.o
       322          0          0          0          0     495576   main.o
      3886        214          8         36          0      18178   modbus_conf.o
       614         18        512          4         64       4423   modbusrtu.o
       734         18       1028          0          0       5483   picocap.o
      1302         48          0          1        888       5399   picocap_app.o
       276         40          0          0        100       2694   spi_bsp.o
        52         22        192          0       1024        620   startup_stm32f072xb.o
       164         30          0         12          0       8373   stm32f0xx_hal.o
      1326         54          0          0          0       8126   stm32f0xx_hal_adc.o
       176          0          0          0          0       1346   stm32f0xx_hal_adc_ex.o
       176         34          0          0          0      10780   stm32f0xx_hal_cortex.o
        70          0          0          0          0       1742   stm32f0xx_hal_dac.o
       140          4          0          0          0       1868   stm32f0xx_hal_dac_ex.o
       422         16          0          0          0       4019   stm32f0xx_hal_dma.o
       352         56          0          0         32       4578   stm32f0xx_hal_flash.o
       232         30          0          0          0       3053   stm32f0xx_hal_flash_ex.o
       356         30          0          0          0       2204   stm32f0xx_hal_gpio.o
       116         20          0          0          0       1651   stm32f0xx_hal_iwdg.o
        40          6          0          0          0        762   stm32f0xx_hal_msp.o
      1532         96          0          0          0       4793   stm32f0xx_hal_rcc.o
       288         14          0          0          0       1468   stm32f0xx_hal_rcc_ex.o
      1528          0          0          0          0       7480   stm32f0xx_hal_spi.o
      1666         72          0          0          0      13574   stm32f0xx_hal_uart.o
        16          0          0          0          0       1999   stm32f0xx_it.o
         2          0         24          4          0       1039   system_stm32f0xx.o
       224          0          0          0          0       3548   typeconvert.o
       458         66          0          8         32       5891   usart_app.o
       588         52          0          0        264       4495   usart_bsp.o

    ----------------------------------------------------------------------
     18904       1150       1856         80       4704     643455   Object Totals
         0          0         32          0          0          0   (incl. Generated)
        26          0          0          3          4          0   (incl. Padding)

    ----------------------------------------------------------------------

      Code (inc. data)   RO Data    RW Data    ZI Data      Debug   Library Member Name

         8          0          0          0          0         68   __main.o
         0          0          0          0          0          0   __rtentry.o
        12          0          0          0          0          0   __rtentry2.o
         6          0          0          0          0          0   __rtentry4.o
        60          8          0          0          0          0   __scatter.o
        26          0          0          0          0          0   __scatter_copy.o
        28          0          0          0          0          0   __scatter_zi.o
       346          0          0          0          0         92   aeabi_sdiv.o
        16          0          0          0          0         68   exit.o
         6          0          0          0          0        136   heapauxi.o
         0          0          0          0          0          0   indicate_semi.o
         2          0          0          0          0          0   libinit.o
         2          0          0          0          0          0   libinit2.o
         2          0          0          0          0          0   libshutdown.o
         2          0          0          0          0          0   libshutdown2.o
         8          4          0          0         96         68   libspace.o
       258          0          0          0          0         88   lludiv.o
        34          0          0          0          0         68   llushr.o
        64          0          0          0          0        108   rt_memclr.o
       186          0          0          0          0        144   rt_memcpy.o
         2          0          0          0          0          0   rtexit.o
        10          0          0          0          0          0   rtexit2.o
        12          4          0          0          0         60   sys_exit.o
        62          0          0          0          0         80   sys_stackheap_outer.o
         2          0          0          0          0         68   use_no_semi.o
       348          8          0          0          0        160   faddsub.o
       352         10         64          0          0         92   fdiv.o
        48          0          0          0          0         60   ffixui.o
        94          0          0          0          0         92   fflti.o
       176          4          0          0          0         80   fmul.o
         0          0          0          0          0          0   usenofp.o

    ----------------------------------------------------------------------
      2180         38         64          0         96       1532   Library Totals
         8          0          0          0          0          0   (incl. Padding)

    ----------------------------------------------------------------------

      Code (inc. data)   RO Data    RW Data    ZI Data      Debug   Library Name

      1154         16          0          0         96       1048   c_p.l
      1018         22         64          0          0        484   fz_ps.l

    ----------------------------------------------------------------------
      2180         38         64          0         96       1532   Library Totals

    ----------------------------------------------------------------------

==============================================================================


      Code (inc. data)   RO Data    RW Data    ZI Data      Debug   

     21084       1188       1920         80       4800     636539   Grand Totals
     21084       1188       1920         80       4800     636539   ELF Image Totals
     21084       1188       1920         80          0          0   ROM Totals

==============================================================================

    Total RO  Size (Code + RO Data)                23004 (  22.46kB)
    Total RW  Size (RW Data + ZI Data)              4880 (   4.77kB)
    Total ROM Size (Code + RO Data + RW Data)      23084 (  22.54kB)

==============================================================================

